04-25 15:42:51.699  1732  2372 I MiuiNetworkPolicy: updateUidState uid = 10166, uidState = 19
04-25 15:42:51.720  1732  1918 D Persistence: writeHistoricalOpsDLocked 8 ms.
04-25 15:42:51.743  1732  2324 V AlarmManager: Triggering alarm #0: Alarm{ae7ea98 type 2 origWhen 2009007831 whenElapsed 2009007831 android}
04-25 15:42:51.744  1732  1918 D Persistence: writeHistoricalOpsDLocked 8 ms.
04-25 15:42:51.776  1000  1261 I SDM     : StrategyImpl::SetIdleTimeoutMs: Idle timeout: active = 1100, inactive = 520
04-25 15:42:51.790  1732  1763 W System  : A resource failed to call close. 
04-25 15:42:51.790  1732  1763 W System  : A resource failed to call release. 
04-25 15:42:51.790  1732  1763 W System  : A resource failed to call close. 
04-25 15:42:51.790  1732  1763 W System  : A resource failed to call release. 
04-25 15:42:51.790  1732  1763 W System  : A resource failed to call close. 
04-25 15:42:51.790  1732  1763 W System  : A resource failed to call release. 
04-25 15:42:52.307  1732  4883 W ProcessStats: Tracking association SourceState{3e31854 com.miui.analytics/10095 BTopFgs #2436043} whose proc state 2 is better than process ProcessState{6c5765d com.miui.securitycenter.remote/1000 pkg=com.miui.securitycenter} proc state 3 (20 skipped)
04-25 15:42:52.886  1000  1261 I SDM     : StrategyImpl::SetIdleTimeoutMs: Idle timeout: active = 1100, inactive = 520
04-25 15:42:53.898  1732  4139 I BatteryService: current mPlugType2current mHealthInfo.batteryLevel56current mHealthInfo.batteryTemperature367
04-25 15:42:53.902  5990  6176 D ThermalIECHandler: storeDataStyle: thermal_iec_monitor_persistence_data_style_iec_state; startIECTime: -1; IECScreenOffOverPeriodTime: 2007130621
04-25 15:42:53.905  4557  4557 I PowerUtils: getSurfaceTemprature temp: 39
04-25 15:42:53.906  4557  4557 I PowerSaveService: onReceive: android.intent.action.BATTERY_CHANGED
04-25 15:42:53.906  4557  4557 I PowerNoticeUI: handleBatteryChanged oldPlugType 2 mPlugType 2 oldBatteryLevel 56 mBatteryLevel 56 temperature 367
04-25 15:42:53.907  4557  4557 I ChargerBatteryIntelligenceReceiver: onBatteryChanged temperature：36,plugType:2
04-25 15:42:53.907  5990  6164 D PowerCheckerService: onBatteryChanged, mBatteryLevel = 56, status = 2, level = 56, plug = 2, scale = 100
04-25 15:42:53.909  5990  6091 D PowerKeeper.Thermal: mBatteryTemperature: 36
04-25 15:42:53.911  2873  2873 V DeviceStatisticsService: chargerType=2 batteryLevel=56 totalBatteryCapacity=2514800
04-25 15:42:54.044 17388 17388 D BoundBrokerSvc: onUnbind: Intent { act=com.google.android.gms.common.BIND_SHARED_PREFS pkg=com.google.android.gms }
04-25 15:42:54.176  1732  2324 V AlarmManager: Triggering alarm #0: Alarm{97ca557 type 1 origWhen 1777106569243 whenElapsed 2009010263 com.chat2goo.app}
04-25 15:42:54.186  1732  2046 D CompatibilityInfo: mCompatibilityFlags - 0
04-25 15:42:54.186  1732  2046 D CompatibilityInfo: applicationDensity - 432
04-25 15:42:54.186  1732  2046 D CompatibilityInfo: applicationScale - 1.0
04-25 15:42:54.195 29428 29428 V Capacitor/LocalNotificationsPlugin: Notifying listeners for event localNotificationReceived
04-25 15:42:54.195 29428 29428 D Capacitor/LocalNotificationsPlugin: No listeners found for event localNotificationReceived
04-25 15:42:54.419  1732  1732 W NotificationHistory: Attempted to add notif for locked/gone/disabled user 0
04-25 15:42:54.430  5545  5545 W FirebaseRemoteConfig: No value of type 'FirebaseRemoteConfigValue' exists for parameter key 'enable_push_monitor_broadcast'.
04-25 15:42:54.442  4325  4325 D MiBarrage: No barrage: not in game scene or in video scene
04-25 15:42:54.452  2922  2922 D InterruptionStateProvider: No bubble up: not allowed to bubble: 0|com.chat2goo.app|836110|null|10488
04-25 15:42:54.455  2922  2922 D MiuiBarrageController: IsGameMode:false BarrageSwitch:false BarragePermissionEnabled true
04-25 15:42:54.455  2922  2922 D MiuiBarrageController: bApps: bSwitch:false	bPermissionEnabled false
04-25 15:42:54.455  2922  2922 W NotifBindPipeline: Row is not set so pipeline will not run. notif = 0|com.chat2goo.app|836110|null|10488
04-25 15:42:54.456  2922  3116 D PeopleSpaceWidgetMgr: Sbn doesn't contain valid PeopleTileKey: null/0/com.chat2goo.app
04-25 15:42:54.462  2922  2922 D InterruptionStateProvider: No bubble up: not allowed to bubble: 0|com.chat2goo.app|836110|null|10488
04-25 15:42:54.462  2922  2922 D InterruptionStateProvider: No alerting: suppressed due to group alert behavior
04-25 15:42:54.463  2922  2922 D InterruptionStateProvider: No bubble up: not allowed to bubble: 0|com.chat2goo.app|476851|null|10488
04-25 15:42:54.463  2922  2922 D InterruptionStateProvider: No bubble up: not allowed to bubble: 0|com.chat2goo.app|17363|null|10488
04-25 15:42:54.463  2922  2922 D InterruptionStateProvider: No alerting: suppressed due to group alert behavior
04-25 15:42:54.463  2922  2922 D InterruptionStateProvider: No bubble up: not allowed to bubble: 0|com.facebook.katana|744319504|null|10239
04-25 15:42:54.463  2922  2922 D InterruptionStateProvider: No bubble up: not allowed to bubble: 0|com.facebook.katana|744204923|null|10239
04-25 15:42:54.463  2922  2922 D InterruptionStateProvider: No bubble up: not allowed to bubble: 0|com.facebook.katana|742362192|null|10239
04-25 15:42:54.463  2922  2922 D InterruptionStateProvider: No bubble up: not allowed to bubble: 0|com.facebook.katana|739674469|null|10239
04-25 15:42:54.463  2922  2922 D InterruptionStateProvider: No alerting: suppressed due to group alert behavior
04-25 15:42:54.464  2922  2922 D InterruptionStateProvider: No bubble up: not allowed to bubble: -1|android|26|null|1000
04-25 15:42:54.464  2922  2922 D InterruptionStateProvider: No bubble up: not allowed to bubble: -1|android|32|null|1000
04-25 15:42:54.485  1000  1261 I SDM     : StrategyImpl::SetIdleTimeoutMs: Idle timeout: active = 1100, inactive = 520
04-25 15:42:54.528  2922  3116 D NotificationProvider: call method=updateNotificationUsageInfo extras=Bundle[{packageName=com.chat2goo.app}]
04-25 15:42:54.548  1732  1769 I QuietUtils: type:5, flags:0, cpkg:android
04-25 15:42:54.552  1732  1769 E ActivityManager: Sending non-protected broadcast android.intent.action.APPLICATION_MESSAGE_UPDATE from system 2922:com.android.systemui/1000 pkg com.android.systemui
04-25 15:42:54.552  1732  1769 E ActivityManager: java.lang.Throwable
04-25 15:42:54.552  1732  1769 E ActivityManager: 	at com.android.server.am.ActivityManagerService.checkBroadcastFromSystem(ActivityManagerService.java:13186)
04-25 15:42:54.552  1732  1769 E ActivityManager: 	at com.android.server.am.ActivityManagerService.broadcastIntentLocked(ActivityManagerService.java:13791)
04-25 15:42:54.552  1732  1769 E ActivityManager: 	at com.android.server.am.ActivityManagerService.broadcastIntentLocked(ActivityManagerService.java:13204)
04-25 15:42:54.552  1732  1769 E ActivityManager: 	at com.android.server.am.ActivityManagerService.broadcastIntentWithFeature(ActivityManagerService.java:14045)
04-25 15:42:54.552  1732  1769 E ActivityManager: 	at android.app.IActivityManager$Stub.onTransact(IActivityManager.java:2439)
04-25 15:42:54.552  1732  1769 E ActivityManager: 	at com.android.server.am.ActivityManagerService.onTransact(ActivityManagerService.java:2559)
04-25 15:42:54.552  1732  1769 E ActivityManager: 	at android.os.Binder.execTransactInternal(Binder.java:1187)
04-25 15:42:54.552  1732  1769 E ActivityManager: 	at android.os.Binder.execTransact(Binder.java:1146)
04-25 15:42:54.555  1732  2046 I DropBoxManagerService: add tag=system_server_wtf isTagEnabled=true flags=0x2
04-25 15:42:54.557  1732  2046 W DropBoxManagerService: Dropping: system_server_wtf (1265 > 0 bytes)
04-25 15:42:54.559  2926  3003 I Launcher.ApplicationsMessage: onReceive true
04-25 15:42:54.559  2926  3003 I Launcher.ApplicationsMessage: update com.chat2goo.app/ to 3
04-25 15:42:54.561  2922  2922 D StatusBar: disable<e i a s b h r c s > disable2<q i n >
04-25 15:42:54.561  2922  2922 D CollapsedStatusBarFragment: adjustDisableFlags: mStatusBarView.getState() = 1 mHideIconsForBouncer = false mWereIconsJustHidden = false, mWakeUpCoordinator.getNotificationsFullyHidden = false, mIsExpanded = false, mBypassController.getBypassEnabled = false, mStatusBarStateController.getState() = 0, mKeyguardStateController.isKeyguardGoingAway() = false, mHeadsUpManager.hasPinnedHeadsUp = true, mIsLaunchAnimationRunning = false, mHideIconsDuringLaunchAnimation = false, isFullWidth()true, mShowIconsWhenExpanded = true, mControlPanelExpand = false
04-25 15:42:54.562  1732  4272 I ProcessManager: registerForegroundWindowListener, caller=2922, listener=miui.process.IForegroundWindowListener$Stub$Proxy@362833f
04-25 15:42:54.562  2922  2922 W TouchableRegionManager: onHeadsUpPinnedModeChanged
04-25 15:42:54.567  1488   628 D NuPlayerDriver: NuPlayerDriver(0xf7713640) created, clientPid(2922)
04-25 15:42:54.579  1488  2738 D GenericSource: FileSource remote
04-25 15:42:54.580  1732  1769 I WindowManagerService: Physical orientation not applied, rotation=0
04-25 15:42:54.585  1485 12894 I MMParserExtractor: Created(0xb400007bb3824a40)
04-25 15:42:54.589  1485 29117 D MediaBufferGroup: creating MemoryDealer
04-25 15:42:54.596  1732  4883 I MediaFocusControl: requestAudioFocus() from uid/pid 1000/2922 AA=USAGE_NOTIFICATION/CONTENT_TYPE_SONIFICATION clientId=android.media.AudioManager@8f6d87c callingPack=com.android.systemui req=3 flags=0x0 sdk=31
04-25 15:42:54.597  1732  4883 I AudioService.FadeOutManager: unfadeOutUid() uid:1000
04-25 15:42:54.597  2922  3116 I BoostHelper: boost: add myTid: 2922
04-25 15:42:54.597  2922  3116 I BoostHelper: boost: add mRenderThreadTid: 3355
04-25 15:42:54.598  2922  3116 I BoostHelper: boostThreadLegacy sched thread [2922, 3355] is run,mod=6
04-25 15:42:54.604  1732  1769 I WindowManagerService: Physical orientation not applied, rotation=0
04-25 15:42:54.619  1732  4883 D WindowManager: finishDrawingLocked: mDrawState=COMMIT_DRAW_PENDING Window{41de6a4 u0 NotificationShade} in Surface(name=NotificationShade)/@0x615d155
04-25 15:42:55.057  1046  1046 D vendor.hardware.vibratorfeature: Vibrator on for timeoutMs: 350
04-25 15:42:55.058  1046  2742 D vendor.hardware.vibratorfeature: Starting on on another thread
04-25 15:42:55.059  1046  1046 D vendor.hardware.vibratorfeature: Vibrator set amplitude: 1.000000
04-25 15:42:55.100  1732  1732 D MediaRouter: onRestoreRoute() : route=RouteInfo{ name=Ponsel, description=null, status=null, category=RouteCategory{ name=Sistem types=ROUTE_TYPE_LIVE_AUDIO ROUTE_TYPE_LIVE_VIDEO  groupable=false }, supportedTypes=ROUTE_TYPE_LIVE_AUDIO ROUTE_TYPE_LIVE_VIDEO , presentationDisplay=null }
04-25 15:42:55.100  1732  1732 V MediaRouter: Selecting route: RouteInfo{ name=Ponsel, description=null, status=null, category=RouteCategory{ name=Sistem types=ROUTE_TYPE_LIVE_AUDIO ROUTE_TYPE_LIVE_VIDEO  groupable=false }, supportedTypes=ROUTE_TYPE_LIVE_AUDIO ROUTE_TYPE_LIVE_VIDEO , presentationDisplay=null }
04-25 15:42:55.101  1488  2737 I GenericSource: start
04-25 15:42:55.104  1488  2737 W Utils   : track of type 'audio/raw' does not publish channel mask, channel count 2
04-25 15:42:55.109  1488  2737 W Utils   : track of type 'audio/raw' does not publish channel mask, channel count 2
04-25 15:42:55.113   989 29104 D audio_hw_primary: adev_get_parameters:is_hw_dec_session_available
04-25 15:42:55.113   989 29104 D audio_hw_spkr_prot: fbsp_get_parameters: Speaker protection disabled
04-25 15:42:55.113   989 29104 D soundtrigger: audio_extn_sound_trigger_get_parameters input string<is_hw_dec_session_available=>
04-25 15:42:55.113   989 29104 D soundtrigger: extract_sm_handle input string <is_hw_dec_session_available=> param string <is_hw_dec_session_available=>
04-25 15:42:55.113   989 29104 D audio_hw_extn: audio_extn_fm_get_parameters: Enter
04-25 15:42:55.113   989 29104 D audio_hw_extn: audio_extn_get_parameters: returns 
04-25 15:42:55.114   989 29104 D audio_hw_primary: adev_get_parameters: exit: returns - 
04-25 15:42:55.114  1103  6720 I hash_map_utils: system/bt/osi/src/hash_map_utils.cc:81 hash_map_utils_dump_string_keys_string_values: key: 'is_hw_dec_session_available' value: 'audio/raw'
04-25 15:42:55.119  1488  2745 D CCodec  : allocate(c2.android.raw.decoder)
04-25 15:42:55.124  1488  2745 I CCodec  : setting up 'default' as default (vendor) store
04-25 15:42:55.133  1559  9777 D BufferPoolAccessor2.0: bufferpool2 0xb400006f95746428 : 0(0 size) total buffers - 0(0 size) used buffers - 0/0 (recycle/alloc) - 0/0 (fetch/transfer)
04-25 15:42:55.133  1488  2389 D BufferPoolAccessor2.0: bufferpool2 0xf785f6d8 : 0(0 size) total buffers - 0(0 size) used buffers - 4/12 (recycle/alloc) - 7/16 (fetch/transfer)
04-25 15:42:55.134  1488  2389 D BufferPoolAccessor2.0: Destruction - bufferpool2 0xf785f6d8 cached: 0/0M, 0/0% in use; allocs: 12, 33% recycled; transfers: 16, 56% unfetched
04-25 15:42:55.136  1488  2745 I CCodec  : Created component [c2.android.raw.decoder]
04-25 15:42:55.136  1488  2745 D CCodecConfig: read media type: audio/raw
04-25 15:42:55.143  1488  2745 D ReflectedParamUpdater: extent() != 1 for single value type: algo.buffers.max-count.values
04-25 15:42:55.144  1488  2745 D ReflectedParamUpdater: extent() != 1 for single value type: output.subscribed-indices.values
04-25 15:42:55.145  1488  2745 D ReflectedParamUpdater: extent() != 1 for single value type: input.buffers.allocator-ids.values
04-25 15:42:55.145  1488  2745 D ReflectedParamUpdater: extent() != 1 for single value type: output.buffers.allocator-ids.values
04-25 15:42:55.146  1488  2745 D ReflectedParamUpdater: extent() != 1 for single value type: algo.buffers.allocator-ids.values
04-25 15:42:55.146  1488  2745 D ReflectedParamUpdater: extent() != 1 for single value type: output.buffers.pool-ids.values
04-25 15:42:55.146  1488  2745 D ReflectedParamUpdater: extent() != 1 for single value type: algo.buffers.pool-ids.values
04-25 15:42:55.150  1488  2745 I CCodecConfig: query failed after returning 8 values (BAD_INDEX)
04-25 15:42:55.150  1488  2745 D CCodecConfig: c2 config diff is Dict {
04-25 15:42:55.150  1488  2745 D CCodecConfig:   c2::u32 coded.bitrate.value = 64000
04-25 15:42:55.150  1488  2745 D CCodecConfig:   c2::u32 input.buffers.max-size.value = 65536
04-25 15:42:55.150  1488  2745 D CCodecConfig:   c2::u32 input.delay.value = 0
04-25 15:42:55.150  1488  2745 D CCodecConfig:   string input.media-type.value = "audio/raw"
04-25 15:42:55.150  1488  2745 D CCodecConfig:   string output.media-type.value = "audio/raw"
04-25 15:42:55.150  1488  2745 D CCodecConfig:   c2::u32 raw.channel-count.value = 2
04-25 15:42:55.150  1488  2745 D CCodecConfig:   c2::u32 raw.pcm-encoding.value = 0
04-25 15:42:55.150  1488  2745 D CCodecConfig:   c2::u32 raw.sample-rate.value = 44100
04-25 15:42:55.150  1488  2745 D CCodecConfig: }
04-25 15:42:55.152  1488  2745 D MediaCodec: flushMediametrics
04-25 15:42:55.153  1488  2745 D CCodec  : [c2.android.raw.decoder] buffers are bound to CCodec for this session
04-25 15:42:55.153  1488  2745 D CCodecConfig: no c2 equivalents for durationUs
04-25 15:42:55.153  1488  2745 D CCodecConfig: no c2 equivalents for language
04-25 15:42:55.153  1488  2745 D CCodecConfig: no c2 equivalents for bits-per-sample
04-25 15:42:55.153  1488  2745 D CCodecConfig: no c2 equivalents for channel-mask
04-25 15:42:55.153  1488  2745 D CCodecConfig: no c2 equivalents for file-format
04-25 15:42:55.153  1488  2745 D CCodecConfig: no c2 equivalents for flags
04-25 15:42:55.153  1559  9777 E Codec2-ComponentInterface: We have a failed config
04-25 15:42:55.154  1488  2745 D CCodecConfig: config failed => CORRUPTED
04-25 15:42:55.154  1488  2745 W Codec2Client: query -- param skipped: index = 1107298332.
04-25 15:42:55.154  1488  2745 D CCodec  : client requested max input size 32768, which is smaller than what component recommended (65536); overriding with component recommendation.
04-25 15:42:55.154  1488  2745 W CCodec  : This behavior is subject to change. It is recommended that app developers double check whether the requested max input size is in reasonable range.
04-25 15:42:55.154  1488  2745 D CCodec  : setup formats input: AMessage(what = 0x00000000) = {
04-25 15:42:55.154  1488  2745 D CCodec  :   int32_t android._codec-pcm-encoding = 2
04-25 15:42:55.154  1488  2745 D CCodec  :   int32_t bitrate = 64000
04-25 15:42:55.154  1488  2745 D CCodec  :   int32_t channel-count = 2
04-25 15:42:55.154  1488  2745 D CCodec  :   int32_t max-input-size = 65536
04-25 15:42:55.154  1488  2745 D CCodec  :   string mime = "audio/raw"
04-25 15:42:55.154  1488  2745 D CCodec  :   int32_t pcm-encoding = 2
04-25 15:42:55.154  1488  2745 D CCodec  :   int32_t sample-rate = 44100
04-25 15:42:55.154  1488  2745 D CCodec  : }
04-25 15:42:55.154  1488  2745 D CCodec  : setup formats output: AMessage(what = 0x00000000) = {
04-25 15:42:55.154  1488  2745 D CCodec  :   int32_t android._codec-pcm-encoding = 2
04-25 15:42:55.154  1488  2745 D CCodec  :   int32_t channel-count = 2
04-25 15:42:55.154  1488  2745 D CCodec  :   string mime = "audio/raw"
04-25 15:42:55.154  1488  2745 D CCodec  :   int32_t pcm-encoding = 2
04-25 15:42:55.154  1488  2745 D CCodec  :   int32_t sample-rate = 44100
04-25 15:42:55.154  1488  2745 D CCodec  :   int32_t channel-mask = 0
04-25 15:42:55.154  1488  2745 D CCodec  :   int32_t android._config-pcm-encoding = 2
04-25 15:42:55.154  1488  2745 D CCodec  : }
04-25 15:42:55.155  1488  2745 I CCodecConfig: query failed after returning 8 values (BAD_INDEX)
04-25 15:42:55.156  1488  2745 I MediaCodec: MediaCodec will operate in async mode
04-25 15:42:55.156  1488  2744 D MediaCodec: keep callback message for reclaim
04-25 15:42:55.157  1488  2745 W Codec2Client: query -- param skipped: index = 1342179345.
04-25 15:42:55.157  1488  2745 W Codec2Client: query -- param skipped: index = 2415921170.
04-25 15:42:55.158  1488  2745 D CCodecBufferChannel: [c2.android.raw.decoder#286] Created input block pool with allocatorID 16 => poolID 2480 - OK (0)
04-25 15:42:55.160  1488  2745 I CCodecBufferChannel: [c2.android.raw.decoder#286] Created output block pool with allocatorID 16 => poolID 9158 - OK
04-25 15:42:55.160  1488  2745 D CCodecBufferChannel: [c2.android.raw.decoder#286] Configured output block pool ids 9158 => OK
04-25 15:42:55.161  1559  9777 E Codec2-ComponentInterface: We have a failed config
04-25 15:42:55.161  1488  2745 D CCodecBufferChannel: [c2.android.raw.decoder#286] start: updating output delay 0
04-25 15:42:55.163  1559  2746 D SimpleC2Component: Using output block pool with poolID 9158 => got 9158 - 0
04-25 15:42:55.171  1488  2744 I ExtendedNuUtils: Overriding bit-width: with src value 16
04-25 15:42:55.171  1488  2744 I ExtendedNuUtils: Overriding durationUs: with 64 bit src value 1329000
04-25 15:42:55.171  1488  2744 I ExtendedNuUtils: Both src and dst missing for channel-mask
04-25 15:42:55.184  1103  4112 D APM_AudioPolicyManager: getOutputForAttrInt() attributes={ Content type: AUDIO_CONTENT_TYPE_SONIFICATION Usage: AUDIO_USAGE_NOTIFICATION Source: AUDIO_SOURCE_INVALID Flags: 0x800 Tags:  } stream=AUDIO_STREAM_NOTIFICATION session 43401 selectedDeviceId 0
04-25 15:42:55.184  1103  4112 D APM_AudioPolicyManager: getOutputForAttrInt() device {type:0x2,@:}, sampling rate 44100, format 0x1, channel mask 0x3, flags 0x2 stream AUDIO_STREAM_NOTIFICATION
04-25 15:42:55.185   989 29104 D audio_hw_primary: adev_get_parameters:vr_audio_mode_on
04-25 15:42:55.185   989 29104 I audio_hw_primary: getting vr mode to 0
04-25 15:42:55.185   989 29104 D audio_hw_primary: adev_get_parameters: exit: returns - vr_audio_mode_on=false
04-25 15:42:55.185  1103  4112 I hash_map_utils: system/bt/osi/src/hash_map_utils.cc:81 hash_map_utils_dump_string_keys_string_values: key: 'vr_audio_mode_on' value: ''
04-25 15:42:55.188  1103  4112 D APM_AudioPolicyManager: getOutputForAttrInt returns output 13 selectedDeviceId 3
04-25 15:42:55.189  1103  4112 D APM_AudioPolicyManager: getOutputForAttr() returns output 13 requestedPortId 0 selectedDeviceId 3 for port ID 6455
04-25 15:42:55.190  1103  4112 D AudioFlinger: Client defaulted notificationFrames to 11025 for frameCount 22050
04-25 15:42:55.192  1103  4112 D AF::TrackHandle: OpPlayAudio: track:6331 usage:5 not muted
04-25 15:42:55.201  1103  1517 W AudioFlinger: The package name(android) provided does not correspond to the uid 1041
04-25 15:42:55.208   989  1055 I EffectsFactory: EffectCreate() create_effect
04-25 15:42:55.211   989 29104 D audio_hw_primary: out_set_parameters: enter: usecase(1: low-latency-playback) kvpairs: appname=+com.android.inputdevices
04-25 15:42:55.211   989 29104 D audio_hw_extn: audio_extn_fm_set_parameters: Enter
04-25 15:42:55.211   989 29104 D audio_hw_hfp: hfp_set_parameters: enter
04-25 15:42:55.212  1103  1517 D APM_AudioPolicyManager: startOutput() output 13, stream 5, session 43401 appname com.android.inputdevices
04-25 15:42:55.212  1103  1517 D APM_AudioPolicyManager: getNewOutputDevices selected devices {type:0x2,@:}
04-25 15:42:55.213  1103  1517 D APM_AudioPolicyManager: setOutputDevices device {type:0x2,@:} delayMs 0
04-25 15:42:55.213  1103  1517 D APM_AudioPolicyManager: setOutputDevices() prevDevice {type:0x2,@:}
04-25 15:42:55.213  1103  1517 D APM_AudioPolicyManager: setOutputDevices setting same device {type:0x2,@:} or null device, force=0, patch handle=4
04-25 15:42:55.213  1103  6720 E AudioFlinger: open /proc/1488/cmdline error
04-25 15:42:55.213  1103  6720 I AudioFlinger: setAppName(), name=[], active=[1]
04-25 15:42:55.213   989 29104 V EffectMiSound: MiSound_command() start, cmdCode=24
04-25 15:42:55.214   989 29104 V EffectMiSound: MiSound_Command EFFECT_CMD_SET_APP_NAME: stream=5, name=+
04-25 15:42:55.215   989 29104 E volume_listener: check_and_set_gain_dep_cal: Failed to set gain dep cal level
04-25 15:42:55.216   989  2598 D audio_hw_primary: start_output_stream: enter: stream(0xea5d7000)usecase(1: low-latency-playback) devices(0x2) is_haptic_usecase(0)
04-25 15:42:55.216   989  2598 D audio_hw_primary: select_devices for use case (low-latency-playback)
04-25 15:42:55.217   989  2598 I msm8974_platform: platform_check_and_set_codec_backend_cfg:becf: afe: bitwidth 24, samplerate 48000 channels 2, backend_idx 4 usecase = 1 device (speaker)
04-25 15:42:55.217   989  2598 D msm8974_platform: platform_split_snd_device: snd_device(2) num devices(1) new_snd_devices(0)
04-25 15:42:55.217   989  2598 I msm8974_platform: platform_check_and_set_codec_backend_cfg: new_snd_devices[0] is 2
04-25 15:42:55.217   989  2598 I msm8974_platform: platform_check_codec_backend_cfg:becf: afe: bitwidth 24, samplerate 48000 channels 2, backend_idx 4 usecase = 1 device (speaker)
04-25 15:42:55.219   989  2598 D audio_hw_extn: audio_extn_enable_hifi_filter: mixer_value set 0
04-25 15:42:55.220   989  2598 D msm8974_platform: platform_check_codec_backend_cfg:becf: updated afe: bitwidth 24, samplerate 48000 channels 2,backend_idx 4 usecase = 1 device (speaker)
04-25 15:42:55.220   989  2598 D msm8974_platform: platform_check_codec_backend_cfg:becf: afe: reset bitwidth to 24 (based on supported value for this platform)
04-25 15:42:55.220   989  2598 D msm8974_platform: platform_check_codec_backend_cfg:becf: afe: playback on codec device not supporting native playback set default Sample Rate(48k)
04-25 15:42:55.220   989  2598 I msm8974_platform: platform_check_codec_backend_cfg:becf: afe: Codec selected backend: 4 updated bit width: 24 and sample rate: 48000
04-25 15:42:55.220   989  2598 D audio_hw_primary: check_usecases_codec_backend:becf: force routing 0
04-25 15:42:55.220   989  2598 E msm8974_platform: platform_check_backends_match: Invalid snd_device = 
04-25 15:42:55.220   989  2598 D audio_hw_primary: check_usecases_codec_backend:becf: (79) check_usecases curr device: speaker, usecase device: backends match 0
04-25 15:42:55.220   989  2598 D audio_hw_primary: check_usecases_codec_backend:becf: check_usecases num.of Usecases to switch 0
04-25 15:42:55.220   989  2598 D hardware_info: hw_info_append_hw_type : device_name = speaker
04-25 15:42:55.220   989  2598 W libc    : Access denied finding property "tas.smartpa.debug.disable"
04-25 15:42:55.220   989  2598 D soundtrigger: audio HAL using same device 246 as ST
04-25 15:42:55.220   989  2598 D soundtrigger: audio_extn_sound_trigger_update_stream_status: uc_info->id 78 of type 1 for Event 3, with Raise=0
04-25 15:42:55.220   989  2598 D audio_hw_utils: audio_extn_utils_send_app_type_cfg: usecase->in_snd_device (null)
04-25 15:42:55.220   989  2598 E voice   : voice_is_in_call_rec_stream: input stream is NULL
04-25 15:42:55.221   989  2598 D msm8974_platform: platform_split_snd_device: snd_device(246) num devices(0) new_snd_devices(0)
04-25 15:42:55.221   989  2598 E audio_hw_utils: send_app_type_cfg_for_device: Could not get ctl for mixer cmd - Audio Stream Capture 37 App Type Cfg
04-25 15:42:55.214   989   989 W writer  : type=1400 audit(0.0:1431169): avc: denied { read } for name="u:object_r:default_prop:s0" dev="tmpfs" ino=2226 scontext=u:r:hal_audio_default:s0 tcontext=u:object_r:default_prop:s0 tclass=file permissive=0
04-25 15:42:55.221   989  2598 D msm8974_platform: platform_split_snd_device: snd_device(246) num devices(1) new_snd_devices(0)
04-25 15:42:55.221   989  2598 D ACDB-LOADER: ACDB -> send_audio_cal, acdb_id = 102, path = 1, app id = 0x11132, sample rate = 48000, afe_sample_rate = 48000
04-25 15:42:55.221   989  2598 D ACDB-LOADER: ACDB -> send_asm_topology
04-25 15:42:55.221   989  2598 D ACDB-LOADER: ACDB -> ACDB_CMD_GET_AUDPROC_STREAM_TOPOLOGY_ID
04-25 15:42:55.221   989  2598 D ACDB-LOADER: ACDB -> send_adm_topology
04-25 15:42:55.221   989  2598 D ACDB-LOADER: ACDB -> ACDB_CMD_GET_AUDPROC_COMMON_TOPOLOGY_ID
04-25 15:42:55.221   989  2598 D ACDB-LOADER: ACDB -> send_audtable
04-25 15:42:55.221   989  2598 D ACDB-LOADER: ACDB -> ACDB_CMD_GET_AUDPROC_INSTANCE_COMMON_TABLE_SIZE
04-25 15:42:55.221   989  2598 D ACDB-LOADER: ACDB -> ACDB_CMD_GET_AUDPROC_INSTANCE_COMMON_TABLE
04-25 15:42:55.221   989  2598 D ACDB-LOADER: ACDB -> AUDIO_SET_AUDPROC_CAL cal_type[11] acdb_id[102] app_type[69938]
04-25 15:42:55.221   989  2598 D ACDB-LOADER: ACDB -> ACDB_CMD_GET_AUDPROC_INSTANCE_STREAM_TABLE_SIZE
04-25 15:42:55.221   989  2598 D ACDB-LOADER: ACDB -> send_audstrmtable
04-25 15:42:55.221   989  2598 D ACDB-LOADER: ACDB -> ACDB_CMD_GET_AUDPROC_INSTANCE_STREAM_TABLE
04-25 15:42:55.221   989  2598 D ACDB-LOADER: ACDB -> audstrm_cal->cal_type.cal_data.cal_size = 20
04-25 15:42:55.221   989  2598 D ACDB-LOADER: ACDB -> send_afe_topology
04-25 15:42:55.221   989  2598 D ACDB-LOADER: ACDB -> ACDB_CMD_GET_AFE_TOPOLOGY_ID
04-25 15:42:55.221   989  2598 D ACDB-LOADER: ACDB -> GET_AFE_TOPOLOGY_ID for adcd_id 102, Topology Id 1001025c
04-25 15:42:55.222   989  2598 D ACDB-LOADER: ACDB -> send_afe_cal
04-25 15:42:55.222   989  2598 D ACDB-LOADER: ACDB -> ACDB_CMD_GET_AFE_INSTANCE_COMMON_TABLE_SIZE
04-25 15:42:55.222   989  2598 D ACDB-LOADER: ACDB -> ACDB_CMD_GET_AFE_INSTANCE_COMMON_TABLE
04-25 15:42:55.222   989  2598 D ACDB-LOADER: ACDB -> AUDIO_SET_AFE_CAL cal_type[17] acdb_id[102]
04-25 15:42:55.222   989  2598 D ACDB-LOADER: ACDB -> send_hw_delay : acdb_id = 102 path = 1
04-25 15:42:55.222   989  2598 D ACDB-LOADER: ACDB -> ACDB_AVSYNC_INFO: ACDB_CMD_GET_DEVICE_PROPERTY
04-25 15:42:55.222   989  2598 D audio_hw_primary: enable_audio_route: apply mixer and update path: tas-iv-capture
04-25 15:42:55.222   989  2598 D audio_route: Apply path: tas-iv-capture
04-25 15:42:55.227  1541  1705 I adsprpcd: vendor/qcom/proprietary/adsprpc/src/apps_std_imp.c:868: Successfully opened file /vendor/lib/rfsa/adsp/tas25xx_TI_0.bin
04-25 15:42:55.266  1541  1705 W adsprpcd: vendor/qcom/proprietary/adsprpc/src/apps_std_imp.c:881: Warning: apps_std_fopen_with_env failed with 0x2 for __tisa3p0_modules_control.conf (No such file or directory)
04-25 15:42:55.271   989  2598 V TI-SmartPA: TAS25XX_SMARTPA_ENABLE:  1
04-25 15:42:55.264   989   989 W writer  : type=1400 audit(0.0:1431170): avc: denied { read } for name="u:object_r:default_prop:s0" dev="tmpfs" ino=2226 scontext=u:r:hal_audio_default:s0 tcontext=u:object_r:default_prop:s0 tclass=file permissive=0
04-25 15:42:55.264   989   989 W writer  : type=1400 audit(0.0:1431171): avc: denied { read } for name="u:object_r:default_prop:s0" dev="tmpfs" ino=2226 scontext=u:r:hal_audio_default:s0 tcontext=u:object_r:default_prop:s0 tclass=file permissive=0
04-25 15:42:55.274   989  2598 V TI-SmartPA: TAS25XX_ALGO_PROFILE:  1
04-25 15:42:55.274   989  2598 I TI-SmartPA: tas_spk_prot_process: enable_sa_path done!!
04-25 15:42:55.274   989  2598 W libc    : Access denied finding property "tas.smartpa.debug.txdevice"
04-25 15:42:55.274   989  2598 I TI-SmartPA: tas_spk_prot_process: Using PCM device 37
04-25 15:42:55.274   989  2598 W libc    : Access denied finding property "tas.smartpa.debug.txformat24"
04-25 15:42:55.276   989  2598 V TI-SmartPA: TERT_MI2S_TX Format: S24_LE 0
04-25 15:42:55.276   989  2598 E TI-SmartPA: Using 24 bit playback
04-25 15:42:55.276   989  2598 I TI-SmartPA: tas_spk_prot_process: Tx format = 24 bit
04-25 15:42:55.295   989  2598 I TI-SmartPA: tas_spk_prot_process: Feedback Enabled Successfully
04-25 15:42:55.295   989  2598 D msm8974_platform: platform_split_snd_device: snd_device(2) num devices(0) new_snd_devices(0)
04-25 15:42:55.295   989  2598 D audio_hw_primary: enable_snd_device: snd_device(2: speaker)
04-25 15:42:55.295   989  2598 D msm8974_platform: platform_get_island_cfg_on_device:island cfg status on snd_device = (speaker 0)
04-25 15:42:55.295   989  2598 I soundtrigger: audio_extn_sound_trigger_update_device_status: device 0x2 of type 0 for Event 1, with Raise=0
04-25 15:42:55.295   989  2598 D audio_route: Apply path: speaker
04-25 15:42:55.308   989  2598 I audio_hw_utils: audio_extn_utils_update_stream_output_app_type_cfg Allowing 24 and above bits playback on speaker ONLY at default sampling rate
04-25 15:42:55.308   989  2598 E soundtrigger: audio_extn_sound_trigger_update_stream_status: invalid input device 0x0, for event 3
04-25 15:42:55.308   989  2598 D soundtrigger: audio_extn_sound_trigger_update_stream_status: uc_info->id 1 of type 0 for Event 3, with Raise=0
04-25 15:42:55.308   989  2598 D audio_hw_utils: audio_extn_utils_send_app_type_cfg: usecase->out_snd_device speaker
04-25 15:42:55.308   989  2598 D msm8974_platform: platform_split_snd_device: snd_device(2) num devices(0) new_snd_devices(0)
04-25 15:42:55.308   989  2598 D audio_hw_utils: audio_extn_btsco_get_sample_rate:Not a BT SCO device, need not update sampling rate
04-25 15:42:55.308   989  2598 I audio_hw_utils: send_app_type_cfg_for_device PLAYBACK app_type 69937, acdb_dev_id 10011, sample_rate 48000, snd_device_be_idx 45
04-25 15:42:55.309   989  2598 D msm8974_platform: platform_split_snd_device: snd_device(2) num devices(1) new_snd_devices(0)
04-25 15:42:55.309   989  2598 D audio_hw_utils: audio_extn_btsco_get_sample_rate:Not a BT SCO device, need not update sampling rate
04-25 15:42:55.309   989  2598 D ACDB-LOADER: ACDB -> send_audio_cal, acdb_id = 10011, path = 0, app id = 0x11131, sample rate = 48000, afe_sample_rate = 48000
04-25 15:42:55.309   989  2598 D ACDB-LOADER: ACDB -> send_asm_topology
04-25 15:42:55.309   989  2598 D ACDB-LOADER: ACDB -> ACDB_CMD_GET_AUDPROC_STREAM_TOPOLOGY_ID
04-25 15:42:55.309   989  2598 D ACDB-LOADER: ACDB -> send_adm_topology
04-25 15:42:55.309   989  2598 D ACDB-LOADER: ACDB -> ACDB_CMD_GET_AUDPROC_COMMON_TOPOLOGY_ID
04-25 15:42:55.309   989  2598 D ACDB-LOADER: ACDB -> send_audtable
04-25 15:42:55.309   989  2598 D ACDB-LOADER: ACDB -> ACDB_CMD_GET_AUDPROC_INSTANCE_COMMON_TABLE_SIZE
04-25 15:42:55.309   989  2598 D ACDB-LOADER: ACDB -> ACDB_CMD_GET_AUDPROC_INSTANCE_COMMON_TABLE
04-25 15:42:55.309   989  2598 D ACDB-LOADER: ACDB -> AUDIO_SET_AUDPROC_CAL cal_type[11] acdb_id[10011] app_type[69937]
04-25 15:42:55.309   989  2598 D ACDB-LOADER: ACDB -> send_audvoltable
04-25 15:42:55.309   989  2598 D ACDB-LOADER: ACDB -> ACDB_CMD_GET_AUDPROC_INSTANCE_GAIN_DEP_STEP_TABLE_SIZE
04-25 15:42:55.309   989  2598 D android.hardware.audio.service: Failed to fetch the lookup information of the device 0000271B 
04-25 15:42:55.309   989  2598 D ACDB-LOADER: Error: ACDB_CMD_GET_AUDPROC_INSTANCE_GAIN_DEP_STEP_TABLE_SIZE Returned = -19
04-25 15:42:55.309   989  2598 D ACDB-LOADER: ACDB -> ACDB_CMD_GET_AUDPROC_INSTANCE_GAIN_DEP_STEP_TABLE, vol index 0
04-25 15:42:55.309   989  2598 D android.hardware.audio.service: Failed to fetch the lookup information of the device 0000271B 
04-25 15:42:55.309   989  2598 D ACDB-LOADER: Error: ACDB AudProc vol returned = -19
04-25 15:42:55.309   989  2598 D ACDB-LOADER: ACDB -> AUDIO_SET_VOL_CAL cal type = 12
04-25 15:42:55.309   989  2598 D ACDB-LOADER: ACDB -> ACDB_CMD_GET_AUDPROC_INSTANCE_STREAM_TABLE_SIZE
04-25 15:42:55.309   989  2598 D ACDB-LOADER: ACDB -> send_audstrmtable
04-25 15:42:55.309   989  2598 D ACDB-LOADER: ACDB -> ACDB_CMD_GET_AUDPROC_INSTANCE_STREAM_TABLE
04-25 15:42:55.309   989  2598 D ACDB-LOADER: ACDB -> audstrm_cal->cal_type.cal_data.cal_size = 20
04-25 15:42:55.309   989  2598 D ACDB-LOADER: ACDB -> send_afe_topology
04-25 15:42:55.309   989  2598 D ACDB-LOADER: ACDB -> ACDB_CMD_GET_AFE_TOPOLOGY_ID
04-25 15:42:55.309   989  2598 D ACDB-LOADER: ACDB -> GET_AFE_TOPOLOGY_ID for adcd_id 10011, Topology Id 112fc
04-25 15:42:55.309   989  2598 D ACDB-LOADER: ACDB -> send_afe_cal
04-25 15:42:55.309   989  2598 D ACDB-LOADER: ACDB -> ACDB_CMD_GET_AFE_INSTANCE_COMMON_TABLE_SIZE
04-25 15:42:55.309   989  2598 D android.hardware.audio.service: Failed to fetch the lookup information of the device 0000271B 
04-25 15:42:55.310   989  2598 D ACDB-LOADER: Error: ACDB_CMD_GET_AFE_INSTANCE_COMMON_TABLE_SIZE Returned = -19
04-25 15:42:55.310   989  2598 D ACDB-LOADER: ACDB -> ACDB_CMD_GET_AFE_INSTANCE_COMMON_TABLE
04-25 15:42:55.310   989  2598 D android.hardware.audio.service: Failed to fetch the lookup information of the device 0000271B 
04-25 15:42:55.310   989  2598 D ACDB-LOADER: Error: ACDB AFE returned = -19
04-25 15:42:55.310   989  2598 D ACDB-LOADER: ACDB -> AUDIO_SET_AFE_CAL cal_type[16] acdb_id[10011]
04-25 15:42:55.310   989  2598 D ACDB-LOADER: ACDB -> send_hw_delay : acdb_id = 10011 path = 0
04-25 15:42:55.310   989  2598 D ACDB-LOADER: ACDB -> ACDB_AVSYNC_INFO: ACDB_CMD_GET_DEVICE_PROPERTY
04-25 15:42:55.310   989  2598 D msm8974_platform: platform_split_snd_device: snd_device(2) num devices(0) new_snd_devices(0)
04-25 15:42:55.310   989  2598 I msm8974_platform: platform_get_custom_mtmx_params: no matching param with id 0 ip_ch 2 op_ch 2 uc_id 1 snd_dev 2
04-25 15:42:55.310   989  2598 D audio_hw_primary: enable_audio_route: apply mixer and update path: low-latency-playback speaker
04-25 15:42:55.310   989  2598 D audio_route: Apply path: low-latency-playback speaker
04-25 15:42:55.311   989  2598 D audio_hw_primary: select_devices: done
04-25 15:42:55.345   989  2598 D msm8974_platform: platform_set_channel_map mixer_ctl_name:Playback Channel Map13
04-25 15:42:55.345   989  2598 D msm8974_platform: platform_set_channel_map: set mapping(1 2 0 0 0 0 0 0) for channel:2
04-25 15:42:55.347   989  2598 D audio_hw_primary: start_output_stream: exit
04-25 15:42:55.348   989  2598 D msm8974_platform: Setting audio calibration for snd_device(2) acdb_id(10011)
04-25 15:42:55.348   989  2598 E ACDB-LOADER: [acdb_loader_adsp_set_audio_cal] active device/stream not found (result=-100) for topology 0x1000a100 and apptype 0x11134
04-25 15:42:55.348   989  2598 E ACDB-LOADER: [acdb_loader_adsp_set_audio_cal] set parameters failed with status -100
04-25 15:42:55.348   989  2598 D audio_hw_hfp: hfp_set_parameters: enter
04-25 15:42:55.348   989  2598 D msm8974_platform: Setting audio calibration for snd_device(2) acdb_id(10011)
04-25 15:42:55.348   989  2598 E ACDB-LOADER: [acdb_loader_adsp_set_audio_cal] active device/stream not found (result=-100) for topology 0x1000a106 and apptype 0x11134
04-25 15:42:55.348   989  2598 E ACDB-LOADER: [acdb_loader_adsp_set_audio_cal] set parameters failed with status -100
04-25 15:42:55.348   989  2598 D audio_hw_hfp: hfp_set_parameters: enter
04-25 15:42:55.348   989  2598 D msm8974_platform: Setting audio calibration for snd_device(2) acdb_id(10011)
04-25 15:42:55.348   989  2598 E ACDB-LOADER: [acdb_loader_adsp_set_audio_cal] active device/stream not found (result=-100) for topology 0x1000a106 and apptype 0x11131
04-25 15:42:55.348   989  2598 E ACDB-LOADER: [acdb_loader_adsp_set_audio_cal] set parameters failed with status -100
04-25 15:42:55.348   989  2598 D audio_hw_hfp: hfp_set_parameters: enter
04-25 15:42:55.348   989  2598 D audio_hw_primary: out_write: retry previous failed cal level set
04-25 15:42:55.348   989  2598 D msm8974_platform: platform_split_snd_device: snd_device(2) num devices(1) new_snd_devices(0)
04-25 15:42:55.348   989  2598 D ACDB-LOADER: ACDB -> send_audvoltable
04-25 15:42:55.348   989  2598 D ACDB-LOADER: ACDB -> ACDB_CMD_GET_AUDPROC_INSTANCE_GAIN_DEP_STEP_TABLE_SIZE
04-25 15:42:55.348   989  2598 D android.hardware.audio.service: Failed to fetch the lookup information of the device 0000271B 
04-25 15:42:55.348   989  2598 D ACDB-LOADER: Error: ACDB_CMD_GET_AUDPROC_INSTANCE_GAIN_DEP_STEP_TABLE_SIZE Returned = -19
04-25 15:42:55.348   989  2598 D ACDB-LOADER: ACDB -> ACDB_CMD_GET_AUDPROC_INSTANCE_GAIN_DEP_STEP_TABLE, vol index 5
04-25 15:42:55.348   989  2598 D android.hardware.audio.service: Failed to fetch the lookup information of the device 0000271B 
04-25 15:42:55.348   989  2598 D ACDB-LOADER: Error: ACDB AudProc vol returned = -19
04-25 15:42:55.348   989  2598 D ACDB-LOADER: ACDB -> AUDIO_SET_VOL_CAL cal type = 40
04-25 15:42:55.348   989  2598 W msm8974_platform: platform_send_gain_dep_cal: Usecase list is empty
04-25 15:42:55.348   989  2598 D msm8974_platform: platform_split_snd_device: snd_device(2) num devices(0) new_snd_devices(0)
04-25 15:42:55.349   989  2598 I msm8974_platform: platform_get_custom_mtmx_params: no matching param with id 0 ip_ch 2 op_ch 2 uc_id 1 snd_dev 2
04-25 15:42:55.370   989 29104 D msm8974_platform: platform_split_snd_device: snd_device(2) num devices(1) new_snd_devices(0)
04-25 15:42:55.370   989 29104 W msm8974_platform: platform_send_gain_dep_cal: Usecase list is empty
04-25 15:42:55.405  1046  1046 D vendor.hardware.vibratorfeature: QTI Vibrator off
04-25 15:42:55.405  1046  1046 D DynamicEffectThread: pause
04-25 15:42:55.405  1046  1046 D DynamicEffectDevice: FFDevice pause
04-25 15:42:55.408  1046  2742 D vendor.hardware.vibratorfeature: Notifying on complete
04-25 15:42:55.656  1046  1046 D vendor.hardware.vibratorfeature: Vibrator on for timeoutMs: 350
04-25 15:42:55.658  1046  2747 D vendor.hardware.vibratorfeature: Starting on on another thread
04-25 15:42:55.658  1046  1046 D vendor.hardware.vibratorfeature: Vibrator set amplitude: 1.000000
04-25 15:42:55.722  1488  2745 D CCodecBufferChannel: [c2.android.raw.decoder#286] buffers after EOS ignored (0 us)
04-25 15:42:55.722  1488  2745 D CCodecBufferChannel: [c2.android.raw.decoder#286] buffers after EOS ignored (0 us)
04-25 15:42:55.836  2386  2398 W ui.cloudservic: Cleared Reference was only reachable from finalizer (only reported once)
04-25 15:42:56.008  1046  2747 D vendor.hardware.vibratorfeature: Notifying on complete
04-25 15:42:56.009  1046  1046 D vendor.hardware.vibratorfeature: QTI Vibrator off
04-25 15:42:56.009  1046  1046 D DynamicEffectThread: pause
04-25 15:42:56.010  1046  1046 D DynamicEffectDevice: FFDevice pause
04-25 15:42:56.218  1488  2743 D AudioTrack: stop(6455): called with 58628 frames delivered
04-25 15:42:56.218  1103  6720 E AudioFlinger: open /proc/1488/cmdline error
04-25 15:42:56.219  1103  6720 I AudioFlinger: setAppName(), name=[], active=[0]
04-25 15:42:56.219   989 29104 V EffectMiSound: MiSound_command() start, cmdCode=24
04-25 15:42:56.220   989 29104 V EffectMiSound: MiSound_Command EFFECT_CMD_SET_APP_NAME: stream=5, name=-
04-25 15:42:56.561  1732  2046 W BroadcastQueue: Background execution not allowed: receiving Intent { act=android.intent.action.DROPBOX_ENTRY_ADDED flg=0x10 (has extras) } to com.google.android.gms/.stats.service.DropBoxEntryAddedReceiver
04-25 15:42:56.762  1732  4883 I MediaFocusControl: abandonAudioFocus() from uid/pid 1000/2922 clientId=android.media.AudioManager@8f6d87c
04-25 15:42:56.764  2922  2735 V MediaPlayer: resetDrmState:  mDrmInfo=null mDrmProvisioningThread=null mPrepareDrmInProgress=false mActiveDrmScheme=false
04-25 15:42:56.764  2922  2735 V MediaPlayer: cleanDrmObj: mDrmObj=null mDrmSessionId=null
04-25 15:42:56.764  1488   628 D NuPlayerDriver: reset(0xf7713640) at state 6
04-25 15:42:56.771  1488  2752 I hw-BpHwBinder: onLastStrongRef automatically unlinking death recipients
04-25 15:42:56.772  1559  3367 I hw-BpHwBinder: onLastStrongRef automatically unlinking death recipients
04-25 15:42:56.772  1488  2744 D MediaCodec: flushMediametrics
04-25 15:42:56.772  1559  3113 D BufferPoolAccessor2.0: Destruction - bufferpool2 0xb400006f95779828 cached: 0/0M, 0/0% in use; allocs: 0, 0% recycled; transfers: 0, 0% unfetched
04-25 15:42:56.776  1559  3367 D BufferPoolAccessor2.0: Destruction - bufferpool2 0xb400006f93876e28 cached: 0/0M, 0/0% in use; allocs: 0, 0% recycled; transfers: 0, 0% unfetched
04-25 15:42:56.779  1488  2737 D NuPlayerDriver: notifyResetComplete(0xf7713640)
04-25 15:42:56.780  1488   628 W AMessage: failed to post message as target looper for handler 0 is gone.
04-25 15:42:56.782   989 29104 D msm8974_platform: platform_split_snd_device: snd_device(2) num devices(1) new_snd_devices(0)
04-25 15:42:56.782   989 29104 D ACDB-LOADER: ACDB -> send_audvoltable
04-25 15:42:56.782   989 29104 D ACDB-LOADER: ACDB -> ACDB_CMD_GET_AUDPROC_INSTANCE_GAIN_DEP_STEP_TABLE_SIZE
04-25 15:42:56.782   989 29104 D android.hardware.audio.service: Failed to fetch the lookup information of the device 0000271B 
04-25 15:42:56.783   989 29104 D ACDB-LOADER: Error: ACDB_CMD_GET_AUDPROC_INSTANCE_GAIN_DEP_STEP_TABLE_SIZE Returned = -19
04-25 15:42:56.783   989 29104 D ACDB-LOADER: ACDB -> ACDB_CMD_GET_AUDPROC_INSTANCE_GAIN_DEP_STEP_TABLE, vol index 0
04-25 15:42:56.783   989 29104 D android.hardware.audio.service: Failed to fetch the lookup information of the device 0000271B 
04-25 15:42:56.783   989 29104 D ACDB-LOADER: Error: ACDB AudProc vol returned = -19
04-25 15:42:56.783   989 29104 D ACDB-LOADER: ACDB -> AUDIO_SET_VOL_CAL cal type = 40
04-25 15:42:56.783   989 29104 W msm8974_platform: platform_send_gain_dep_cal: Usecase list is empty
04-25 15:42:56.783   989  1981 D msm8974_platform: platform_split_snd_device: snd_device(2) num devices(1) new_snd_devices(0)
04-25 15:42:56.783   989  1981 W msm8974_platform: platform_send_gain_dep_cal: Usecase list is empty
04-25 15:42:56.785  1103  1517 D APM_AudioPolicyManager: stopOutput portId 6455
04-25 15:42:56.785  1103  1517 D APM_AudioPolicyManager: stopOutput() output 13, stream 5, session 43401
04-25 15:42:56.785  1103  1517 D APM_AudioPolicyManager: getNewOutputDevices selected devices AUDIO_DEVICE_NONE
04-25 15:42:56.785  1103  1517 D APM_AudioPolicyManager: setOutputDevices device AUDIO_DEVICE_NONE delayMs 96
04-25 15:42:56.786  1103  1517 D APM_AudioPolicyManager: setOutputDevices() prevDevice {type:0x2,@:}
04-25 15:42:56.789  1103  1517 D APM_AudioPolicyManager: setOutputDevices setting same device AUDIO_DEVICE_NONE or null device, force=0, patch handle=4
04-25 15:42:56.800   989  1981 D audio_hw_primary: out_set_parameters: enter: usecase(1: low-latency-playback) kvpairs: appname=-com.android.inputdevices
04-25 15:42:56.800   989  1981 D audio_hw_extn: audio_extn_fm_set_parameters: Enter
04-25 15:42:56.800   989  1981 D audio_hw_hfp: hfp_set_parameters: enter
04-25 15:42:56.801  1103  1517 D APM_AudioPolicyManager: releaseOutput portId 6455
04-25 15:42:56.801  1103  1517 D APM_AudioPolicyManager: releaseOutput() 13
04-25 15:42:56.969  1000  1261 I SDM     : StrategyImpl::SetIdleTimeoutMs: Idle timeout: active = 1100, inactive = 520
04-25 15:42:57.234 19856 19856 W ThreadPoolForeg: type=1400 audit(0.0:1431172): avc: denied { write } for name="traced_producer" dev="tmpfs" ino=15099 scontext=u:r:gmscore_app:s0:c512,c768 tcontext=u:object_r:traced_producer_socket:s0 tclass=sock_file permissive=0 app=com.google.android.gms
04-25 15:42:58.830  1732  4139 I BatteryService: current mPlugType2current mHealthInfo.batteryLevel56current mHealthInfo.batteryTemperature367
04-25 15:42:58.835  5990  6176 D ThermalIECHandler: storeDataStyle: thermal_iec_monitor_persistence_data_style_iec_state; startIECTime: -1; IECScreenOffOverPeriodTime: 2007130621
04-25 15:42:58.841  5990  6091 D PowerKeeper.Thermal: mBatteryTemperature: 36
04-25 15:42:58.842  2873  2873 V DeviceStatisticsService: chargerType=2 batteryLevel=56 totalBatteryCapacity=2514800
04-25 15:42:58.845  5990  6164 D PowerCheckerService: onBatteryChanged, mBatteryLevel = 56, status = 2, level = 56, plug = 2, scale = 100
04-25 15:42:58.847  1000  1261 I SDM     : StrategyImpl::SetIdleTimeoutMs: Idle timeout: active = 1100, inactive = 520
04-25 15:42:58.848  4557  4557 I PowerUtils: getSurfaceTemprature temp: 39
04-25 15:42:58.848  4557  4557 I PowerSaveService: onReceive: android.intent.action.BATTERY_CHANGED
04-25 15:42:58.848  4557  4557 I PowerNoticeUI: handleBatteryChanged oldPlugType 2 mPlugType 2 oldBatteryLevel 56 mBatteryLevel 56 temperature 367
04-25 15:42:58.849  4557  4557 I ChargerBatteryIntelligenceReceiver: onBatteryChanged temperature：36,plugType:2
04-25 15:42:59.705   989  1981 D audio_hw_primary: out_standby: enter: stream (0xea5d7000) usecase(1: low-latency-playback)
04-25 15:42:59.824   989  1981 D audio_hw_primary: disable_audio_route: reset and update mixer path: low-latency-playback speaker
04-25 15:42:59.830   989  1981 E soundtrigger: audio_extn_sound_trigger_update_stream_status: invalid input device 0x0, for event 2
04-25 15:42:59.830   989  1981 D soundtrigger: audio_extn_sound_trigger_update_stream_status: uc_info->id 1 of type 0 for Event 2, with Raise=0
04-25 15:42:59.830   989  1981 D msm8974_platform: platform_split_snd_device: snd_device(2) num devices(0) new_snd_devices(0)
04-25 15:42:59.830   989  1981 I msm8974_platform: platform_get_custom_mtmx_params: no matching param with id 0 ip_ch 2 op_ch 2 uc_id 1 snd_dev 2
04-25 15:42:59.830   989  1981 D hardware_info: hw_info_append_hw_type : device_name = speaker
04-25 15:42:59.830   989  1981 D audio_hw_primary: disable_snd_device: snd_device(2: speaker)
04-25 15:42:59.824   989   989 W HwBinder:989_4: type=1400 audit(0.0:1431173): avc: denied { read } for name="u:object_r:default_prop:s0" dev="tmpfs" ino=2226 scontext=u:r:hal_audio_default:s0 tcontext=u:object_r:default_prop:s0 tclass=file permissive=0
04-25 15:42:59.830   989  1981 D audio_hw_hfp: hfp_set_parameters: enter
04-25 15:42:59.830   989  1981 W libc    : Access denied finding property "tas.smartpa.debug.disable"
04-25 15:42:59.830   989  1981 I TI-SmartPA: tas_spk_prot_process: Feedback Disabled
04-25 15:42:59.847   989  1981 V TI-SmartPA: TAS25XX_SMARTPA_ENABLE:  0
04-25 15:42:59.847   989  1981 I TI-SmartPA: Disabling USECASE_AUDIO_TAS_SPK_PROT_TX
04-25 15:42:59.847   989  1981 D audio_hw_primary: disable_audio_route: reset and update mixer path: tas-iv-capture
04-25 15:42:59.847   989  1981 D soundtrigger: audio HAL using same device 246 as ST
04-25 15:42:59.847   989  1981 D soundtrigger: audio_extn_sound_trigger_update_stream_status: uc_info->id 78 of type 1 for Event 2, with Raise=0
04-25 15:42:59.847   989  1981 D msm8974_platform: platform_split_snd_device: snd_device(2) num devices(0) new_snd_devices(0)
04-25 15:42:59.863   989  1981 I soundtrigger: audio_extn_sound_trigger_update_device_status: device 0x2 of type 0 for Event 0, with Raise=0
04-25 15:42:59.863   989  1981 D audio_hw_primary: out_standby: exit
04-25 15:42:59.863   989 29104 V EffectMiSound: MiSound_command() start, cmdCode=23
04-25 15:42:59.863   989 29104 V EffectMiSound: MiSound_Command EFFECT_CMD_SET_AUDIO_STANDBY, current mode = 0
04-25 15:43:00.001  1732  2324 V AlarmManager: Triggering alarm #0: Alarm{8a7d60d type 3 origWhen 2009016088 whenElapsed 2009016088 android}
04-25 15:43:00.012  2922  2922 D KeyguardUpdateMonitor: received broadcast android.intent.action.TIME_TICK
04-25 15:43:00.049  1732  4883 I WindowManagerService: Physical orientation not applied, rotation=0
04-25 15:43:00.053  2922  2922 D KeyguardUpdateMonitor: handleTimeUpdate
04-25 15:43:00.135  1488  2592 D BufferPoolAccessor2.0: evictor expired: 1, evicted: 0
04-25 15:43:00.253  2922  2922 W TouchableRegionManager: onHeadsUpPinnedModeChanged
04-25 15:43:00.309  1732  4883 I WindowManagerService: Physical orientation not applied, rotation=0
04-25 15:43:00.316  2922  2922 D StatusBar: disable<e i a s b h r c s > disable2<q i n >
04-25 15:43:00.316  2922  2922 D CollapsedStatusBarFragment: adjustDisableFlags: mStatusBarView.getState() = 0 mHideIconsForBouncer = false mWereIconsJustHidden = false, mWakeUpCoordinator.getNotificationsFullyHidden = false, mIsExpanded = false, mBypassController.getBypassEnabled = false, mStatusBarStateController.getState() = 0, mKeyguardStateController.isKeyguardGoingAway() = false, mHeadsUpManager.hasPinnedHeadsUp = false, mIsLaunchAnimationRunning = false, mHideIconsDuringLaunchAnimation = false, isFullWidth()true, mShowIconsWhenExpanded = true, mControlPanelExpand = false
04-25 15:43:00.328  1732  1769 I WindowManagerService: Physical orientation not applied, rotation=0
04-25 15:43:01.692  1000  1261 I SDM     : StrategyImpl::SetIdleTimeoutMs: Idle timeout: active = 1100, inactive = 520
04-25 15:43:01.877  1000  1261 I SDM     : StrategyImpl::SetIdleTimeoutMs: Idle timeout: active = 1100, inactive = 520
