04-25 15:42:28.367 29428  2701 I CapacitorCookies: Setting cookie '__cf_bm=jVHPDQxETX33cavihJZGaWHg.Zw.6W2jiwhUNQnaqNU-1777106548.1895752-1.0.1.1-t8cvTO89449lfh_F2obbGZTBHNAdOdmHp5RwUGv17o_kiTq1fC6aw3VYT5J_7bWeW9tMOsDc7AkeoFB5C7u43arJoCyU51EiDB5kP85DwlsanHAQy39oZaKYB8iz_aYI; HttpOnly; Secure; Path=/; Domain=supabase.co; Expires=Sat, 25 Apr 2026 09:12:28 GMT' at: 'https://gpcduahypyynjlcgodnl.supabase.co/rest/v1/messages?id=eq.1113bd9b-2210-41e9-8064-0ab184f74649&select=*'
04-25 15:42:28.370 29428  2701 I CapacitorCookies: Setting cookie '__cf_bm=jVHPDQxETX33cavihJZGaWHg.Zw.6W2jiwhUNQnaqNU-1777106548.1895752-1.0.1.1-t8cvTO89449lfh_F2obbGZTBHNAdOdmHp5RwUGv17o_kiTq1fC6aw3VYT5J_7bWeW9tMOsDc7AkeoFB5C7u43arJoCyU51EiDB5kP85DwlsanHAQy39oZaKYB8iz_aYI; HttpOnly; Secure; Path=/; Domain=supabase.co; Expires=Sat, 25 Apr 2026 09:12:28 GMT' at: 'https://supabase.co'
04-25 15:42:28.404 29428 29428 I Capacitor/Console: File:  - Line 333 - Msg: {"status":200,"headers":{"alt-svc":"h3=\":443\"; ma=86400","CF-Cache-Status":"DYNAMIC","CF-Ray":"9f1c0df62fbcfdc2-SIN","Connection":"keep-alive","content-profile":"public","Content-Range":"0-0/*","Content-Type":"application/vnd.pgrst.object+json; charset=utf-8","Date":"Sat, 25 Apr 2026 08:42:28 GMT","preference-applied":"return=representation","sb-gateway-version":"1","sb-project-ref":"gpcduahypyynjlcgodnl","sb-request-id":"019dc3cd-f5e2-79db-81b0-73e461400d57","Server":"cloudflare","set-cookie":"__cf_bm=jVHPDQxETX33cavihJZGaWHg.Zw.6W2jiwhUNQnaqNU-1777106548.1895752-1.0.1.1-t8cvTO89449lfh_F2obbGZTBHNAdOdmHp5RwUGv17o_kiTq1fC6aw3VYT5J_7bWeW9tMOsDc7AkeoFB5C7u43arJoCyU51EiDB5kP85DwlsanHAQy39oZaKYB8iz_aYI; HttpOnly; Secure; Path=/; Domain=supabase.co; Expires=Sat, 25 Apr 2026 09:12:28 GMT","Strict-Transport-Security":"max-age=31536000; includeSubDomains; preload","Transfer-Encoding":"chunked","Vary":"Accept-Encoding","X-Android-Received-Millis":"1777106548366","X-Android-Response-Source":"NETWORK 200","X-Android-Selected-Protocol":"http/1.1","X-Android-Sent-Millis":"1777106548008","X-Content-Type-Options":"nosniff","x-envoy-attempt-count":"1","x-envoy-upstream-service-time":"3"},"url":"https://gpcduahypyynjlcgodnl.supabase.co/rest/v1/messages?id=eq.1113bd9b-2210-41e9-8064-0ab184f74649&select=*","data":"{\"id\":\"1113bd9b-2210-41e9-8064-0ab184f74649\",\"conversation_id\":\"eef734ac-6849-420f-ad7f-af926d5484d1\",\"sender_email\":\"elproject.dev@gmail.com\",\"sender_name\":\"EL PROJECT\",\"content\":\"testing\",\"message_type\":\"text\",\"file_url\":null,\"is_read\":false,\"read_by\":[\"elproject.dev@gmail.com\",\"marshallsetian@gmail.com\"],\"created_at\":\"2026-04-25T08:33:06.886+00:00\",\"updated_at\":\"2026-04-25T08:42:28.442488+00:00\"}"}
04-25 15:42:28.405 29428 29428 D Capacitor/Console: File:  - Line 564 - Msg: CapacitorHttp fetch 1777106547916 https://gpcduahypyynjlcgodnl.supabase.co/rest/v1/messages?id=eq.1113bd9b-2210-41e9-8064-0ab184f74649&select=*: 482.47802734375 ms
04-25 15:42:28.504 29428  2703 I CapacitorCookies: Setting cookie '__cf_bm=kHH2MKDywnAB0gZmWuc7epy7lCh6E3zN3MbCtRcVfcE-1777106548.5079176-1.0.1.1-cycZcdqCsOCXOEFEEVi2xgZaRPebrldTSUxAq9.7Lm114naJfsQjfwIpPHKgXoGQqu8tRM4PGDlK35dGUBulPnGxtQwWfh4b7cBKDMplSQrEhpQMTJJaOZEGP9FxOKce; HttpOnly; Secure; Path=/; Domain=supabase.co; Expires=Sat, 25 Apr 2026 09:12:28 GMT' at: 'https://gpcduahypyynjlcgodnl.supabase.co/rest/v1/messages?id=eq.1113bd9b-2210-41e9-8064-0ab184f74649&select=*'
04-25 15:42:28.507 29428  2703 I CapacitorCookies: Setting cookie '__cf_bm=kHH2MKDywnAB0gZmWuc7epy7lCh6E3zN3MbCtRcVfcE-1777106548.5079176-1.0.1.1-cycZcdqCsOCXOEFEEVi2xgZaRPebrldTSUxAq9.7Lm114naJfsQjfwIpPHKgXoGQqu8tRM4PGDlK35dGUBulPnGxtQwWfh4b7cBKDMplSQrEhpQMTJJaOZEGP9FxOKce; HttpOnly; Secure; Path=/; Domain=supabase.co; Expires=Sat, 25 Apr 2026 09:12:28 GMT' at: 'https://supabase.co'
04-25 15:42:28.518 29428 29428 I Capacitor/Console: File:  - Line 333 - Msg: {"status":200,"headers":{"alt-svc":"h3=\":443\"; ma=86400","CF-Cache-Status":"DYNAMIC","CF-Ray":"9f1c0df82ba8ff7e-SIN","Connection":"keep-alive","content-profile":"public","Content-Range":"0-0/*","Content-Type":"application/vnd.pgrst.object+json; charset=utf-8","Date":"Sat, 25 Apr 2026 08:42:28 GMT","preference-applied":"return=representation","sb-gateway-version":"1","sb-project-ref":"gpcduahypyynjlcgodnl","sb-request-id":"019dc3cd-f71f-7bf5-bb00-295bb5a1ba89","Server":"cloudflare","set-cookie":"__cf_bm=kHH2MKDywnAB0gZmWuc7epy7lCh6E3zN3MbCtRcVfcE-1777106548.5079176-1.0.1.1-cycZcdqCsOCXOEFEEVi2xgZaRPebrldTSUxAq9.7Lm114naJfsQjfwIpPHKgXoGQqu8tRM4PGDlK35dGUBulPnGxtQwWfh4b7cBKDMplSQrEhpQMTJJaOZEGP9FxOKce; HttpOnly; Secure; Path=/; Domain=supabase.co; Expires=Sat, 25 Apr 2026 09:12:28 GMT","Strict-Transport-Security":"max-age=31536000; includeSubDomains; preload","Transfer-Encoding":"chunked","Vary":"Accept-Encoding","X-Android-Received-Millis":"1777106548504","X-Android-Response-Source":"NETWORK 200","X-Android-Selected-Protocol":"http/1.1","X-Android-Sent-Millis":"1777106548352","X-Content-Type-Options":"nosniff","x-envoy-attempt-count":"1","x-envoy-upstream-service-time":"4"},"url":"https://gpcduahypyynjlcgodnl.supabase.co/rest/v1/messages?id=eq.1113bd9b-2210-41e9-8064-0ab184f74649&select=*","data":"{\"id\":\"1113bd9b-2210-41e9-8064-0ab184f74649\",\"conversation_id\":\"eef734ac-6849-420f-ad7f-af926d5484d1\",\"sender_email\":\"elproject.dev@gmail.com\",\"sender_name\":\"EL PROJECT\",\"content\":\"testing\",\"message_type\":\"text\",\"file_url\":null,\"is_read\":false,\"read_by\":[\"elproject.dev@gmail.com\",\"marshallsetian@gmail.com\"],\"created_at\":\"2026-04-25T08:33:06.886+00:00\",\"updated_at\":\"2026-04-25T08:42:28.572119+00:00\"}"}
04-25 15:42:28.518 29428 29428 D Capacitor/Console: File:  - Line 564 - Msg: CapacitorHttp fetch 1777106548336 https://gpcduahypyynjlcgodnl.supabase.co/rest/v1/messages?id=eq.1113bd9b-2210-41e9-8064-0ab184f74649&select=*: 180.837158203125 ms
04-25 15:42:28.685 29428 29483 D Capacitor: Handling CapacitorHttp request: https://localhost/_capacitor_http_interceptor_?u=https%3A%2F%2Fgpcduahypyynjlcgodnl.supabase.co%2Frest%2Fv1%2Fmessages%3Fselect%3D*%26order%3Dcreated_at.asc%26limit%3D100%26conversation_id%3Deq.eef734ac-6849-420f-ad7f-af926d5484d1
04-25 15:42:28.686 29428 29483 I CapacitorCookies: Getting cookies at: 'https://gpcduahypyynjlcgodnl.supabase.co/rest/v1/messages?select=*&order=created_at.asc&limit=100&conversation_id=eq.eef734ac-6849-420f-ad7f-af926d5484d1'
04-25 15:42:28.696 29428 29484 D Capacitor: Handling CapacitorHttp request: https://localhost/_capacitor_http_interceptor_?u=https%3A%2F%2Fgpcduahypyynjlcgodnl.supabase.co%2Frest%2Fv1%2Fmessages%3Fselect%3D*%26order%3Dcreated_at.asc%26limit%3D100%26conversation_id%3Deq.eef734ac-6849-420f-ad7f-af926d5484d1
04-25 15:42:28.697 29428 29484 I CapacitorCookies: Getting cookies at: 'https://gpcduahypyynjlcgodnl.supabase.co/rest/v1/messages?select=*&order=created_at.asc&limit=100&conversation_id=eq.eef734ac-6849-420f-ad7f-af926d5484d1'
04-25 15:42:28.703 29428 29485 D Capacitor: Handling CapacitorHttp request: https://localhost/_capacitor_http_interceptor_?u=https%3A%2F%2Fgpcduahypyynjlcgodnl.supabase.co%2Frest%2Fv1%2Fmessages%3Fselect%3D*%26order%3Dcreated_at.asc%26limit%3D100%26conversation_id%3Deq.eef734ac-6849-420f-ad7f-af926d5484d1
04-25 15:42:28.705 29428 29485 I CapacitorCookies: Getting cookies at: 'https://gpcduahypyynjlcgodnl.supabase.co/rest/v1/messages?select=*&order=created_at.asc&limit=100&conversation_id=eq.eef734ac-6849-420f-ad7f-af926d5484d1'
04-25 15:42:28.710 29428 29491 D Capacitor: Handling CapacitorHttp request: https://localhost/_capacitor_http_interceptor_?u=https%3A%2F%2Fgpcduahypyynjlcgodnl.supabase.co%2Frest%2Fv1%2Fmessages%3Fselect%3D*%26order%3Dcreated_at.asc%26limit%3D100%26conversation_id%3Deq.eef734ac-6849-420f-ad7f-af926d5484d1
04-25 15:42:28.716 29428 29491 I CapacitorCookies: Getting cookies at: 'https://gpcduahypyynjlcgodnl.supabase.co/rest/v1/messages?select=*&order=created_at.asc&limit=100&conversation_id=eq.eef734ac-6849-420f-ad7f-af926d5484d1'
04-25 15:42:28.830 29428 29483 I CapacitorCookies: Setting cookie '__cf_bm=SQmO2uYmh2WFubV50xt5RJurJOTLXvBWLvNqt7cVDWg-1777106548.8427894-1.0.1.1-QrakWnPwPRXKfQoHNdA8_qiLengGqf.j43olXcJiPx4XxY05EhpJ7YZPNukl7INCZac8N5uyKy1B8cVLr77RCXmL_uNKY3tKfUzDKGWy.M3whcvFSRpXtPNYJLxv7IGK; HttpOnly; Secure; Path=/; Domain=supabase.co; Expires=Sat, 25 Apr 2026 09:12:28 GMT' at: 'https://gpcduahypyynjlcgodnl.supabase.co/rest/v1/messages?select=*&order=created_at.asc&limit=100&conversation_id=eq.eef734ac-6849-420f-ad7f-af926d5484d1'
04-25 15:42:28.831 29428 29483 I CapacitorCookies: Setting cookie '__cf_bm=SQmO2uYmh2WFubV50xt5RJurJOTLXvBWLvNqt7cVDWg-1777106548.8427894-1.0.1.1-QrakWnPwPRXKfQoHNdA8_qiLengGqf.j43olXcJiPx4XxY05EhpJ7YZPNukl7INCZac8N5uyKy1B8cVLr77RCXmL_uNKY3tKfUzDKGWy.M3whcvFSRpXtPNYJLxv7IGK; HttpOnly; Secure; Path=/; Domain=supabase.co; Expires=Sat, 25 Apr 2026 09:12:28 GMT' at: 'https://supabase.co'
04-25 15:42:28.840 29428 29484 I CapacitorCookies: Setting cookie '__cf_bm=dq4rNQ1mb9ydbGUM.XxAlhimWsZIYovHhNHvapCVqOw-1777106548.85845-1.0.1.1-UGeUkBVPcmtUY0zb5qsrisRuM3uu5Ui.YD0PzW.KnOk7.9gXCzjdctJUK8HQbvHcTiUeXZBgORtN3AU469sWUl7RuctpC2PWamB1QErO585XUiIWeJ6Nlp9Qeg6Ungcf; HttpOnly; Secure; Path=/; Domain=supabase.co; Expires=Sat, 25 Apr 2026 09:12:28 GMT' at: 'https://gpcduahypyynjlcgodnl.supabase.co/rest/v1/messages?select=*&order=created_at.asc&limit=100&conversation_id=eq.eef734ac-6849-420f-ad7f-af926d5484d1'
04-25 15:42:28.841 29428 29484 I CapacitorCookies: Setting cookie '__cf_bm=dq4rNQ1mb9ydbGUM.XxAlhimWsZIYovHhNHvapCVqOw-1777106548.85845-1.0.1.1-UGeUkBVPcmtUY0zb5qsrisRuM3uu5Ui.YD0PzW.KnOk7.9gXCzjdctJUK8HQbvHcTiUeXZBgORtN3AU469sWUl7RuctpC2PWamB1QErO585XUiIWeJ6Nlp9Qeg6Ungcf; HttpOnly; Secure; Path=/; Domain=supabase.co; Expires=Sat, 25 Apr 2026 09:12:28 GMT' at: 'https://supabase.co'
04-25 15:42:28.849 29428 29485 I CapacitorCookies: Setting cookie '__cf_bm=2tdUx0fS830H1qHki.ABi4n5sLgxtO3BziYfxOKR1ys-1777106548.8655992-1.0.1.1-CkYLfxsNJcpFE3s1378M1F21yzIZdA6.7PZjmo.YnCtVp0er0VTSxlXYcKPsFz3Y.L5mNMFD19GAe2vjmst2EtlVjIp_BZ_R36hntAnokdeBlVWK_ht80D2OZGOcNkQ6; HttpOnly; Secure; Path=/; Domain=supabase.co; Expires=Sat, 25 Apr 2026 09:12:28 GMT' at: 'https://gpcduahypyynjlcgodnl.supabase.co/rest/v1/messages?select=*&order=created_at.asc&limit=100&conversation_id=eq.eef734ac-6849-420f-ad7f-af926d5484d1'
04-25 15:42:28.850 29428 29485 I CapacitorCookies: Setting cookie '__cf_bm=2tdUx0fS830H1qHki.ABi4n5sLgxtO3BziYfxOKR1ys-1777106548.8655992-1.0.1.1-CkYLfxsNJcpFE3s1378M1F21yzIZdA6.7PZjmo.YnCtVp0er0VTSxlXYcKPsFz3Y.L5mNMFD19GAe2vjmst2EtlVjIp_BZ_R36hntAnokdeBlVWK_ht80D2OZGOcNkQ6; HttpOnly; Secure; Path=/; Domain=supabase.co; Expires=Sat, 25 Apr 2026 09:12:28 GMT' at: 'https://supabase.co'
04-25 15:42:28.859 29428 29491 I CapacitorCookies: Setting cookie '__cf_bm=dHhB8z3TBTqsBAai_ylPN4LL8AZsLibxiRtXYyeKFR4-1777106548.8738067-1.0.1.1-8MuBm_b3QRtQhbwhu6E79_U3Q1mBJJ1MTaJY9XDnXsBWlylLs3idx6Ti2FYMqIDxhUjJksjCM2bRTk0Apd_ir9969IskKWMEk5vOcyYWM6yDclvEWEM6FXler5rzLQdB; HttpOnly; Secure; Path=/; Domain=supabase.co; Expires=Sat, 25 Apr 2026 09:12:28 GMT' at: 'https://gpcduahypyynjlcgodnl.supabase.co/rest/v1/messages?select=*&order=created_at.asc&limit=100&conversation_id=eq.eef734ac-6849-420f-ad7f-af926d5484d1'
04-25 15:42:28.861 29428 29491 I CapacitorCookies: Setting cookie '__cf_bm=dHhB8z3TBTqsBAai_ylPN4LL8AZsLibxiRtXYyeKFR4-1777106548.8738067-1.0.1.1-8MuBm_b3QRtQhbwhu6E79_U3Q1mBJJ1MTaJY9XDnXsBWlylLs3idx6Ti2FYMqIDxhUjJksjCM2bRTk0Apd_ir9969IskKWMEk5vOcyYWM6yDclvEWEM6FXler5rzLQdB; HttpOnly; Secure; Path=/; Domain=supabase.co; Expires=Sat, 25 Apr 2026 09:12:28 GMT' at: 'https://supabase.co'
04-25 15:42:29.040  1732  2372 I MiuiNetworkPolicy: updateUidState uid = 10228, uidState = 3
04-25 15:42:29.041 27801 27845 I BtGatt.ScanManager: msg.what = 6
04-25 15:42:29.041  1732  2372 I MiuiNetworkPolicy: updateUidState uid = 10168, uidState = 3
04-25 15:42:30.009  1000  1261 I SDM     : StrategyImpl::SetIdleTimeoutMs: Idle timeout: active = 1100, inactive = 520
04-25 15:42:30.033  1732  2372 I MiuiNetworkPolicy: updateUidState uid = 10081, uidState = 10
04-25 15:42:30.783  1732  2347 D MIUIInput: [MotionEvent] publisher action=0x0, 744802793, channel '8dd1642 GestureStubBottom (server)'
04-25 15:42:30.784  2926  3067 D GestureStubView: onTouch ACTION_DOWN sendMessageDelayed MSG_CHECK_GESTURE_STUB_TOUCHABLE
04-25 15:42:30.784  2926  3067 D GesturesBackController: onPointerEvent swipeStatus:16
04-25 15:42:30.785  2926  3067 D GesturesBackController: mSwipeStatus == SWIPE_STATUS_ANIMATING, processPointerEvent
04-25 15:42:30.786  2926  3067 D GesturesBackController: onPointerEvent swipeStatus:8
04-25 15:42:30.786  2926  3067 D GesturesBackController: mSwipeStatus != SWIPE_STATUS_ANIMATING, processPointerEvent
04-25 15:42:30.797  2926  3067 D GesturesBackController: onPointerEvent swipeStatus:8
04-25 15:42:30.797  2926  3067 D GestureStubView: onSwipeStart: needAnimation: true
04-25 15:42:30.798  2926  3067 D GestureStubView: renderView
04-25 15:42:30.798  2926  3067 D GesturesBackController: onPointerEvent MotionEvent.ACTION_MOVE processMiuiGestures
04-25 15:42:30.798  2926  3067 D GesturesBackController: mSwipeStatus != SWIPE_STATUS_ANIMATING, processPointerEvent
04-25 15:42:30.805  1732  1769 I WindowManagerService: Physical orientation not applied, rotation=0
04-25 15:42:30.810  2926  3067 D GesturesBackController: onPointerEvent swipeStatus:2
04-25 15:42:30.810  2926  3067 D GesturesBackController: onPointerEvent MotionEvent.ACTION_MOVE processMiuiGestures
04-25 15:42:30.810  2926  3067 D GesturesBackController: mSwipeStatus != SWIPE_STATUS_ANIMATING, processPointerEvent
04-25 15:42:30.820  1000  1261 I SDM     : StrategyImpl::SetIdleTimeoutMs: Idle timeout: active = 1100, inactive = 520
04-25 15:42:30.821  2926  3067 D GesturesBackController: onPointerEvent swipeStatus:2
04-25 15:42:30.821  2926  3067 D GesturesBackController: onPointerEvent MotionEvent.ACTION_MOVE processMiuiGestures
04-25 15:42:30.821  2926  3067 D GesturesBackController: mSwipeStatus != SWIPE_STATUS_ANIMATING, processPointerEvent
04-25 15:42:30.830  2926  3067 D GesturesBackController: onPointerEvent swipeStatus:2
04-25 15:42:30.830  2926  3067 D GesturesBackController: onPointerEvent MotionEvent.ACTION_MOVE processMiuiGestures
04-25 15:42:30.830  2926  3067 D GesturesBackController: mSwipeStatus != SWIPE_STATUS_ANIMATING, processPointerEvent
04-25 15:42:30.838  2926  3067 D GesturesBackController: onPointerEvent swipeStatus:2
04-25 15:42:30.838  2926  3067 D GesturesBackController: onPointerEvent MotionEvent.ACTION_MOVE processMiuiGestures
04-25 15:42:30.838  2926  3067 D GesturesBackController: mSwipeStatus != SWIPE_STATUS_ANIMATING, processPointerEvent
04-25 15:42:30.846  2926  3067 D GesturesBackController: onPointerEvent swipeStatus:2
04-25 15:42:30.846  2926  3067 D GesturesBackController: onPointerEvent MotionEvent.ACTION_MOVE processMiuiGestures
04-25 15:42:30.846  2926  3067 D GesturesBackController: mSwipeStatus != SWIPE_STATUS_ANIMATING, processPointerEvent
04-25 15:42:30.852  2926  3067 D GesturesBackController: onPointerEvent swipeStatus:2
04-25 15:42:30.852  2926  3067 D GesturesBackController: onPointerEvent MotionEvent.ACTION_MOVE processMiuiGestures
04-25 15:42:30.852  2926  3067 D GesturesBackController: mSwipeStatus != SWIPE_STATUS_ANIMATING, processPointerEvent
04-25 15:42:30.861  2926  3067 D GesturesBackController: onPointerEvent swipeStatus:2
04-25 15:42:30.861  2926  3067 D GesturesBackController: onPointerEvent MotionEvent.ACTION_MOVE processMiuiGestures
04-25 15:42:30.861  2926  3067 D GesturesBackController: mSwipeStatus != SWIPE_STATUS_ANIMATING, processPointerEvent
04-25 15:42:30.868  2926  3067 D GesturesBackController: onPointerEvent swipeStatus:2
04-25 15:42:30.868  2926  3067 D GesturesBackController: onPointerEvent MotionEvent.ACTION_MOVE processMiuiGestures
04-25 15:42:30.868  2926  3067 D GesturesBackController: mSwipeStatus != SWIPE_STATUS_ANIMATING, processPointerEvent
04-25 15:42:30.876  2926  3067 D GesturesBackController: onPointerEvent swipeStatus:2
04-25 15:42:30.876  2926  3067 D GesturesBackController: onPointerEvent MotionEvent.ACTION_MOVE processMiuiGestures
04-25 15:42:30.876  2926  3067 D GesturesBackController: mSwipeStatus != SWIPE_STATUS_ANIMATING, processPointerEvent
04-25 15:42:30.877 29428 29483 D Capacitor: Handling CapacitorHttp request: https://localhost/_capacitor_http_interceptor_?u=https%3A%2F%2Fgpcduahypyynjlcgodnl.supabase.co%2Frest%2Fv1%2Fmessages%3Fselect%3D*%26order%3Dcreated_at.asc%26limit%3D100%26conversation_id%3Deq.eef734ac-6849-420f-ad7f-af926d5484d1
04-25 15:42:30.879 29428 29483 I CapacitorCookies: Getting cookies at: 'https://gpcduahypyynjlcgodnl.supabase.co/rest/v1/messages?select=*&order=created_at.asc&limit=100&conversation_id=eq.eef734ac-6849-420f-ad7f-af926d5484d1'
04-25 15:42:30.886  2926  3098 W RenderInspector: DequeueBuffer time out on GestureStubBottom, count=1, avg=11 ms, max=11 ms.
04-25 15:42:30.886  2926  3067 D GesturesBackController: onPointerEvent swipeStatus:2
04-25 15:42:30.886  2926  3067 D GesturesBackController: onPointerEvent MotionEvent.ACTION_MOVE processMiuiGestures
04-25 15:42:30.887  2926  3067 D GesturesBackController: mSwipeStatus != SWIPE_STATUS_ANIMATING, processPointerEvent
04-25 15:42:30.894  2926  3067 D GesturesBackController: onPointerEvent swipeStatus:2
04-25 15:42:30.895  2926  3067 D GesturesBackController: onPointerEvent MotionEvent.ACTION_MOVE processMiuiGestures
04-25 15:42:30.895  2926  3067 D GesturesBackController: mSwipeStatus != SWIPE_STATUS_ANIMATING, processPointerEvent
04-25 15:42:30.903  2926  3067 D GesturesBackController: onPointerEvent swipeStatus:2
04-25 15:42:30.904  2926  3067 D GesturesBackController: onPointerEvent MotionEvent.ACTION_MOVE processMiuiGestures
04-25 15:42:30.904  2926  3067 D GesturesBackController: mSwipeStatus != SWIPE_STATUS_ANIMATING, processPointerEvent
04-25 15:42:30.911  2926  3067 D GesturesBackController: onPointerEvent swipeStatus:2
04-25 15:42:30.911  2926  3067 D GesturesBackController: onPointerEvent MotionEvent.ACTION_MOVE processMiuiGestures
04-25 15:42:30.912  2926  3067 D GesturesBackController: mSwipeStatus != SWIPE_STATUS_ANIMATING, processPointerEvent
04-25 15:42:30.920  2926  3067 D GesturesBackController: onPointerEvent swipeStatus:2
04-25 15:42:30.920  2926  3067 D GesturesBackController: onPointerEvent MotionEvent.ACTION_MOVE processMiuiGestures
04-25 15:42:30.920  2926  3067 D GesturesBackController: mSwipeStatus != SWIPE_STATUS_ANIMATING, processPointerEvent
04-25 15:42:30.928  2926  3067 D GesturesBackController: onPointerEvent swipeStatus:2
04-25 15:42:30.928  2926  3067 D GesturesBackController: onPointerEvent MotionEvent.ACTION_MOVE processMiuiGestures
04-25 15:42:30.928  2926  3067 D GesturesBackController: mSwipeStatus != SWIPE_STATUS_ANIMATING, processPointerEvent
04-25 15:42:30.936  2926  3067 D GesturesBackController: onPointerEvent swipeStatus:2
04-25 15:42:30.936  2926  3067 D GesturesBackController: onPointerEvent MotionEvent.ACTION_MOVE processMiuiGestures
04-25 15:42:30.936  2926  3067 D GesturesBackController: mSwipeStatus != SWIPE_STATUS_ANIMATING, processPointerEvent
04-25 15:42:30.944  2926  3067 D GesturesBackController: onPointerEvent swipeStatus:2
04-25 15:42:30.944  2926  3067 D GesturesBackController: onPointerEvent MotionEvent.ACTION_MOVE processMiuiGestures
04-25 15:42:30.944  2926  3067 D GesturesBackController: mSwipeStatus != SWIPE_STATUS_ANIMATING, processPointerEvent
04-25 15:42:30.953  2926  3067 D GesturesBackController: onPointerEvent swipeStatus:2
04-25 15:42:30.953  2926  3067 D GesturesBackController: onPointerEvent MotionEvent.ACTION_MOVE processMiuiGestures
04-25 15:42:30.953  2926  3067 D GesturesBackController: mSwipeStatus != SWIPE_STATUS_ANIMATING, processPointerEvent
04-25 15:42:30.959  1732  2347 D MIUIInput: [MotionEvent] publisher action=0x1, 744802971, channel '8dd1642 GestureStubBottom (server)'
04-25 15:42:30.961  2926  3067 D GesturesBackController: onPointerEvent swipeStatus:2
04-25 15:42:30.961  2926  3067 D GesturesBackController: onPointerEvent MotionEvent.ACTION_MOVE processMiuiGestures
04-25 15:42:30.961  2926  3067 D GesturesBackController: mSwipeStatus != SWIPE_STATUS_ANIMATING, processPointerEvent
04-25 15:42:30.961  2926  3067 D GestureStubView: ACTION_UP: mIsGestureStarted: true mIsGestureAnimationEnabled: true
04-25 15:42:30.961  2926  3067 D GesturesBackController: onPointerEvent swipeStatus:2
04-25 15:42:30.961  2926  3067 D GestureStubView: onSwipeStop
04-25 15:42:30.961  2926  3067 D GestureStubView: injectKeyEvent keyCode:4
04-25 15:42:30.963  1732  1769 W MiuiInputKeyEventLog: keyCode:4 down:true eventTime:744802973 downTime:744802973 policyFlags:2b000000 flags:8 metaState:0 deviceId:-1 isScreenOn:true keyguardActive:false repeatCount:0
04-25 15:42:30.964  1732  1769 D WindowManager: handleKeyGesture---interceptKey interactive=true
04-25 15:42:30.965  1732  1917 E ActivityManager: Sending non-protected broadcast miui.intent.KEYCODE_BACK from system 1732:system/1000 pkg android
04-25 15:42:30.965  1732  1917 E ActivityManager: java.lang.Throwable
04-25 15:42:30.965  1732  1917 E ActivityManager: 	at com.android.server.am.ActivityManagerService.checkBroadcastFromSystem(ActivityManagerService.java:13186)
04-25 15:42:30.965  1732  1917 E ActivityManager: 	at com.android.server.am.ActivityManagerService.broadcastIntentLocked(ActivityManagerService.java:13791)
04-25 15:42:30.965  1732  1917 E ActivityManager: 	at com.android.server.am.ActivityManagerService.broadcastIntentLocked(ActivityManagerService.java:13204)
04-25 15:42:30.965  1732  1917 E ActivityManager: 	at com.android.server.am.ActivityManagerService.broadcastIntentWithFeature(ActivityManagerService.java:14045)
04-25 15:42:30.965  1732  1917 E ActivityManager: 	at android.app.ContextImpl.sendBroadcastAsUser(ContextImpl.java:1400)
04-25 15:42:30.965  1732  1917 E ActivityManager: 	at com.android.server.policy.BaseMiuiPhoneWindowManager$16.run(BaseMiuiPhoneWindowManager.java:2795)
04-25 15:42:30.965  1732  1917 E ActivityManager: 	at android.os.Handler.handleCallback(Handler.java:938)
04-25 15:42:30.965  1732  1917 E ActivityManager: 	at android.os.Handler.dispatchMessage(Handler.java:99)
04-25 15:42:30.965  1732  1917 E ActivityManager: 	at android.os.Looper.loopOnce(Looper.java:210)
04-25 15:42:30.965  1732  1917 E ActivityManager: 	at android.os.Looper.loop(Looper.java:299)
04-25 15:42:30.965  1732  1917 E ActivityManager: 	at android.os.HandlerThread.run(HandlerThread.java:67)
04-25 15:42:30.965  1732  1917 E ActivityManager: 	at com.android.server.ServiceThread.run(ServiceThread.java:46)
04-25 15:42:30.965  1732  1917 E ActivityManager: 	at com.android.server.UiThread.run(UiThread.java:45)
04-25 15:42:30.965  1732  1917 E ActivityManager: Sending non-protected broadcast miui.intent.KEYCODE_BACK from system 1732:system/1000 pkg android
04-25 15:42:30.965  1732  1917 E ActivityManager: java.lang.Throwable
04-25 15:42:30.965  1732  1917 E ActivityManager: 	at com.android.server.am.ActivityManagerService.checkBroadcastFromSystem(ActivityManagerService.java:13186)
04-25 15:42:30.965  1732  1917 E ActivityManager: 	at com.android.server.am.ActivityManagerService.broadcastIntentLocked(ActivityManagerService.java:13886)
04-25 15:42:30.965  1732  1917 E ActivityManager: 	at com.android.server.am.ActivityManagerService.broadcastIntentLocked(ActivityManagerService.java:13204)
04-25 15:42:30.965  1732  1917 E ActivityManager: 	at com.android.server.am.ActivityManagerService.broadcastIntentWithFeature(ActivityManagerService.java:14045)
04-25 15:42:30.965  1732  1917 E ActivityManager: 	at android.app.ContextImpl.sendBroadcastAsUser(ContextImpl.java:1400)
04-25 15:42:30.965  1732  1917 E ActivityManager: 	at com.android.server.policy.BaseMiuiPhoneWindowManager$16.run(BaseMiuiPhoneWindowManager.java:2795)
04-25 15:42:30.965  1732  1917 E ActivityManager: 	at android.os.Handler.handleCallback(Handler.java:938)
04-25 15:42:30.965  1732  1917 E ActivityManager: 	at android.os.Handler.dispatchMessage(Handler.java:99)
04-25 15:42:30.965  1732  1917 E ActivityManager: 	at android.os.Looper.loopOnce(Looper.java:210)
04-25 15:42:30.965  1732  1917 E ActivityManager: 	at android.os.Looper.loop(Looper.java:299)
04-25 15:42:30.965  1732  1917 E ActivityManager: 	at android.os.HandlerThread.run(HandlerThread.java:67)
04-25 15:42:30.965  1732  1917 E ActivityManager: 	at com.android.server.ServiceThread.run(ServiceThread.java:46)
04-25 15:42:30.965  1732  1917 E ActivityManager: 	at com.android.server.UiThread.run(UiThread.java:45)
04-25 15:42:30.965  1732  1769 W MiuiInputKeyEventLog: keyCode:4 down:false eventTime:744802973 downTime:744802973 policyFlags:2b000000 flags:8 metaState:0 deviceId:-1 isScreenOn:true keyguardActive:false repeatCount:0
04-25 15:42:30.965  1732  1769 D WindowManager: handleKeyGesture---interceptKey interactive=true
04-25 15:42:30.966  1732  1917 E ActivityManager: Sending non-protected broadcast miui.intent.KEYCODE_BACK from system 1732:system/1000 pkg android
04-25 15:42:30.966  1732  1917 E ActivityManager: java.lang.Throwable
04-25 15:42:30.966  1732  1917 E ActivityManager: 	at com.android.server.am.ActivityManagerService.checkBroadcastFromSystem(ActivityManagerService.java:13186)
04-25 15:42:30.966  1732  1917 E ActivityManager: 	at com.android.server.am.ActivityManagerService.broadcastIntentLocked(ActivityManagerService.java:13791)
04-25 15:42:30.966  1732  1917 E ActivityManager: 	at com.android.server.am.ActivityManagerService.broadcastIntentLocked(ActivityManagerService.java:13204)
04-25 15:42:30.966  1732  1917 E ActivityManager: 	at com.android.server.am.ActivityManagerService.broadcastIntentWithFeature(ActivityManagerService.java:14045)
04-25 15:42:30.966  1732  1917 E ActivityManager: 	at android.app.ContextImpl.sendBroadcastAsUser(ContextImpl.java:1400)
04-25 15:42:30.966  1732  1917 E ActivityManager: 	at com.android.server.policy.BaseMiuiPhoneWindowManager$16.run(BaseMiuiPhoneWindowManager.java:2795)
04-25 15:42:30.966  1732  1917 E ActivityManager: 	at android.os.Handler.handleCallback(Handler.java:938)
04-25 15:42:30.966  1732  1917 E ActivityManager: 	at android.os.Handler.dispatchMessage(Handler.java:99)
04-25 15:42:30.966  1732  1917 E ActivityManager: 	at android.os.Looper.loopOnce(Looper.java:210)
04-25 15:42:30.966  1732  1917 E ActivityManager: 	at android.os.Looper.loop(Looper.java:299)
04-25 15:42:30.966  1732  1917 E ActivityManager: 	at android.os.HandlerThread.run(HandlerThread.java:67)
04-25 15:42:30.966  1732  1917 E ActivityManager: 	at com.android.server.ServiceThread.run(ServiceThread.java:46)
04-25 15:42:30.966  1732  1917 E ActivityManager: 	at com.android.server.UiThread.run(UiThread.java:45)
04-25 15:42:30.966  2926  3067 D GesturesBackController: onPointerEvent MotionEvent.ACTION_UP stopGestures isFinish:true speed:1
04-25 15:42:30.966  2926  3067 D GesturesBackController: mSwipeStatus != SWIPE_STATUS_ANIMATING, processPointerEvent
04-25 15:42:30.966  1732  2046 I DropBoxManagerService: add tag=system_server_wtf isTagEnabled=true flags=0x2
04-25 15:42:30.966  1732  2347 D MIUIInput: [KeyEvent] publisher action:0x0,  keyCode:4 , 744802973,channel 'aef3160 com.chat2goo.app/com.chat2goo.app.MainActivity (server)' 
04-25 15:42:30.967  1732  1917 E ActivityManager: Sending non-protected broadcast miui.intent.KEYCODE_BACK from system 1732:system/1000 pkg android
04-25 15:42:30.967  1732  1917 E ActivityManager: java.lang.Throwable
04-25 15:42:30.967  1732  1917 E ActivityManager: 	at com.android.server.am.ActivityManagerService.checkBroadcastFromSystem(ActivityManagerService.java:13186)
04-25 15:42:30.967  1732  1917 E ActivityManager: 	at com.android.server.am.ActivityManagerService.broadcastIntentLocked(ActivityManagerService.java:13886)
04-25 15:42:30.967  1732  1917 E ActivityManager: 	at com.android.server.am.ActivityManagerService.broadcastIntentLocked(ActivityManagerService.java:13204)
04-25 15:42:30.967  1732  1917 E ActivityManager: 	at com.android.server.am.ActivityManagerService.broadcastIntentWithFeature(ActivityManagerService.java:14045)
04-25 15:42:30.967  1732  1917 E ActivityManager: 	at android.app.ContextImpl.sendBroadcastAsUser(ContextImpl.java:1400)
04-25 15:42:30.967  1732  1917 E ActivityManager: 	at com.android.server.policy.BaseMiuiPhoneWindowManager$16.run(BaseMiuiPhoneWindowManager.java:2795)
04-25 15:42:30.967  1732  1917 E ActivityManager: 	at android.os.Handler.handleCallback(Handler.java:938)
04-25 15:42:30.967  1732  1917 E ActivityManager: 	at android.os.Handler.dispatchMessage(Handler.java:99)
04-25 15:42:30.967  1732  1917 E ActivityManager: 	at android.os.Looper.loopOnce(Looper.java:210)
04-25 15:42:30.967  1732  1917 E ActivityManager: 	at android.os.Looper.loop(Looper.java:299)
04-25 15:42:30.967  1732  1917 E ActivityManager: 	at android.os.HandlerThread.run(HandlerThread.java:67)
04-25 15:42:30.967  1732  1917 E ActivityManager: 	at com.android.server.ServiceThread.run(ServiceThread.java:46)
04-25 15:42:30.967  1732  1917 E ActivityManager: 	at com.android.server.UiThread.run(UiThread.java:45)
04-25 15:42:30.969 29428 29428 D MIUIInput: [KeyEvent] ViewRootImpl windowName 'com.chat2goo.app/com.chat2goo.app.MainActivity', KeyEvent { action=ACTION_DOWN, keyCode=KEYCODE_BACK, scanCode=0, metaState=0, flags=0x8, repeatCount=0, eventTime=744802973, downTime=744802973, deviceId=-1, source=0x101, displayId=0 }, phoneEventTime=15:42:30.961
04-25 15:42:30.970  1732  2046 W DropBoxManagerService: Dropping: system_server_wtf (1481 > 0 bytes)
04-25 15:42:30.971  1732  2616 D MiuiFreeFormGestureController: handleFreeFormReceiver intent=Intent { act=miui.intent.KEYCODE_BACK flg=0x10 (has extras) }
04-25 15:42:30.971  1732  2616 D MiuiFreeFormGestureController: handleFreeFormReceiver intent=Intent { act=miui.intent.KEYCODE_BACK flg=0x10 (has extras) }
04-25 15:42:30.972  1732  2046 I DropBoxManagerService: add tag=system_server_wtf isTagEnabled=true flags=0x2
04-25 15:42:30.974  1732  2046 W DropBoxManagerService: Dropping: system_server_wtf (1481 > 0 bytes)
04-25 15:42:30.975  1732  2347 D MIUIInput: [KeyEvent] publisher action:0x1,  keyCode:4 , 744802973,channel 'aef3160 com.chat2goo.app/com.chat2goo.app.MainActivity (server)' 
04-25 15:42:30.977  1732  2046 I DropBoxManagerService: add tag=system_server_wtf isTagEnabled=true flags=0x2
04-25 15:42:30.977 29428 29428 D MIUIInput: [KeyEvent] ViewRootImpl windowName 'com.chat2goo.app/com.chat2goo.app.MainActivity', KeyEvent { action=ACTION_UP, keyCode=KEYCODE_BACK, scanCode=0, metaState=0, flags=0x8, repeatCount=0, eventTime=744802973, downTime=744802973, deviceId=-1, source=0x101, displayId=0 }, phoneEventTime=15:42:30.961
04-25 15:42:30.978  1732  2046 W DropBoxManagerService: Dropping: system_server_wtf (1481 > 0 bytes)
04-25 15:42:30.980  1732  2046 I DropBoxManagerService: add tag=system_server_wtf isTagEnabled=true flags=0x2
04-25 15:42:30.980 29428 29428 V Capacitor/AppPlugin: Notifying listeners for event backButton
04-25 15:42:30.981  1732  2046 W DropBoxManagerService: Dropping: system_server_wtf (1481 > 0 bytes)
04-25 15:42:30.985 29428 29428 I Capacitor/Console: File:  - Line 333 - Msg: {"canGoBack":true}
04-25 15:42:30.994 29428 29484 D Capacitor: Handling local request: https://localhost/app-logs/69eb7c616f8cce3ef6b2bad6/log-user-in-app/home
04-25 15:42:31.009 29428 29428 W Capacitor/Console: File: https://localhost/assets/index-CeV56o-G.js - Line 270 - Msg: Using addListener() without 'await' is deprecated.
04-25 15:42:31.010 29428 29428 W Capacitor/Console: File: https://localhost/assets/index-CeV56o-G.js - Line 270 - Msg: Using addListener() without 'await' is deprecated.
04-25 15:42:31.011 29428 29428 I Capacitor/Console: File:  - Line 349 - Msg: [object Object]
04-25 15:42:31.012 29428 29428 I Capacitor/Console: File:  - Line 349 - Msg: [object Object]
04-25 15:42:31.012 29428 29428 I Capacitor/Console: File:  - Line 349 - Msg: [object Object]
04-25 15:42:31.013 29428 29428 I Capacitor/Console: File:  - Line 349 - Msg: [object Object]
04-25 15:42:31.013 29428 29428 V Capacitor/Plugin: To native (Capacitor plugin): callbackId: 27781690, pluginId: LocalNotifications, methodName: addListener
04-25 15:42:31.014 29428 29428 V Capacitor: callback: 27781690, pluginId: LocalNotifications, methodName: addListener, methodData: {"eventName":"localNotificationActionPerformed"}
04-25 15:42:31.014 29428 29428 V Capacitor/Plugin: To native (Capacitor plugin): callbackId: 27781691, pluginId: PushNotifications, methodName: addListener
04-25 15:42:31.014 29428 29428 V Capacitor: callback: 27781691, pluginId: PushNotifications, methodName: addListener, methodData: {"eventName":"pushNotificationActionPerformed"}
04-25 15:42:31.015 29428 29428 V Capacitor/Plugin: To native (Capacitor plugin): callbackId: 27781692, pluginId: LocalNotifications, methodName: removeListener
04-25 15:42:31.015 29428 29428 V Capacitor: callback: 27781692, pluginId: LocalNotifications, methodName: removeListener, methodData: {"eventName":"localNotificationActionPerformed","callbackId":"27781680"}
04-25 15:42:31.015 29428 29428 V Capacitor/Plugin: To native (Capacitor plugin): callbackId: 27781693, pluginId: PushNotifications, methodName: removeListener
04-25 15:42:31.015 29428 29428 V Capacitor: callback: 27781693, pluginId: PushNotifications, methodName: removeListener, methodData: {"eventName":"pushNotificationActionPerformed","callbackId":"27781681"}
04-25 15:42:31.023 29428 29484 D Capacitor: Handling CapacitorHttp request: https://localhost/_capacitor_http_interceptor_?u=https%3A%2F%2Fgpcduahypyynjlcgodnl.supabase.co%2Frest%2Fv1%2Fusers%3Fselect%3D*%26email%3Deq.elproject.dev%2540gmail.com
04-25 15:42:31.023 29428 29485 D Capacitor: Handling CapacitorHttp request: https://localhost/_capacitor_http_interceptor_?u=https%3A%2F%2Fgpcduahypyynjlcgodnl.supabase.co%2Frest%2Fv1%2Fconversations%3Fselect%3D*%26order%3Dupdated_at.desc%26limit%3D50
04-25 15:42:31.024 29428 29485 I CapacitorCookies: Getting cookies at: 'https://gpcduahypyynjlcgodnl.supabase.co/rest/v1/conversations?select=*&order=updated_at.desc&limit=50'
04-25 15:42:31.024 29428 29484 I CapacitorCookies: Getting cookies at: 'https://gpcduahypyynjlcgodnl.supabase.co/rest/v1/users?select=*&email=eq.elproject.dev%40gmail.com'
04-25 15:42:31.033 29428 29483 I CapacitorCookies: Setting cookie '__cf_bm=86AX5lB1JFsBzX.9IpPYAQJ6_wH8SNuFNveZp6_etkQ-1777106551.0473304-1.0.1.1-YnxpzvzEOj.PuDP6XV2gq91h3kNmq68UDB8U1HblmLO9mHyPK7p204mJ81n49xenCmNQaKtBnUw7Tnb8BjXmUhsaykmubcAlEHGIVn74H64NkQR5iFzYvWmGBYAWeEBz; HttpOnly; Secure; Path=/; Domain=supabase.co; Expires=Sat, 25 Apr 2026 09:12:31 GMT' at: 'https://gpcduahypyynjlcgodnl.supabase.co/rest/v1/messages?select=*&order=created_at.asc&limit=100&conversation_id=eq.eef734ac-6849-420f-ad7f-af926d5484d1'
04-25 15:42:31.035 29428 29483 I CapacitorCookies: Setting cookie '__cf_bm=86AX5lB1JFsBzX.9IpPYAQJ6_wH8SNuFNveZp6_etkQ-1777106551.0473304-1.0.1.1-YnxpzvzEOj.PuDP6XV2gq91h3kNmq68UDB8U1HblmLO9mHyPK7p204mJ81n49xenCmNQaKtBnUw7Tnb8BjXmUhsaykmubcAlEHGIVn74H64NkQR5iFzYvWmGBYAWeEBz; HttpOnly; Secure; Path=/; Domain=supabase.co; Expires=Sat, 25 Apr 2026 09:12:31 GMT' at: 'https://supabase.co'
04-25 15:42:31.067  2926  3067 W GestureStubView: adaptRotation   currentRotation=0   mRotation=0
04-25 15:42:31.068  2926  3067 D GestureStubView: resetRenderProperty: MSG_RESET_ANIMATING_STATUS   isLayoutParamChanged=true
04-25 15:42:31.068  2926  3067 D GestureStubView: reset animating status
04-25 15:42:31.078  1732  1769 I WindowManagerService: Physical orientation not applied, rotation=0
04-25 15:42:31.079  2926  3067 D GestureStubView: gatherTransparentRegion: need render w:54  h:1440
04-25 15:42:31.085  2926  3067 D GestureStubView: gatherTransparentRegion: need render w:54  h:1440
04-25 15:42:31.118  1732  2324 V AlarmManager: Triggering alarm #0: Alarm{65f9d20 type 1 origWhen 1777106546173 whenElapsed 2008987206 com.chat2goo.app}
04-25 15:42:31.120  1732  2046 D CompatibilityInfo: mCompatibilityFlags - 0
04-25 15:42:31.120  1732  2046 D CompatibilityInfo: applicationDensity - 432
04-25 15:42:31.120  1732  2046 D CompatibilityInfo: applicationScale - 1.0
04-25 15:42:31.123 29428 29428 V Capacitor/LocalNotificationsPlugin: Notifying listeners for event localNotificationReceived
04-25 15:42:31.123 29428 29428 D Capacitor/LocalNotificationsPlugin: No listeners found for event localNotificationReceived
04-25 15:42:31.165 29428 29485 I CapacitorCookies: Setting cookie '__cf_bm=g5gj1Nfm1j1kKf.UV_1Cq7o_P1ba.cuT.HVMDG8Ba00-1777106551.1818542-1.0.1.1-weMBgdPY4NpcWOzHtoYkmeuEMEsdBqei4FQ6nWSzTo4XJFll37m5XAz_HVGFtuhLVJ0G4beauHIPztLm6E9vxyW.4LZP80rmuVWhGh_ABIrYYxeFqiV8lh74mzdBA_yc; HttpOnly; Secure; Path=/; Domain=supabase.co; Expires=Sat, 25 Apr 2026 09:12:31 GMT' at: 'https://gpcduahypyynjlcgodnl.supabase.co/rest/v1/conversations?select=*&order=updated_at.desc&limit=50'
04-25 15:42:31.165 29428 29484 I CapacitorCookies: Setting cookie '__cf_bm=zI190Vt0FUWRJmkoI12RyR_.JeqshMiJSLI2qK6dG8Y-1777106551.1824403-1.0.1.1-W0IS8ccao8oqWbgFMun9HngTKzdtKu_NV0bihC2lBBORVJMXsrMeql8BSWig_sngkm8tpm.Yo2NaUf8_U80Q_eTOhIBpbR4D4f2mrN9GbR47BE8jP9FY2Vv8708r4jJ2; HttpOnly; Secure; Path=/; Domain=supabase.co; Expires=Sat, 25 Apr 2026 09:12:31 GMT' at: 'https://gpcduahypyynjlcgodnl.supabase.co/rest/v1/users?select=*&email=eq.elproject.dev%40gmail.com'
04-25 15:42:31.168 29428 29485 I CapacitorCookies: Setting cookie '__cf_bm=g5gj1Nfm1j1kKf.UV_1Cq7o_P1ba.cuT.HVMDG8Ba00-1777106551.1818542-1.0.1.1-weMBgdPY4NpcWOzHtoYkmeuEMEsdBqei4FQ6nWSzTo4XJFll37m5XAz_HVGFtuhLVJ0G4beauHIPztLm6E9vxyW.4LZP80rmuVWhGh_ABIrYYxeFqiV8lh74mzdBA_yc; HttpOnly; Secure; Path=/; Domain=supabase.co; Expires=Sat, 25 Apr 2026 09:12:31 GMT' at: 'https://supabase.co'
04-25 15:42:31.168 29428 29484 I CapacitorCookies: Setting cookie '__cf_bm=zI190Vt0FUWRJmkoI12RyR_.JeqshMiJSLI2qK6dG8Y-1777106551.1824403-1.0.1.1-W0IS8ccao8oqWbgFMun9HngTKzdtKu_NV0bihC2lBBORVJMXsrMeql8BSWig_sngkm8tpm.Yo2NaUf8_U80Q_eTOhIBpbR4D4f2mrN9GbR47BE8jP9FY2Vv8708r4jJ2; HttpOnly; Secure; Path=/; Domain=supabase.co; Expires=Sat, 25 Apr 2026 09:12:31 GMT' at: 'https://supabase.co'
04-25 15:42:31.187 29428 29483 D Capacitor: Handling CapacitorHttp request: https://localhost/_capacitor_http_interceptor_?u=https%3A%2F%2Fgpcduahypyynjlcgodnl.supabase.co%2Frest%2Fv1%2Fmessages%3Fselect%3Dread_by%252Csender_email%26conversation_id%3Deq.eef734ac-6849-420f-ad7f-af926d5484d1
04-25 15:42:31.190 29428 29483 I CapacitorCookies: Getting cookies at: 'https://gpcduahypyynjlcgodnl.supabase.co/rest/v1/messages?select=read_by%2Csender_email&conversation_id=eq.eef734ac-6849-420f-ad7f-af926d5484d1'
04-25 15:42:31.332 29428 29483 I CapacitorCookies: Setting cookie '__cf_bm=IRnMPY6UBRXpBRK5UoqPcbDj_KYGCw1Y_LMzWRRKdzU-1777106551.344345-1.0.1.1-6x5iiLivqB1hwLb31z1LPRnZwkelI4Q6L2c7yODWkscN5_qyxVGWaxGN1DGAH6zU4XCnzHO5dV5wFcqvKrYqxARFaNdfCUbhocE3nJFKcSiyJz6SK5COyqT2drPxtrlp; HttpOnly; Secure; Path=/; Domain=supabase.co; Expires=Sat, 25 Apr 2026 09:12:31 GMT' at: 'https://gpcduahypyynjlcgodnl.supabase.co/rest/v1/messages?select=read_by%2Csender_email&conversation_id=eq.eef734ac-6849-420f-ad7f-af926d5484d1'
04-25 15:42:31.338 29428 29483 I CapacitorCookies: Setting cookie '__cf_bm=IRnMPY6UBRXpBRK5UoqPcbDj_KYGCw1Y_LMzWRRKdzU-1777106551.344345-1.0.1.1-6x5iiLivqB1hwLb31z1LPRnZwkelI4Q6L2c7yODWkscN5_qyxVGWaxGN1DGAH6zU4XCnzHO5dV5wFcqvKrYqxARFaNdfCUbhocE3nJFKcSiyJz6SK5COyqT2drPxtrlp; HttpOnly; Secure; Path=/; Domain=supabase.co; Expires=Sat, 25 Apr 2026 09:12:31 GMT' at: 'https://supabase.co'
04-25 15:42:31.341  1732  1732 W NotificationHistory: Attempted to add notif for locked/gone/disabled user 0
04-25 15:42:31.354  5545  5545 W FirebaseRemoteConfig: No value of type 'FirebaseRemoteConfigValue' exists for parameter key 'enable_push_monitor_broadcast'.
04-25 15:42:31.355  2785 30257 D IpClient/wlan0: interfaceLinkStateChanged: ifindex 30 up
04-25 15:42:31.361  4325  4325 D MiBarrage: No barrage: not in game scene or in video scene
04-25 15:42:31.373  2922  2922 D InterruptionStateProvider: No bubble up: not allowed to bubble: 0|com.chat2goo.app|977632|null|10488
04-25 15:42:31.375  2922  2922 D MiuiBarrageController: IsGameMode:false BarrageSwitch:false BarragePermissionEnabled true
04-25 15:42:31.375  2922  2922 D MiuiBarrageController: bApps: bSwitch:false	bPermissionEnabled false
04-25 15:42:31.375  2922  2922 W NotifBindPipeline: Row is not set so pipeline will not run. notif = 0|com.chat2goo.app|977632|null|10488
04-25 15:42:31.380  2922  3116 D PeopleSpaceWidgetMgr: Sbn doesn't contain valid PeopleTileKey: null/0/com.chat2goo.app
04-25 15:42:31.385  2922  2922 D InterruptionStateProvider: No bubble up: not allowed to bubble: 0|com.chat2goo.app|977632|null|10488
04-25 15:42:31.385  2922  2922 D InterruptionStateProvider: No alerting: suppressed due to group alert behavior
04-25 15:42:31.385  2922  2922 D InterruptionStateProvider: No bubble up: not allowed to bubble: 0|com.chat2goo.app|476851|null|10488
04-25 15:42:31.385  2922  2922 D InterruptionStateProvider: No bubble up: not allowed to bubble: 0|com.chat2goo.app|17363|null|10488
04-25 15:42:31.385  2922  2922 D InterruptionStateProvider: No alerting: suppressed due to group alert behavior
04-25 15:42:31.385  2922  2922 D InterruptionStateProvider: No bubble up: not allowed to bubble: 0|com.facebook.katana|744319504|null|10239
04-25 15:42:31.385  2922  2922 D InterruptionStateProvider: No bubble up: not allowed to bubble: 0|com.facebook.katana|744204923|null|10239
04-25 15:42:31.385  2922  2922 D InterruptionStateProvider: No bubble up: not allowed to bubble: 0|com.facebook.katana|742362192|null|10239
04-25 15:42:31.385  2922  2922 D InterruptionStateProvider: No bubble up: not allowed to bubble: 0|com.facebook.katana|739674469|null|10239
04-25 15:42:31.385  2922  2922 D InterruptionStateProvider: No alerting: suppressed due to group alert behavior
04-25 15:42:31.386  2922  2922 D InterruptionStateProvider: No bubble up: not allowed to bubble: -1|android|26|null|1000
04-25 15:42:31.386  2922  2922 D InterruptionStateProvider: No bubble up: not allowed to bubble: -1|android|32|null|1000
04-25 15:42:31.445  2922  2922 D StatusBar: disable<e i a s b h r c s > disable2<q i n >
04-25 15:42:31.445  2922  2922 D CollapsedStatusBarFragment: adjustDisableFlags: mStatusBarView.getState() = 1 mHideIconsForBouncer = false mWereIconsJustHidden = false, mWakeUpCoordinator.getNotificationsFullyHidden = false, mIsExpanded = false, mBypassController.getBypassEnabled = false, mStatusBarStateController.getState() = 0, mKeyguardStateController.isKeyguardGoingAway() = false, mHeadsUpManager.hasPinnedHeadsUp = true, mIsLaunchAnimationRunning = false, mHideIconsDuringLaunchAnimation = false, isFullWidth()true, mShowIconsWhenExpanded = true, mControlPanelExpand = false
04-25 15:42:31.445  1732  1769 I ProcessManager: registerForegroundWindowListener, caller=2922, listener=miui.process.IForegroundWindowListener$Stub$Proxy@deff038
04-25 15:42:31.446  2922  2922 W TouchableRegionManager: onHeadsUpPinnedModeChanged
04-25 15:42:31.490  1732  4883 I WindowManagerService: Physical orientation not applied, rotation=0
04-25 15:42:31.490  2922  3116 I BoostHelper: boost: add myTid: 2922
04-25 15:42:31.490  2922  3116 I BoostHelper: boost: add mRenderThreadTid: 3355
04-25 15:42:31.491  2922  3116 I BoostHelper: boostThreadLegacy sched thread [2922, 3355] is run,mod=6
04-25 15:42:31.491  2922  3116 D NotificationProvider: call method=updateNotificationUsageInfo extras=Bundle[{packageName=com.chat2goo.app}]
04-25 15:42:31.500  1732  1769 I QuietUtils: type:5, flags:0, cpkg:android
04-25 15:42:31.504  1732  1769 E ActivityManager: Sending non-protected broadcast android.intent.action.APPLICATION_MESSAGE_UPDATE from system 2922:com.android.systemui/1000 pkg com.android.systemui
04-25 15:42:31.504  1732  1769 E ActivityManager: java.lang.Throwable
04-25 15:42:31.504  1732  1769 E ActivityManager: 	at com.android.server.am.ActivityManagerService.checkBroadcastFromSystem(ActivityManagerService.java:13186)
04-25 15:42:31.504  1732  1769 E ActivityManager: 	at com.android.server.am.ActivityManagerService.broadcastIntentLocked(ActivityManagerService.java:13791)
04-25 15:42:31.504  1732  1769 E ActivityManager: 	at com.android.server.am.ActivityManagerService.broadcastIntentLocked(ActivityManagerService.java:13204)
04-25 15:42:31.504  1732  1769 E ActivityManager: 	at com.android.server.am.ActivityManagerService.broadcastIntentWithFeature(ActivityManagerService.java:14045)
04-25 15:42:31.504  1732  1769 E ActivityManager: 	at android.app.IActivityManager$Stub.onTransact(IActivityManager.java:2439)
04-25 15:42:31.504  1732  1769 E ActivityManager: 	at com.android.server.am.ActivityManagerService.onTransact(ActivityManagerService.java:2559)
04-25 15:42:31.504  1732  1769 E ActivityManager: 	at android.os.Binder.execTransactInternal(Binder.java:1187)
04-25 15:42:31.504  1732  1769 E ActivityManager: 	at android.os.Binder.execTransact(Binder.java:1146)
04-25 15:42:31.507  1732  2046 I DropBoxManagerService: add tag=system_server_wtf isTagEnabled=true flags=0x2
04-25 15:42:31.509  1732  2046 W DropBoxManagerService: Dropping: system_server_wtf (1265 > 0 bytes)
04-25 15:42:31.510  1732  4883 I WindowManagerService: Physical orientation not applied, rotation=0
04-25 15:42:31.511  2922  3116 I BoostHelper: boost: add myTid: 2922
04-25 15:42:31.511  2922  3116 I BoostHelper: boost: add mRenderThreadTid: 3355
04-25 15:42:31.512  2922  3116 I BoostHelper: boostThreadLegacy sched thread [2922, 3355] is run,mod=6
04-25 15:42:31.513  2926  3003 I Launcher.ApplicationsMessage: onReceive true
04-25 15:42:31.513  2926  3003 I Launcher.ApplicationsMessage: update com.chat2goo.app/ to 3
04-25 15:42:31.520  1488  1592 D NuPlayerDriver: NuPlayerDriver(0xf7714b80) created, clientPid(2922)
04-25 15:42:31.526  1732  4272 D WindowManager: finishDrawingLocked: mDrawState=COMMIT_DRAW_PENDING Window{41de6a4 u0 NotificationShade} in Surface(name=NotificationShade)/@0xe96954e
04-25 15:42:31.542  1488  2717 D GenericSource: FileSource remote
04-25 15:42:31.550  1485 15051 I MMParserExtractor: Created(0xb400007bb38238c0)
04-25 15:42:31.553  1485 15051 D MediaBufferGroup: creating MemoryDealer
04-25 15:42:31.561  1732  4272 I MediaFocusControl: requestAudioFocus() from uid/pid 1000/2922 AA=USAGE_NOTIFICATION/CONTENT_TYPE_SONIFICATION clientId=android.media.AudioManager@85e841e callingPack=com.android.systemui req=3 flags=0x0 sdk=31
04-25 15:42:31.561  1732  4272 I AudioService.FadeOutManager: unfadeOutUid() uid:1000
04-25 15:42:32.007  1046  1046 D vendor.hardware.vibratorfeature: Vibrator on for timeoutMs: 350
04-25 15:42:32.008  1046  2720 D vendor.hardware.vibratorfeature: Starting on on another thread
04-25 15:42:32.008  1046  1046 D vendor.hardware.vibratorfeature: Vibrator set amplitude: 1.000000
04-25 15:42:32.066  1488  2714 I GenericSource: start
04-25 15:42:32.067  1732  1732 D MediaRouter: onRestoreRoute() : route=RouteInfo{ name=Ponsel, description=null, status=null, category=RouteCategory{ name=Sistem types=ROUTE_TYPE_LIVE_AUDIO ROUTE_TYPE_LIVE_VIDEO  groupable=false }, supportedTypes=ROUTE_TYPE_LIVE_AUDIO ROUTE_TYPE_LIVE_VIDEO , presentationDisplay=null }
04-25 15:42:32.067  1732  1732 V MediaRouter: Selecting route: RouteInfo{ name=Ponsel, description=null, status=null, category=RouteCategory{ name=Sistem types=ROUTE_TYPE_LIVE_AUDIO ROUTE_TYPE_LIVE_VIDEO  groupable=false }, supportedTypes=ROUTE_TYPE_LIVE_AUDIO ROUTE_TYPE_LIVE_VIDEO , presentationDisplay=null }
04-25 15:42:32.068  1488  2714 W Utils   : track of type 'audio/raw' does not publish channel mask, channel count 2
04-25 15:42:32.074  1488  2714 W Utils   : track of type 'audio/raw' does not publish channel mask, channel count 2
04-25 15:42:32.077   989 29104 D audio_hw_primary: adev_get_parameters:is_hw_dec_session_available
04-25 15:42:32.077   989 29104 D audio_hw_spkr_prot: fbsp_get_parameters: Speaker protection disabled
04-25 15:42:32.077   989 29104 D soundtrigger: audio_extn_sound_trigger_get_parameters input string<is_hw_dec_session_available=>
04-25 15:42:32.077   989 29104 D soundtrigger: extract_sm_handle input string <is_hw_dec_session_available=> param string <is_hw_dec_session_available=>
04-25 15:42:32.077   989 29104 D audio_hw_extn: audio_extn_fm_get_parameters: Enter
04-25 15:42:32.077   989 29104 D audio_hw_extn: audio_extn_get_parameters: returns 
04-25 15:42:32.077   989 29104 D audio_hw_primary: adev_get_parameters: exit: returns - 
04-25 15:42:32.078  1103  4112 I hash_map_utils: system/bt/osi/src/hash_map_utils.cc:81 hash_map_utils_dump_string_keys_string_values: key: 'is_hw_dec_session_available' value: 'audio/raw'
04-25 15:42:32.083  1488  2723 D CCodec  : allocate(c2.android.raw.decoder)
04-25 15:42:32.088  1488  2723 I CCodec  : setting up 'default' as default (vendor) store
04-25 15:42:32.099  1488 15122 D BufferPoolAccessor2.0: bufferpool2 0xf785e2d8 : 0(0 size) total buffers - 0(0 size) used buffers - 215/227 (recycle/alloc) - 16/448 (fetch/transfer)
04-25 15:42:32.100  1488 15122 D BufferPoolAccessor2.0: Destruction - bufferpool2 0xf785e2d8 cached: 0/0M, 0/0% in use; allocs: 227, 95% recycled; transfers: 448, 96% unfetched
04-25 15:42:32.100  1488 15122 D BufferPoolAccessor2.0: bufferpool2 0xf6c3e598 : 0(0 size) total buffers - 0(0 size) used buffers - 74/82 (recycle/alloc) - 8/156 (fetch/transfer)
04-25 15:42:32.100  1488 15122 D BufferPoolAccessor2.0: Destruction - bufferpool2 0xf6c3e598 cached: 0/0M, 0/0% in use; allocs: 82, 90% recycled; transfers: 156, 95% unfetched
04-25 15:42:32.100  1559 19077 D BufferPoolAccessor2.0: bufferpool2 0xb400006f95746428 : 0(0 size) total buffers - 0(0 size) used buffers - 0/0 (recycle/alloc) - 0/0 (fetch/transfer)
