04-25 15:44:44.398  2922  2922 D MiuiFaceManager: inernational:true supportR:[ALL] nowR:ID
04-25 15:44:44.398  2922  2922 D MiuiFaceManager: inernational:true supportR:[ALL] nowR:ID
04-25 15:44:44.400  2922  2922 D QS      : setListening true
04-25 15:44:44.401 31120 17985 E MiuiKeyguardWallpaperWindow: mWallapperType:PICTORIAL type:PICTORIAL
04-25 15:44:44.401   604   642 D DrmLibTime: got the req here! ret=0
04-25 15:44:44.401   604   642 D DrmLibTime: command id, time_cmd_id = 770
04-25 15:44:44.401   604   642 D DrmLibTime: time_getutcsec starts!
04-25 15:44:44.401   604   642 D DrmLibTime: QSEE Time Listener: time_getutcsec
04-25 15:44:44.401   604   642 D DrmLibTime: QSEE Time Listener: get_utc_seconds
04-25 15:44:44.401   604   642 D DrmLibTime: QSEE Time Listener: time_get_modem_time
04-25 15:44:44.401   604   642 D DrmLibTime: QSEE Time Listener: Checking if ATS_MODEM is set or not.
04-25 15:44:44.401   604   642 D QC-time-services: Lib:time_genoff_operation: pargs->base = 13
04-25 15:44:44.401   604   642 D QC-time-services: Lib:time_genoff_operation: pargs->operation = 2
04-25 15:44:44.401   604   642 D QC-time-services: Lib:time_genoff_operation: pargs->ts_val = 0
04-25 15:44:44.401   604   642 D QC-time-services: Lib:time_genoff_operation: Send to server  passed!!
04-25 15:44:44.401   871  1085 D QC-time-services: Daemon: Connection accepted:time_genoff
04-25 15:44:44.402   871  3563 D QC-time-services: Daemon:Received base = 13, unit = 1, operation = 2,value = 0
04-25 15:44:44.402   871  3563 D QC-time-services: Daemon:genoff_opr: Base = 13, val = 0, operation = 2
04-25 15:44:44.402   871  3563 D QC-time-services: offset is: 1 for base: 13
04-25 15:44:44.402   604   642 E QC-time-services: Receive Passed == base = 13, unit = 1, operation = 2, result = 0
04-25 15:44:44.402   604   642 D DrmLibTime: QSEE Time Listener: ATS_MODEM is set. Try to retrieve it.
04-25 15:44:44.402   871  1085 E QC-time-services: Daemon: Time-services: Waiting to acceptconnection
04-25 15:44:44.402   871  1085 D QC-time-services: Daemon: Connection accepted:time_genoff
04-25 15:44:44.402   871  3564 D QC-time-services: Daemon:Received base = 13, unit = 1, operation = 1,value = 0
04-25 15:44:44.402   871  3564 D QC-time-services: Daemon:genoff_opr: Base = 13, val = 0, operation = 1
04-25 15:44:44.402   871  3564 D QC-time-services: Daemon: genoff get for 13
04-25 15:44:44.402   871  3564 D QC-time-services: Daemon:Value read from QTimer mseconds = 2009123790
04-25 15:44:44.402   871  3564 D QC-time-services: Daemon:Value read from RTC mseconds on boot = 165871270000
04-25 15:44:44.402   871  3564 D QC-time-services: Daemon:Value read from QTimer mseconds = 2009123790
04-25 15:44:44.402   871  3564 D QC-time-services: Daemon:Value read from generic offset = 1609226317929
04-25 15:44:44.402   871  3564 D QC-time-services: Daemon:Delta read on boot mseconds = 165871240836
04-25 15:44:44.402   871  3564 D QC-time-services: Daemon:Final Time = 1777106682555
04-25 15:44:44.403   604   642 D DrmLibTime: QSEE Time Listener: Time GenOff - seconds: 1777106682
04-25 15:44:44.403   604   642 D DrmLibTime: time_getutcsec returns 0, sec = 1777106682; nsec = 0
04-25 15:44:44.403   604   642 D DrmLibTime: time_getutcsec finished! 
04-25 15:44:44.403   604   642 D DrmLibTime: iotcl_continue_command finished! and return 0 
04-25 15:44:44.403   604   642 D DrmLibTime: before calling ioctl to read the next time_cmd
04-25 15:44:44.403  2922  2922 D MiuiFaceManager: inernational:true supportR:[ALL] nowR:ID
04-25 15:44:44.403  2922  2922 D MiuiFaceManager: inernational:true supportR:[ALL] nowR:ID
04-25 15:44:44.403  2922  2922 D MiuiFaceManager: inernational:true supportR:[ALL] nowR:ID
04-25 15:44:44.405  2922  2922 E MiPlayAudioManager: supportMiPlayAudio
04-25 15:44:44.405  2922  2922 E MiPlayAudioManager: android.content.pm.PackageManager$NameNotFoundException: ComponentInfo{com.milink.service/com.miui.miplay.audio.service.CoreService}
04-25 15:44:44.405  2922  2922 E MiPlayAudioManager: 	at android.app.ApplicationPackageManager.getServiceInfo(ApplicationPackageManager.java:562)
04-25 15:44:44.405  2922  2922 E MiPlayAudioManager: 	at com.miui.miplay.audio.a.g.a(Unknown Source:20)
04-25 15:44:44.405  2922  2922 E MiPlayAudioManager: 	at com.android.systemui.MiPlayController.supportMiPlayAudio(Unknown Source:10)
04-25 15:44:44.405  2922  2922 E MiPlayAudioManager: 	at miui.systemui.controlcenter.panel.main.external.MiPlayEntryController.available(Unknown Source:12)
04-25 15:44:44.405  2922  2922 E MiPlayAudioManager: 	at miui.systemui.controlcenter.panel.main.external.ExternalEntriesController.distributeEntries(Unknown Source:64)
04-25 15:44:44.405  2922  2922 E MiPlayAudioManager: 	at miui.systemui.controlcenter.panel.main.external.DeviceControlEntryController$statusBarStateChangeListener$1.onStateChanged(Unknown Source:38)
04-25 15:44:44.405  2922  2922 E MiPlayAudioManager: 	at com.android.systemui.statusbar.StatusBarStateControllerImpl.setState(StatusBarStateControllerImpl.java:178)
04-25 15:44:44.405  2922  2922 E MiPlayAudioManager: 	at com.android.systemui.statusbar.SysuiStatusBarStateController.setState(SysuiStatusBarStateController.java:63)
04-25 15:44:44.405  2922  2922 E MiPlayAudioManager: 	at com.android.systemui.statusbar.phone.StatusBar.showKeyguardImpl(StatusBar.java:3663)
04-25 15:44:44.405  2922  2922 E MiPlayAudioManager: 	at com.android.systemui.statusbar.phone.StatusBar.updateIsKeyguard(StatusBar.java:3645)
04-25 15:44:44.405  2922  2922 E MiPlayAudioManager: 	at com.android.systemui.statusbar.phone.StatusBar.updateIsKeyguard(StatusBar.java:3608)
04-25 15:44:44.405  2922  2922 E MiPlayAudioManager: 	at com.android.systemui.statusbar.phone.StatusBar.showKeyguard(StatusBar.java:3590)
04-25 15:44:44.405  2922  2922 E MiPlayAudioManager: 	at com.android.systemui.statusbar.phone.StatusBarKeyguardViewManager.showBouncerOrKeyguard(StatusBarKeyguardViewManager.java:408)
04-25 15:44:44.405  2922  2922 E MiPlayAudioManager: 	at com.android.systemui.statusbar.phone.StatusBarKeyguardViewManager.reset(StatusBarKeyguardViewManager.java:553)
04-25 15:44:44.405  2922  2922 E MiPlayAudioManager: 	at com.android.systemui.statusbar.phone.StatusBarKeyguardViewManager.show(StatusBarKeyguardViewManager.java:393)
04-25 15:44:44.405  2922  2922 E MiPlayAudioManager: 	at com.android.systemui.keyguard.KeyguardViewMediator.handleShow(KeyguardViewMediator.java:2235)
04-25 15:44:44.405  2922  2922 E MiPlayAudioManager: 	at com.android.systemui.keyguard.KeyguardViewMediator.access$3800(KeyguardViewMediator.java:194)
04-25 15:44:44.405  2922  2922 E MiPlayAudioManager: 	at com.android.systemui.keyguard.KeyguardViewMediator$6.handleMessage(KeyguardViewMediator.java:1952)
04-25 15:44:44.405  2922  2922 E MiPlayAudioManager: 	at android.os.Handler.dispatchMessage(Handler.java:106)
04-25 15:44:44.405  2922  2922 E MiPlayAudioManager: 	at android.os.Looper.loopOnce(Looper.java:210)
04-25 15:44:44.405  2922  2922 E MiPlayAudioManager: 	at android.os.Looper.loop(Looper.java:299)
04-25 15:44:44.405  2922  2922 E MiPlayAudioManager: 	at android.app.ActivityThread.main(ActivityThread.java:8319)
04-25 15:44:44.405  2922  2922 E MiPlayAudioManager: 	at java.lang.reflect.Method.invoke(Native Method)
04-25 15:44:44.405  2922  2922 E MiPlayAudioManager: 	at com.android.internal.os.RuntimeInit$MethodAndArgsCaller.run(RuntimeInit.java:556)
04-25 15:44:44.405  2922  2922 E MiPlayAudioManager: 	at com.android.internal.os.ZygoteInit.main(ZygoteInit.java:1038)
04-25 15:44:44.406   871  1085 E QC-time-services: Daemon: Time-services: Waiting to acceptconnection
04-25 15:44:44.409  2922  2922 D StatusBar: disable<e i a s b h r c s > disable2<q i n >
04-25 15:44:44.410  2922  2922 D CollapsedStatusBarFragment: adjustDisableFlags: mStatusBarView.getState() = 0 mHideIconsForBouncer = false mWereIconsJustHidden = false, mWakeUpCoordinator.getNotificationsFullyHidden = false, mIsExpanded = false, mBypassController.getBypassEnabled = false, mStatusBarStateController.getState() = 1, mKeyguardStateController.isKeyguardGoingAway() = false, mHeadsUpManager.hasPinnedHeadsUp = false, mIsLaunchAnimationRunning = false, mHideIconsDuringLaunchAnimation = false, isFullWidth()true, mShowIconsWhenExpanded = true, mControlPanelExpand = false
04-25 15:44:44.410  2922  2922 D QS      : setListening true
04-25 15:44:44.410  2922  2922 D StatusBar: disable<e i a s b h r c s > disable2<q i n >
04-25 15:44:44.411  2922  2922 D CollapsedStatusBarFragment: adjustDisableFlags: mStatusBarView.getState() = 1 mHideIconsForBouncer = false mWereIconsJustHidden = false, mWakeUpCoordinator.getNotificationsFullyHidden = false, mIsExpanded = false, mBypassController.getBypassEnabled = false, mStatusBarStateController.getState() = 1, mKeyguardStateController.isKeyguardGoingAway() = false, mHeadsUpManager.hasPinnedHeadsUp = false, mIsLaunchAnimationRunning = false, mHideIconsDuringLaunchAnimation = false, isFullWidth()true, mShowIconsWhenExpanded = true, mControlPanelExpand = false
04-25 15:44:44.411  2922  2922 D KeyguardViewMediator: adjustStatusBarLocked: mShowing=true mOccluded=false isSecure=true force=false --> flags=0x1600000 mUserId=0
04-25 15:44:44.415  2922  3180 D KeyguardViewMediator: updateActivityLockScreenState(true, false)
04-25 15:44:44.418  1732  4290 E ActivityManager: Sending non-protected broadcast com.android.systemui.fsgesture from system 2922:com.android.systemui/1000 pkg com.android.systemui
04-25 15:44:44.418  1732  4290 E ActivityManager: java.lang.Throwable
04-25 15:44:44.418  1732  4290 E ActivityManager: 	at com.android.server.am.ActivityManagerService.checkBroadcastFromSystem(ActivityManagerService.java:13186)
04-25 15:44:44.418  1732  4290 E ActivityManager: 	at com.android.server.am.ActivityManagerService.broadcastIntentLocked(ActivityManagerService.java:13791)
04-25 15:44:44.418  1732  4290 E ActivityManager: 	at com.android.server.am.ActivityManagerService.broadcastIntentLocked(ActivityManagerService.java:13204)
04-25 15:44:44.418  1732  4290 E ActivityManager: 	at com.android.server.am.ActivityManagerService.broadcastIntentWithFeature(ActivityManagerService.java:14045)
04-25 15:44:44.418  1732  4290 E ActivityManager: 	at android.app.IActivityManager$Stub.onTransact(IActivityManager.java:2439)
04-25 15:44:44.418  1732  4290 E ActivityManager: 	at com.android.server.am.ActivityManagerService.onTransact(ActivityManagerService.java:2559)
04-25 15:44:44.418  1732  4290 E ActivityManager: 	at android.os.Binder.execTransactInternal(Binder.java:1187)
04-25 15:44:44.418  1732  4290 E ActivityManager: 	at android.os.Binder.execTransact(Binder.java:1146)
04-25 15:44:44.419  1732  4290 E ActivityManager: Sending non-protected broadcast com.android.systemui.fsgesture from system 2922:com.android.systemui/1000 pkg com.android.systemui
04-25 15:44:44.419  1732  4290 E ActivityManager: java.lang.Throwable
04-25 15:44:44.419  1732  4290 E ActivityManager: 	at com.android.server.am.ActivityManagerService.checkBroadcastFromSystem(ActivityManagerService.java:13186)
04-25 15:44:44.419  1732  4290 E ActivityManager: 	at com.android.server.am.ActivityManagerService.broadcastIntentLocked(ActivityManagerService.java:13886)
04-25 15:44:44.419  1732  4290 E ActivityManager: 	at com.android.server.am.ActivityManagerService.broadcastIntentLocked(ActivityManagerService.java:13204)
04-25 15:44:44.419  1732  4290 E ActivityManager: 	at com.android.server.am.ActivityManagerService.broadcastIntentWithFeature(ActivityManagerService.java:14045)
04-25 15:44:44.419  1732  4290 E ActivityManager: 	at android.app.IActivityManager$Stub.onTransact(IActivityManager.java:2439)
04-25 15:44:44.419  1732  4290 E ActivityManager: 	at com.android.server.am.ActivityManagerService.onTransact(ActivityManagerService.java:2559)
04-25 15:44:44.419  1732  4290 E ActivityManager: 	at android.os.Binder.execTransactInternal(Binder.java:1187)
04-25 15:44:44.419  1732  4290 E ActivityManager: 	at android.os.Binder.execTransact(Binder.java:1146)
04-25 15:44:44.420  1732  2046 I DropBoxManagerService: add tag=system_server_wtf isTagEnabled=true flags=0x2
04-25 15:44:44.421  1732  2046 W DropBoxManagerService: Dropping: system_server_wtf (1247 > 0 bytes)
04-25 15:44:44.424  2922  2922 V KeyguardUpdateMonitor: *** register callback for com.android.keyguard.KeyguardHostViewController$1@3e1e8d
04-25 15:44:44.424  2922  2922 V KeyguardUpdateMonitor: *** unregister callback for null
04-25 15:44:44.426  1732  1732 D WindowManager:  ACTION_SCREEN_OFF true
04-25 15:44:44.426  2926  3003 W RecentsImpl: updateFsgWindowVisibilityState   isEnter=true   typeFrom=typefrom_keyguard   isOpen=true   mIsInAnotherPro=false   mIsStatusBarExpansion=false
04-25 15:44:44.426  2926  3067 D RecentsImpl: hideBackStubWindow
04-25 15:44:44.427  1732  2046 I DropBoxManagerService: add tag=system_server_wtf isTagEnabled=true flags=0x2
04-25 15:44:44.427  2926  2926 D RecentsImpl: hideNavStubView
04-25 15:44:44.427  2926  2926 D NavStubView_Touch: setKeepHidden    old=false   new=true
04-25 15:44:44.427  2926  2926 D NavStubView_Touch: updateTouchable    old=false   new=true
04-25 15:44:44.427  2926  2926 D NavStubView_Touch:   updateTouchable---requestApplyInsets
04-25 15:44:44.429  1732  2046 W DropBoxManagerService: Dropping: system_server_wtf (1247 > 0 bytes)
04-25 15:44:44.432  2922  2922 V KeyguardUpdateMonitor: *** register callback for com.android.keyguard.KeyguardMessageAreaController$1@c023ac0
04-25 15:44:44.432  2922  2922 V KeyguardUpdateMonitor: *** unregister callback for null
04-25 15:44:44.436  2922  2922 V KeyguardUpdateMonitor: *** register callback for com.android.keyguard.faceunlock.MiuiKeyguardFaceUnlockView$2@59daf3e
04-25 15:44:44.436  2922  2922 V KeyguardUpdateMonitor: *** unregister callback for null
04-25 15:44:44.436  2922  2922 D MiuiFaceManager: inernational:true supportR:[ALL] nowR:ID
04-25 15:44:44.436  2922  2922 D MiuiFaceManager: inernational:true supportR:[ALL] nowR:ID
04-25 15:44:44.436  2922  2922 D MiuiFaceManager: inernational:true supportR:[ALL] nowR:ID
04-25 15:44:44.437  2922  2922 V KeyguardUpdateMonitor: *** register callback for com.android.keyguard.EmergencyButtonController$1@77cb19f
04-25 15:44:44.437  2922  2922 V KeyguardUpdateMonitor: *** unregister callback for null
04-25 15:44:44.439  2922  2922 V KeyguardUpdateMonitor: *** register callback for com.android.keyguard.EmergencyButtonController$1@d7896b5
04-25 15:44:44.439  2922  2922 V KeyguardUpdateMonitor: *** unregister callback for null
04-25 15:44:44.440  1732  1732 D MiuiWifiService: cancelPeriodWifiScan trigger
04-25 15:44:44.441  2922  2922 D MiuiFaceManager: inernational:true supportR:[ALL] nowR:ID
04-25 15:44:44.441  2922  2922 D MiuiFaceManager: inernational:true supportR:[ALL] nowR:ID
04-25 15:44:44.441  1732  4292 D FingerprintService: onTransact() code: 18
04-25 15:44:44.442  1732  4292 D FingerprintService: onTransact() code: 22
04-25 15:44:44.442  2922  2922 I KeyguardViewMediator: getBouncerPromptReason trust = false biometrics = true bleUnlock = false strongAuth = 0
04-25 15:44:44.442  2922  2922 D KeyguardUpdateMonitor: onKeyguardVisibilityChanged(true)
04-25 15:44:44.442  2922  2922 D MiuiFaceManager: inernational:true supportR:[ALL] nowR:ID
04-25 15:44:44.442  2922  2922 D MiuiFaceManager: inernational:true supportR:[ALL] nowR:ID
04-25 15:44:44.442  1732  4292 D FingerprintService: onTransact() code: 18
04-25 15:44:44.443  1732  4292 D FingerprintService: onTransact() code: 22
04-25 15:44:44.443  2922  2922 E LockScreenMagazinePreView: getFullScreenLayout()  mRemoteFullScreenView:null
04-25 15:44:44.443  2922  2922 E LockScreenMagazinePreView: getFullScreenLayout()  mRemoteFullScreenView:null
04-25 15:44:44.443  2922  2922 D OneHandedController: stopOneHanded state isTransitioning or STATE_NONE
04-25 15:44:44.444  2926  2926 W NavStubView_Touch: onComputeInternalInsets  bounds=Rect(0, 0 - 1080, 67)   mHideGestureLine=false   mIsShowNavBar=true   mKeepHidden=true   mDisableTouch=false   mUseEmptyTouchableRegion=true
04-25 15:44:44.444  2926  2926 W NavStubView_Touch:   onComputeInternalInsets  empty
04-25 15:44:44.445  2922  2922 D MiuiFaceManager: inernational:true supportR:[ALL] nowR:ID
04-25 15:44:44.445  2922  2922 D MiuiFaceManager: inernational:true supportR:[ALL] nowR:ID
04-25 15:44:44.445  2922  2922 D KeyguardViewMediator: adjustStatusBarLocked: mShowing=true mOccluded=false isSecure=true force=false --> flags=0x1600000 mUserId=0
04-25 15:44:44.446  2922  2922 D MiuiFaceManager: inernational:true supportR:[ALL] nowR:ID
04-25 15:44:44.446  2922  2922 D MiuiFaceManager: inernational:true supportR:[ALL] nowR:ID
04-25 15:44:44.446 31120 17985 D MiuiKeyguardWallpaperRemoteService: onKeyguardGoingAway goingAway = false  isFastUnlock  = false
04-25 15:44:44.447  2922  2922 D KeyguardDisplayManager: display owner package name : null
04-25 15:44:44.448 31120 17985 D MiuiKeyguardWallpaperRemoteService: onFinishedGoingToSleep
04-25 15:44:44.448  2922  2922 D MiuiFaceManager: inernational:true supportR:[ALL] nowR:ID
04-25 15:44:44.448  2922  2922 D MiuiFaceManager: inernational:true supportR:[ALL] nowR:ID
04-25 15:44:44.449  2922  2922 D StatusBar: disable<e i a s B!H!R!c s > disable2<q i n >
04-25 15:44:44.449  1732  1732 W AlarmManager: Unrecognized alarm listener com.android.server.locksettings.LockSettingsStrongAuth$NonStrongBiometricIdleTimeoutAlarmListener@13c19ae
04-25 15:44:44.450  2922  2922 D CollapsedStatusBarFragment: adjustDisableFlags: mStatusBarView.getState() = 1 mHideIconsForBouncer = false mWereIconsJustHidden = false, mWakeUpCoordinator.getNotificationsFullyHidden = false, mIsExpanded = false, mBypassController.getBypassEnabled = false, mStatusBarStateController.getState() = 1, mKeyguardStateController.isKeyguardGoingAway() = false, mHeadsUpManager.hasPinnedHeadsUp = false, mIsLaunchAnimationRunning = false, mHideIconsDuringLaunchAnimation = false, isFullWidth()true, mShowIconsWhenExpanded = true, mControlPanelExpand = false
04-25 15:44:44.450  2922  2922 D QS      : setListening true
04-25 15:44:44.450  2922  2922 D StatusBar: disable<e i a s B H R c s > disable2<q i n >
04-25 15:44:44.450  2926  2926 D NavStubView_Touch: onSystemUiFlagsChanged  mIsShowStatusBar    old= true   new=true
04-25 15:44:44.450  2926  2926 D NavStubView_Touch: onSystemUiFlagsChanged  mIsShowNavBar    old= true   new=true
04-25 15:44:44.450  2922  2922 D CollapsedStatusBarFragment: adjustDisableFlags: mStatusBarView.getState() = 1 mHideIconsForBouncer = false mWereIconsJustHidden = false, mWakeUpCoordinator.getNotificationsFullyHidden = false, mIsExpanded = false, mBypassController.getBypassEnabled = false, mStatusBarStateController.getState() = 1, mKeyguardStateController.isKeyguardGoingAway() = false, mHeadsUpManager.hasPinnedHeadsUp = false, mIsLaunchAnimationRunning = false, mHideIconsDuringLaunchAnimation = false, isFullWidth()true, mShowIconsWhenExpanded = true, mControlPanelExpand = false
04-25 15:44:44.451  2922  2922 D LockScreenMagazineClient: hideOverlay animate=false;mOverlay=null
04-25 15:44:44.451  2922  2922 E LockScreenMagazinePreView: getFullScreenLayout()  mRemoteFullScreenView:null
04-25 15:44:44.451  2922  2922 E LockScreenMagazinePreView: getFullScreenLayout()  mRemoteFullScreenView:null
04-25 15:44:44.451  2922  2922 D KeyguardIndication:  switchIndication:
04-25 15:44:44.451  2922  2922 D KeyguardIndication:  clearUpArrowAnimation mUpArrow:android.widget.ImageView{f28d338 I.ED..... ......ID 511,122-568,150 #7f0b03d2 app:id/keyguard_up_arrow}  mTextView:com.android.keyguard.MiuiKeyguardIndicationTextView{a0d2f11 IFED..C.. ......I. 158,86-470,139 #7f0b03b9 app:id/keyguard_indication_text}
04-25 15:44:44.451  2922  2922 D MiuiFaceManager: inernational:true supportR:[ALL] nowR:ID
04-25 15:44:44.451  2922  2922 D MiuiFaceManager: inernational:true supportR:[ALL] nowR:ID
04-25 15:44:44.451  2922  2922 D MiuiFaceManager: inernational:true supportR:[ALL] nowR:ID
04-25 15:44:44.451  2922  2922 D MiuiFaceManager: inernational:true supportR:[ALL] nowR:ID
04-25 15:44:44.453  2922  2922 V LockPatternView: LockPatternView dimensions: 854x854
04-25 15:44:44.453  4557 16582 I PowerCenterProvider: call METHOD_GET_BATTERY_INFO
04-25 15:44:44.454  2922  2922 V LockPatternView: LockPatternView dimensions: 854x854
04-25 15:44:44.455   989 29104 D audio_hw_primary: adev_set_parameters: enter: screen_state=off
04-25 15:44:44.455   989 29104 D audio_hw_hfp: hfp_set_parameters: enter
04-25 15:44:44.455   989 29104 W sound_trigger_hw: sound_trigger_hw_call_back: Unknown event 17
04-25 15:44:44.456   989 29104 D audio_hw_hfp: hfp_set_parameters: enter
04-25 15:44:44.456   989 29104 D audio_hw_extn: audio_extn_fm_set_parameters: Enter
04-25 15:44:44.456   989 29104 D audio_hw_hfp: hfp_set_parameters: enter
04-25 15:44:44.456  4557 16582 I PowerUtils: Device name:surya
04-25 15:44:44.456  4557 16582 W PowerUtils: should not use this capacity value 5160
04-25 15:44:44.456  1103  4112 I AudioFlinger: setGameParameters keyvalue: screen_state=off
04-25 15:44:44.457  1732  1732 D AudioService: enter startAudioVisual with android.intent.action.SCREEN_OFF
04-25 15:44:44.457  1732  1732 D AudioService: startAudioVisual exit, device not support
04-25 15:44:44.457  1732  1732 D MiSound.MQSUtils: device not support AudioVisual
04-25 15:44:44.463  1732  4290 D WindowManager: Input focus has changed to Window{41de6a4 u0 NotificationShade} display=0 updateInputWindows = true
04-25 15:44:44.463  1732  4290 I WindowManagerService: Physical orientation not applied, rotation=0
04-25 15:44:44.466  2922  2922 D StatusBar: disable<e i a s B H R c s > disable2<q i n >
04-25 15:44:44.466  2922  2922 D CollapsedStatusBarFragment: adjustDisableFlags: mStatusBarView.getState() = 1 mHideIconsForBouncer = false mWereIconsJustHidden = false, mWakeUpCoordinator.getNotificationsFullyHidden = false, mIsExpanded = false, mBypassController.getBypassEnabled = false, mStatusBarStateController.getState() = 1, mKeyguardStateController.isKeyguardGoingAway() = false, mHeadsUpManager.hasPinnedHeadsUp = false, mIsLaunchAnimationRunning = false, mHideIconsDuringLaunchAnimation = false, isFullWidth()true, mShowIconsWhenExpanded = false, mControlPanelExpand = false
04-25 15:44:44.469  2926  2926 D NavStubView_Touch: onSystemUiFlagsChanged  mIsShowStatusBar    old= true   new=true
04-25 15:44:44.469  2926  2926 D NavStubView_Touch: onSystemUiFlagsChanged  mIsShowNavBar    old= true   new=true
04-25 15:44:44.476  1732  1732 V LocationPolicy: Screen state changed
04-25 15:44:44.479  1008  1008 I sensors-hal: batch:242, android.sensor.light/51, period=1000000, max_latency=0
04-25 15:44:44.479  1008  1008 I sensors-hal: set_config:63, sample_period_ns is adjusted to 0 based on min/max delay_ns
04-25 15:44:44.479  1008  1008 I sensors-hal: batch:251, android.sensor.light/51, period=1000000, max_latency=0 request completed
04-25 15:44:44.479  1732  1732 W ContextImpl: Calling a method in the system process without a qualified user: android.app.ContextImpl.sendBroadcast:1198 com.miui.server.car.MiuiCarService$3.onReceive:307 android.app.LoadedApk$ReceiverDispatcher$Args.lambda$getRunnable$0$LoadedApk$ReceiverDispatcher$Args:1694 android.app.LoadedApk$ReceiverDispatcher$Args$$ExternalSyntheticLambda0.run:2 android.os.Handler.handleCallback:938 
04-25 15:44:44.484  1732  4290 I WindowManagerService: Physical orientation not applied, rotation=0
04-25 15:44:44.488  2922  2922 D KeyguardUpdateMonitor: handleKeyguardReset
04-25 15:44:44.489  1732  4292 D WindowManager: finishDrawingLocked: mDrawState=COMMIT_DRAW_PENDING Window{41de6a4 u0 NotificationShade} in Surface(name=NotificationShade)/@0xb61fdf5
04-25 15:44:44.489  2922  2922 I KeyguardIndicationInjector: handleChargeTextAnimation: false;powerPluggedIn=true
04-25 15:44:44.489  2922  2922 D KeyguardIndication:  switchIndication:Mengisi daya 57%
04-25 15:44:44.490  2926  2926 D NavStubView_Touch: onSystemUiFlagsChanged  mIsShowStatusBar    old= true   new=true
04-25 15:44:44.490  2926  2926 D NavStubView_Touch: onSystemUiFlagsChanged  mIsShowNavBar    old= true   new=true
04-25 15:44:44.497  1732  4292 I WindowManagerService: Physical orientation not applied, rotation=0
04-25 15:44:44.575  2922  2922 I vol.MiuiVolumeDialogImp-plugin: dismissH mShowing:false dialog showing:false reason:4
04-25 15:44:44.593  1130  2138 I BpBinder: onLastStrongRef automatically unlinking death recipients: <uncached descriptor>
04-25 15:44:44.594  2922  2922 D BroadcastExecutor: BroadcastExecutor : 2
04-25 15:44:44.603  4325  4325 D MiBarrage: receive broadcast receiver screen off
04-25 15:44:44.605  4325  4325 D MiBarrage: not remove barrage view because view has not been added
04-25 15:44:44.612  4341  4341 D NfcService: nfc >> screen off
04-25 15:44:44.613  4341  4341 D NfcService: MSG_APPLY_SCREEN_STATE 2
04-25 15:44:44.615  4341 12519 D NfcService: applyRouting enter - false
04-25 15:44:44.615  4341 12519 D NfcService: Nfc adapter is turning on or turn off
04-25 15:44:44.619  4557  5348 I TrafficManageService: onReceive: android.intent.action.SCREEN_OFF
04-25 15:44:44.624  4557  4557 I PowerSaveService: onReceive: android.intent.action.SCREEN_OFF
04-25 15:44:44.626  4557  5746 I PowerSaveService: startMemoryCleanTask time 1777107284626
04-25 15:44:44.631  4557  5746 D PowerNoticeUI: ScreenOffEvent
04-25 15:44:44.634  2873  2873 D DeviceStatisticsService: Send device is not interactive
04-25 15:44:44.634  2873  2873 D DeviceInfoHidlClient: getDeviceInfoSupportStatus()=-1
04-25 15:44:44.640  1732  2372 I MiuiNetworkPolicy: updateUidState uid = 10165, uidState = 11
04-25 15:44:44.640  1732  2324 V AlarmManager: Triggering alarm #0: Alarm{dca1fb type 1 origWhen 1777064084626 whenElapsed 2009120727 com.android.systemui}
04-25 15:44:44.640  1732  2046 D CompatibilityInfo: mCompatibilityFlags - 0
04-25 15:44:44.640  1732  2046 D CompatibilityInfo: applicationDensity - 432
04-25 15:44:44.640  1732  2046 D CompatibilityInfo: applicationScale - 1.0
04-25 15:44:44.646  4557  4557 I VideoToolBoxService: onReceive: android.intent.action.SCREEN_OFF
04-25 15:44:44.647  2922  2922 D KeyguardUpdateMonitor: handleTimeUpdate
04-25 15:44:44.647  2922  2922 D KeyguardIndication:  switchIndication:Mengisi daya 57%
04-25 15:44:44.652  4557  4557 I GameBoosterService: onReceive: android.intent.action.SCREEN_OFF
04-25 15:44:44.659  6009  6009 D BroadcastExecutor: BroadcastExecutor : 2
04-25 15:44:44.664  5990  6176 D ThermalIECHandler: IECAll48Allowed: false; IECMonitorAllowed: false; IECTestState: false
04-25 15:44:44.665  5990  6105 I ThermalInfoCollector: collectForgroundAppsInfo: com.chat2goo.app
04-25 15:44:44.666  5990  6176 D ThermalIECHandler: storeDataStyle: thermal_iec_monitor_persistence_data_style_iec_state; startIECTime: -1; IECScreenOffOverPeriodTime: 2007130621
04-25 15:44:44.666  5990  6129 D LS-ForegroundStatusManager: onScreenChanged screenOn = false, mWorking = false
04-25 15:44:44.673  1732  1919 D ColorDisplayService: Setting saturation level: 100
04-25 15:44:44.674  4534  4534 E SUI_svcsock: svc_sock_send_message(suisvc): invalid remote socket suitch
04-25 15:44:44.674  4534  4534 E SUI_svcsock: svc_sock_send_message(suisvc): invalid remote socket suilst
04-25 15:44:44.707  2922  2922 D TileServices: Couldn't find tile for ComponentInfo{com.google.android.apps.wellbeing/com.google.android.apps.wellbeing.screen.ui.GrayscaleTileService}
04-25 15:44:44.716 21240  3569 I DeviceStatusMonitor: DeviceStatusMonitor.handleBroadcast():138 onReceive() : Action = android.intent.action.SCREEN_OFF
04-25 15:44:44.717 21240  3569 I DeviceStatusMonitor: DeviceStatusMonitor.updateCountryInfo():154 updateCountryInfo(), notifyAnyway = false
04-25 15:44:44.717 21240 21240 I InputBundle: InputBundle.consumeEvent():1037 Skip consuming an event as imeStatus is INACTIVE
04-25 15:44:44.718 21240 21240 I ModuleManager: ModuleManager$ModuleInitListener.maybeUnloadModuleOnUnavailable():1454 module oky is unavailable
04-25 15:44:44.719 21240 21240 I ModuleManager: ModuleManager$ModuleInitListener.maybeUnloadModuleOnUnavailable():1454 module IGifKeyboardExtension is unavailable
04-25 15:44:44.719 21240 21240 I ModuleManager: ModuleManager$ModuleInitListener.maybeUnloadModuleOnUnavailable():1454 module IStickerExtension is unavailable
04-25 15:44:44.719 21240 21240 I ModuleManager: ModuleManager$ModuleInitListener.maybeUnloadModuleOnUnavailable():1454 module ITranslateUiExtension is unavailable
04-25 15:44:44.720 21240 21240 W NotificationCenter: NotificationCenter.unregisterListener():480 Listener eng@20079eb was not registered for notification class ogg
04-25 15:44:44.720 21240 21240 W NotificationCenter: NotificationCenter.unregisterListener():480 Listener eou@89605da was not registered for notification class ogg
04-25 15:44:44.722 21240 21240 I ModuleManager: ModuleManager$ModuleInitListener.maybeUnloadModuleOnUnavailable():1454 module eps is unavailable
04-25 15:44:44.723 21240 21240 I ModuleManager: ModuleManager$ModuleInitListener.maybeUnloadModuleOnUnavailable():1454 module esx is unavailable
04-25 15:44:44.723 21240 21240 I ModuleManager: ModuleManager$ModuleInitListener.maybeUnloadModuleOnUnavailable():1454 module iin is unavailable
04-25 15:44:44.724 21240 21240 I ModuleManager: ModuleManager$ModuleInitListener.maybeUnloadModuleOnUnavailable():1454 module gbq is unavailable
04-25 15:44:44.725 21240 21240 I ModuleManager: ModuleManager$ModuleInitListener.maybeUnloadModuleOnUnavailable():1454 module IEmojiKitchenBrowseExtension is unavailable
04-25 15:44:44.725 21240 21240 I EmojifyExtensionImpl: EmojifyExtensionImpl.onDestroy():611 Destroying Emojify extension fhs@dd49bfb.
04-25 15:44:44.725 21240 21240 I ModuleManager: ModuleManager$ModuleInitListener.maybeUnloadModuleOnUnavailable():1454 module fhd is unavailable
04-25 15:44:44.725 21240 21240 I AbstractOpenableExtension: AbstractOpenableExtension.maybeDestroyExistingKeyboardGroupManager():536 Destroy existing keyboard group manager in fin
04-25 15:44:44.725 21240 21240 I AbstractOpenableExtension: AbstractOpenableExtension$3.onSuccess():556 KeyboardGroupManager destroyed in fin.
04-25 15:44:44.725 21240 21240 I ModuleManager: ModuleManager$ModuleInitListener.maybeUnloadModuleOnUnavailable():1454 module IExpressionMomentExtension is unavailable
04-25 15:44:44.725 21240 21240 I AbstractOpenableExtension: AbstractOpenableExtension.maybeDestroyExistingKeyboardGroupManager():536 Destroy existing keyboard group manager in hzo
04-25 15:44:44.725 21240 21240 I AbstractOpenableExtension: AbstractOpenableExtension$3.onSuccess():556 KeyboardGroupManager destroyed in hzo.
04-25 15:44:44.726 21240 21240 I ModuleManager: ModuleManager$ModuleInitListener.maybeUnloadModuleOnUnavailable():1454 module FastAccessBarExtension is unavailable
04-25 15:44:44.726 21240 21240 I ModuleManager: ModuleManager$ModuleInitListener.maybeUnloadModuleOnUnavailable():1454 module hli is unavailable
04-25 15:44:44.727 21240 21240 I ModuleManager: ModuleManager$ModuleInitListener.maybeUnloadModuleOnUnavailable():1454 module iim is unavailable
04-25 15:44:44.728 21240 21240 I HardKeyTracker: HardKeyTracker.unregisterKeySequence():259 Unregister key sequence ozs{labelResId=2132020527, callback=few@a71c456, lastModifier=2, keyCodes=[48], actions=[0]}
04-25 15:44:44.728 21240 21240 I HardKeyTracker: HardKeyTracker.registerKeySequence():201 Register key sequence ozs{labelResId=2132020527, callback=few@a6ac9c7, lastModifier=2, keyCodes=[48], actions=[0]}
04-25 15:44:44.728 21240 21240 W AccessPointsManager: AccessPointsManager.addAccessPoint():1087 The holder controller #0x7f0b2487 is not registered
04-25 15:44:44.728  2926  3067 D GestureStubView_Touch: setKeepHidden    old=false   new=true
04-25 15:44:44.728 21240 21240 I HardKeyTracker: HardKeyTracker.unregisterKeySequence():259 Unregister key sequence ozs{labelResId=2132020526, callback=few@cc6fcd7, lastModifier=65536, keyCodes=[76], actions=[0]}
04-25 15:44:44.728  2926  3067 D GestureStubView_Touch: updateTouchable    old=false   new=true
04-25 15:44:44.728  2926  3067 D GestureStubView_Touch:   updateTouchable---requestApplyInsets
04-25 15:44:44.728 21240 21240 I HardKeyTracker: HardKeyTracker.registerKeySequence():201 Register key sequence ozs{labelResId=2132020526, callback=few@fdcbbf4, lastModifier=65536, keyCodes=[76], actions=[0]}
04-25 15:44:44.728 21240 21240 I HardKeyTracker: HardKeyTracker.unregisterKeySequence():259 Unregister key sequence ozs{labelResId=2132020522, callback=few@70d59c4, lastModifier=2, keyCodes=[50], actions=[0]}
04-25 15:44:44.728  2926  3067 D GestureStubView_Touch: disableTouch    old=false   new=true
04-25 15:44:44.728  2926  3067 D GestureStubView_Touch: updateTouchable    old=true   new=true
04-25 15:44:44.728  1732  2372 I MiuiNetworkPolicy: updateUidState uid = 10298, uidState = 11
04-25 15:44:44.728  2926  3067 D GestureStubView: hideGestureStub
04-25 15:44:44.728 21240 21240 I HardKeyTracker: HardKeyTracker.registerKeySequence():201 Register key sequence ozs{labelResId=2132020522, callback=few@4f88f1d, lastModifier=2, keyCodes=[50], actions=[0]}
04-25 15:44:44.728  2926  3067 D GestureStubView_Touch: setKeepHidden    old=false   new=true
04-25 15:44:44.728  2926  3067 D GestureStubView_Touch: updateTouchable    old=false   new=true
04-25 15:44:44.728  2926  3067 D GestureStubView_Touch:   updateTouchable---requestApplyInsets
04-25 15:44:44.728 21240 21240 I HardKeyTracker: HardKeyTracker.unregisterKeySequence():259 Unregister key sequence ozs{labelResId=2132020522, callback=few@3a120ad, lastModifier=2, keyCodes=[50], actions=[0]}
04-25 15:44:44.728  2926  3067 D GestureStubView_Touch: disableTouch    old=false   new=true
04-25 15:44:44.728  2926  3067 D GestureStubView_Touch: updateTouchable    old=true   new=true
04-25 15:44:44.728  2926  3067 D GestureStubView: hideGestureStub
04-25 15:44:44.728 21240 21240 I HardKeyTracker: HardKeyTracker.registerKeySequence():201 Register key sequence ozs{labelResId=2132020522, callback=few@6ddf592, lastModifier=2, keyCodes=[50], actions=[0]}
04-25 15:44:44.729 21240 21240 W AccessPointsManager: AccessPointsManager.addAccessPoint():1087 The holder controller #0x7f0b2487 is not registered
04-25 15:44:44.729 21240 21240 I HardKeyTracker: HardKeyTracker.unregisterKeySequence():259 Unregister key sequence ozs{labelResId=2132020527, callback=few@65dcfe2, lastModifier=2, keyCodes=[48], actions=[0]}
04-25 15:44:44.729 21240 21240 I HardKeyTracker: HardKeyTracker.registerKeySequence():201 Register key sequence ozs{labelResId=2132020527, callback=few@e403b63, lastModifier=2, keyCodes=[48], actions=[0]}
04-25 15:44:44.729 21240 21240 I HardKeyTracker: HardKeyTracker.unregisterKeySequence():259 Unregister key sequence ozs{labelResId=2132020525, callback=few@6148f73, lastModifier=2, keyCodes=[37], actions=[0]}
04-25 15:44:44.729 21240 21240 I HardKeyTracker: HardKeyTracker.registerKeySequence():201 Register key sequence ozs{labelResId=2132020525, callback=few@503a360, lastModifier=2, keyCodes=[37], actions=[0]}
04-25 15:44:44.729 21240 21240 I HardKeyTracker: HardKeyTracker.unregisterKeySequence():259 Unregister key sequence ozs{labelResId=2132020525, callback=few@684e30, lastModifier=2, keyCodes=[37], actions=[0]}
04-25 15:44:44.729 21240 21240 I HardKeyTracker: HardKeyTracker.registerKeySequence():201 Register key sequence ozs{labelResId=2132020525, callback=few@a940019, lastModifier=2, keyCodes=[37], actions=[0]}
04-25 15:44:44.729 21240 21240 I DeviceLockTags: DeviceLockTags.notifyDeviceLockStatusChanged():108 notifyDeviceLockStatusChanged(): deviceLocked=true, blockPersonalData=false
04-25 15:44:44.729 21240 21240 I Module  : DeviceLockedStatusModuleProvider$Module.updateDeviceLockedStatus():103 repeatCheckTimes = 0, locked = true
04-25 15:44:44.736  1732  2372 I MiuiNetworkPolicy: updateUidState uid = 10165, uidState = 19
04-25 15:44:44.740  1732  2372 I MiuiNetworkPolicy: updateUidState uid = 10298, uidState = 16
04-25 15:44:44.745  1732  2061 D Process : audio-opt: audio thread tid = 15288 could not get bg policy.
04-25 15:44:44.760  1008  1008 I sensors-hal: activate:209, android.sensor.accelerometer/11 en=0
04-25 15:44:44.761  1008  1008 I sensors-hal: activate:220, android.sensor.accelerometer/11 en=0 completed
04-25 15:44:44.788 29125 29125 D SYS_EVENT: send event 8 notification to client
04-25 15:44:44.791  2926  2926 D Launcher_UnlockAnimationStateMachine: setPrepare on screen off from receiver
04-25 15:44:44.792  2926  2926 D Launcher_UnlockAnimationStateMachine: setPrepare = IDLE
04-25 15:44:44.812 23218 23218 D BroadcastExecutor: BroadcastExecutor : 2
04-25 15:44:44.816 23218 23218 D BroadcastExecutor: BroadcastExecutor : 2
04-25 15:44:44.821 23218 23218 E AD-PLUGIN-AdRequestManager: cancel runnable
04-25 15:44:44.837  1732  2479 D NsdService: unregister service
04-25 15:44:44.837  1732  2479 D NsdService: mdnssd [stop-register, 2740]
04-25 15:44:44.838   884   978 W netd    : dnssd_clientstub DNSServiceProcessResult called with NULL DNSServiceRef
04-25 15:44:44.848 28092 28092 D MiuiScanManagerV2: Screen Off
04-25 15:44:44.852 28092 28092 D MiuiScanManager: Screen Off
04-25 15:44:45.069  1732  2372 I MiuiNetworkPolicy: updateUidState uid = 10188, uidState = 11
04-25 15:44:45.072  1732  2372 I MiuiNetworkPolicy: updateUidState uid = 10188, uidState = 16
04-25 15:44:45.072  1732  2372 I MiuiNetworkPolicy: updateUidState uid = 10099, uidState = 11
04-25 15:44:45.078  2386  2386 D BroadcastExecutor: BroadcastExecutor : 2
04-25 15:44:45.088  2386  2386 D BroadcastExecutor: BroadcastExecutor : 2
04-25 15:44:45.095  1732  2372 I MiuiNetworkPolicy: updateUidState uid = 10132, uidState = 11
04-25 15:44:45.095  2467  2467 D BroadcastExecutor: BroadcastExecutor : 2
04-25 15:44:45.096  1732  2372 I MiuiNetworkPolicy: updateUidState uid = 10099, uidState = 19
04-25 15:44:45.102  2467  2467 D BroadcastExecutor: BroadcastExecutor : 2
04-25 15:44:45.110  1732  2372 I MiuiNetworkPolicy: updateUidState uid = 10132, uidState = 19
04-25 15:44:45.110  1732  2372 I MiuiNetworkPolicy: updateUidState uid = 10078, uidState = 11
04-25 15:44:45.116  1732  2372 I MiuiNetworkPolicy: updateUidState uid = 10126, uidState = 11
04-25 15:44:45.118  2954  3359 W FirebaseRemoteConfig: No value of type 'FirebaseRemoteConfigValue' exists for parameter key 'enableUninstallProblemUpdate'.
04-25 15:44:45.120  2954  2954 D BroadcastExecutor: BroadcastExecutor : 2
04-25 15:44:45.121  1732  2372 I MiuiNetworkPolicy: updateUidState uid = 10078, uidState = 19
04-25 15:44:45.126  2954  2954 D BroadcastExecutor: BroadcastExecutor : 2
04-25 15:44:45.132  1732  2372 I MiuiNetworkPolicy: updateUidState uid = 10144, uidState = 11
04-25 15:44:45.133  1732  2372 I MiuiNetworkPolicy: updateUidState uid = 10126, uidState = 19
04-25 15:44:45.136  3060  3122 I MiPicks-IManager: MCC+MNC: 51011
04-25 15:44:45.138  3060  3060 D BroadcastExecutor: BroadcastExecutor : 2
04-25 15:44:45.143  3060  3060 D BroadcastExecutor: BroadcastExecutor : 2
04-25 15:44:45.144  3060  3122 I MiPicks-AutoUpdateScheduler: [Update] start download install update by lockScreen
04-25 15:44:45.149  1732  2372 I MiuiNetworkPolicy: updateUidState uid = 10144, uidState = 19
04-25 15:44:45.164  3060  3122 I MiPicks-AutoUpdateScheduler: [Update] rescheduleAll
04-25 15:44:45.165 19856 19856 I PersonalSafety: ConnectivityProtectionLockingIntentOperation: cancelled task [CONTEXT service_id=310 ]
04-25 15:44:45.175  1732  2372 I MiuiNetworkPolicy: updateUidState uid = 10298, uidState = 8
04-25 15:44:45.180  1732  1732 D CompatibilityInfo: mCompatibilityFlags - 0
04-25 15:44:45.180  1732  1732 D CompatibilityInfo: applicationDensity - 432
04-25 15:44:45.180  1732  1732 D CompatibilityInfo: applicationScale - 1.0
04-25 15:44:45.186  1732  1732 D CompatibilityChangeReporter: Compat change id reported: 135634846; UID 10130; state: DISABLED
04-25 15:44:45.186  1732  1732 D CompatibilityChangeReporter: Compat change id reported: 177438394; UID 10130; state: DISABLED
04-25 15:44:45.186  1732  1732 D CompatibilityChangeReporter: Compat change id reported: 135772972; UID 10130; state: DISABLED
04-25 15:44:45.186  1732  1732 D CompatibilityChangeReporter: Compat change id reported: 135754954; UID 10130; state: ENABLED
04-25 15:44:45.187  1732  2047 D CompatibilityChangeReporter: Compat change id reported: 143937733; UID 10130; state: ENABLED
04-25 15:44:45.193  1732  1732 D CompatibilityInfo: mCompatibilityFlags - 0
04-25 15:44:45.193  1732  1732 D CompatibilityInfo: applicationDensity - 432
04-25 15:44:45.193  1732  1732 D CompatibilityInfo: applicationScale - 1.0
04-25 15:44:45.204 19856 19856 D BoundBrokerSvc: onRebind: Intent { act=com.google.android.gms.libs.gmscorelogger.service.START dat=chimera-action: cmp=com.google.android.gms/.chimera.PersistentDirectBootAwareApiService }
04-25 15:44:45.213 14968 14968 D HeartBeatUploadService: HeartBeatUploadService onStartJob
04-25 15:44:45.214 14968  3580 D HeartBeatUploader: getFinalTotalTime before upload, totalBootTime = 913517
04-25 15:44:45.214 14968  3580 D HeartBeatUploader: store new screenon data.
04-25 15:44:45.215   885   885 D Zygote  : Forked child process 3581
04-25 15:44:45.216  1732  2047 D Boost   : hostingType=service, hostingName={com.facebook.appmanager/com.facebook.analytics2.logger.legacy.uploader.LollipopUploadService}, callerPackage=android, isSystem=true, isBoostNeeded=false.
04-25 15:44:45.217  1732  2047 I ActivityManager: Start proc 3581:com.facebook.appmanager/u0a130 for service {com.facebook.appmanager/com.facebook.analytics2.logger.legacy.uploader.LollipopUploadService} caller=android
04-25 15:44:45.220 14968  3580 D HeartBeatUploader: totalScreenonTime = 407621 startScreenonTime = 0 endScreenonTime =0 
04-25 15:44:45.221  3060  3122 W FirebaseRemoteConfig: No value of type 'FirebaseRemoteConfigValue' exists for parameter key 'enableAutoDownload'.
04-25 15:44:45.221  3060  3122 E MiPicks-PrefUtils: Unknown sharedpreferences file name app_auto_download
04-25 15:44:45.222  3060  3122 I MMKV    : <MemoryFile.cpp:97::open> open fd[0xa6], /data/user/0/com.xiaomi.mipicks/files/mmkv/app_auto_download
04-25 15:44:45.222  3060  3122 I MMKV    : <MemoryFile.cpp:97::open> open fd[0xa7], /data/user/0/com.xiaomi.mipicks/files/mmkv/app_auto_download.crc
04-25 15:44:45.222  3060  3122 I MMKV    : <MMKV_IO.cpp:81::loadFromFile> loading [app_auto_download] with 0 actual size, file size 4096, InterProcess 1, meta info version:1
04-25 15:44:45.222  3060  3122 I MMKV    : <MMKV_IO.cpp:130::loadFromFile> loaded [app_auto_download] with 0 key-values
04-25 15:44:45.222  1732  2372 I MiuiNetworkPolicy: updateUidState uid = 10126, uidState = 11
04-25 15:44:45.223  1732  2046 D CompatibilityChangeReporter: Compat change id reported: 168419799; UID 10126; state: DISABLED
04-25 15:44:45.223  1732  2046 D CompatibilityInfo: mCompatibilityFlags - 0
04-25 15:44:45.223  1732  2046 D CompatibilityInfo: applicationDensity - 432
04-25 15:44:45.224  1732  2046 D CompatibilityInfo: applicationScale - 1.0
04-25 15:44:45.224  3060  3122 W FirebaseRemoteConfig: No value of type 'FirebaseRemoteConfigValue' exists for parameter key 'enableAutoDownload'.
04-25 15:44:45.225  2954  2954 I SystemUpdate-DiscoverUpdateManager: onMipicksStartUpdate
04-25 15:44:45.225  3060  3122 I MiPicks-AutoDownloadScheduler: [AutoDownload] start download install by charge
04-25 15:44:45.226  3060  3122 W FirebaseRemoteConfig: No value of type 'FirebaseRemoteConfigValue' exists for parameter key 'subscribe_download_update_setting_check'.
04-25 15:44:45.232  3060  3122 W FirebaseRemoteConfig: No value of type 'FirebaseRemoteConfigValue' exists for parameter key 'autoDownloadCheckInterval'.
04-25 15:44:45.232  3060  3122 I MiPicks-AutoDownloadScheduler: [Download] rescheduleAll
04-25 15:44:45.233  3060  3122 W FirebaseRemoteConfig: No value of type 'FirebaseRemoteConfigValue' exists for parameter key 'enableAutoDownload'.
04-25 15:44:45.236  1732  2061 D Process : audio-opt: audio thread tid = 15288 could not get bg policy.
04-25 15:44:45.238  1732  2372 I MiuiNetworkPolicy: updateUidState uid = 10126, uidState = 19
04-25 15:44:45.238  3060  3122 W FirebaseRemoteConfig: No value of type 'FirebaseRemoteConfigValue' exists for parameter key 'enableAutoDownload'.
04-25 15:44:45.240  5010  5010 D WM-SystemJobService: onStartJob for WorkGenerationalId(workSpecId=aedd677c-8e6d-439c-96a5-a4344a41abcb, generation=0)
04-25 15:44:45.241  3581  3581 I book.appmanage: Using CollectorTypeCC GC.
04-25 15:44:45.242  3060  3122 W FirebaseRemoteConfig: No value of type 'FirebaseRemoteConfigValue' exists for parameter key 'enableAutoDownload'.
04-25 15:44:45.248  3060  3122 W FirebaseRemoteConfig: No value of type 'FirebaseRemoteConfigValue' exists for parameter key 'enableAutoDownload'.
04-25 15:44:45.253  3060  3589 I MiPicks-AutoDownloadManager: [AutoDownload] performAutoDownload
04-25 15:44:45.254  3060  3122 W FirebaseRemoteConfig: No value of type 'FirebaseRemoteConfigValue' exists for parameter key 'enableAutoDownload'.
04-25 15:44:45.254  3060  3122 I MiPicks-AutoDownloadScheduler: [AutoDownload] start download install by lockScreen
04-25 15:44:45.255  3060  3122 W FirebaseRemoteConfig: No value of type 'FirebaseRemoteConfigValue' exists for parameter key 'subscribe_download_update_setting_check'.
04-25 15:44:45.255  3581  3581 D ProcessState: Binder ioctl to enable oneway spam detection failed: Invalid argument
04-25 15:44:45.257  3581  3581 I MessageMonitor: Load libmiui_runtime
04-25 15:44:45.259  3060  3122 W FirebaseRemoteConfig: No value of type 'FirebaseRemoteConfigValue' exists for parameter key 'autoDownloadCheckInterval'.
04-25 15:44:45.259  3060  3122 I MiPicks-AutoDownloadScheduler: [Download] rescheduleAll
04-25 15:44:45.260  3060  3122 W FirebaseRemoteConfig: No value of type 'FirebaseRemoteConfigValue' exists for parameter key 'enableAutoDownload'.
04-25 15:44:45.263  1732  4805 D CompatibilityInfo: mCompatibilityFlags - 0
04-25 15:44:45.263  1732  4805 D CompatibilityInfo: applicationDensity - 432
04-25 15:44:45.263  1732  4805 D CompatibilityInfo: applicationScale - 1.0
04-25 15:44:45.265  3060  3122 W FirebaseRemoteConfig: No value of type 'FirebaseRemoteConfigValue' exists for parameter key 'enableAutoDownload'.
04-25 15:44:45.267  1732  2372 I MiuiNetworkPolicy: updateUidState uid = 10130, uidState = 8
04-25 15:44:45.267  1732  4805 D CompatibilityInfo: mCompatibilityFlags - 0
04-25 15:44:45.267  1732  4805 D CompatibilityInfo: applicationDensity - 432
04-25 15:44:45.268  1732  4805 D CompatibilityInfo: applicationScale - 1.0
04-25 15:44:45.271  3060  3122 W FirebaseRemoteConfig: No value of type 'FirebaseRemoteConfigValue' exists for parameter key 'enableAutoDownload'.
04-25 15:44:45.273  3581  3581 D CompatibilityChangeReporter: Compat change id reported: 171979766; UID 10130; state: ENABLED
04-25 15:44:45.275 14968  5601 W MQSService: CallerName:com.facebook.appmanager,calling Uid:10130
04-25 15:44:45.275 14968  5601 D MQSService: registerApplicationScoutThread pid = 3581, packageName = com.facebook.appmanager
04-25 15:44:45.276  3060  3122 W FirebaseRemoteConfig: No value of type 'FirebaseRemoteConfigValue' exists for parameter key 'enableAutoDownload'.
04-25 15:44:45.280  3060  3589 I MiPicks-AutoDownloadManager: [AutoDownload] performAutoDownload
04-25 15:44:45.282  3060  3122 W FirebaseRemoteConfig: No value of type 'FirebaseRemoteConfigValue' exists for parameter key 'isControlByParent'.
04-25 15:44:45.284  3060  3122 W FirebaseRemoteConfig: No value of type 'FirebaseRemoteConfigValue' exists for parameter key 'disableUninstallProblemPkgs'.
04-25 15:44:45.285  3060  3122 D IndusCoopDialogHelper: d:  tryEnableIndus, not IndusCoopRomAndRegion
04-25 15:44:45.304  3581  3581 D nativeloader: Configuring clns-4 for other apk /data/app/~~fyHRqwdiCsdVRCCnnGi63A==/com.facebook.appmanager-jP9wuEoPDpmgTQy0mxGtXg==/base.apk. target_sdk_version=36, uses_libraries=, library_path=/data/app/~~fyHRqwdiCsdVRCCnnGi63A==/com.facebook.appmanager-jP9wuEoPDpmgTQy0mxGtXg==/lib/arm64:/data/app/~~fyHRqwdiCsdVRCCnnGi63A==/com.facebook.appmanager-jP9wuEoPDpmgTQy0mxGtXg==/base.apk!/lib/arm64-v8a, permitted_path=/data:/mnt/expand:/data/user/0/com.facebook.appmanager
04-25 15:44:45.313  3581  3581 I Perf    : Connecting to perf service.
04-25 15:44:45.318  3581  3581 V GraphicsEnvironment: ANGLE Developer option for 'com.facebook.appmanager' set to: 'default'
04-25 15:44:45.318  3581  3581 V GraphicsEnvironment: Updatable production driver is not supported on the device.
04-25 15:44:45.321  3581  3581 I ForceDarkHelperStubImpl: initialize for com.facebook.appmanager , ForceDarkOrigin
04-25 15:44:45.323  5010  5206 D WM-Processor: DNA: processing WorkGenerationalId(workSpecId=aedd677c-8e6d-439c-96a5-a4344a41abcb, generation=0)
04-25 15:44:45.323  3581  3581 D nativeloader: Load libforcedarkimpl.so using system ns (caller=/system/framework/miui-framework.jar): ok
04-25 15:44:45.323  3581  3581 D OpenGLRenderer: JNI_OnLoad success
04-25 15:44:45.323  3581  3581 I MiuiForceDarkConfig: setConfig density:2.700000, mainRule:0, secondaryRule:0, tertiaryRule:0
04-25 15:44:45.326  3581  3581 D NetworkSecurityConfig: Using Network Security Config from resource fb_network_security_config debugBuild: false
04-25 15:44:45.327  3581  3581 D NetworkSecurityConfig: Using Network Security Config from resource fb_network_security_config debugBuild: false
04-25 15:44:45.347  3581  3581 D d       : ExceptionHandlerManager not explicitly initialized, using default mode
04-25 15:44:45.347  3581  3581 D d       : initializing exception handler manager, prioritized=true
04-25 15:44:45.351  3581  3581 W SoLoader: Initializing SoLoader: 0
