04-25 15:44:02.854  3523  3538 D SyncAccountUtils: queryReadonlyAccountTypes: checking package com.whatsapp, account type com.whatsapp, parser android.content.res.XmlBlock$Parser@ddc6430
04-25 15:44:02.856  3523  3535 I ContactsProvider: Contacts query: CPID=3336, CallingPackage = com.google.android.apps.messaging User=0
04-25 15:44:02.857  3523  3538 D SyncAccountUtils: queryReadonlyAccountTypes: checking package com.google.android.gm, account type com.google.android.gm.exchange, parser null
04-25 15:44:02.858  3523  3538 D SyncAccountUtils: queryReadonlyAccountTypes: checking package com.xiaomi.account, account type com.xiaomi, parser null
04-25 15:44:02.870  3336  3481 I BugleDataModel: ParticipantRefresh: No update made to participant: 2
04-25 15:44:02.880  3523  3538 D SyncAccountUtils: queryReadonlyAccountTypes: checking package com.facebook.orca, account type com.facebook.messenger, parser android.content.res.XmlBlock$Parser@de60e2e
04-25 15:44:02.880  3523  3538 D SyncAccountUtils: queryReadonlyAccountTypes: [ALL] com.google, com.whatsapp, com.facebook.messenger
04-25 15:44:02.880  3523  3538 D SyncAccountUtils: queryReadonlyAccountTypes: [FINAL] com.whatsapp, com.facebook.messenger
04-25 15:44:02.880  3523  3538 V ContactsTaskScheduler: [ContactsProvider2] Thread[Worker-1,5,main] dispatching end 3
04-25 15:44:02.880  3523  3538 V ContactsTaskScheduler: [ContactsProvider2] Thread[Worker-1,5,main] dispatching 4
04-25 15:44:02.884  3523  3538 V ContactsTaskScheduler: [ContactsProvider2] Thread[Worker-1,5,main] dispatching end 4
04-25 15:44:02.884  3523  3538 V ContactsTaskScheduler: [ContactsProvider2] Thread[Worker-1,5,main] dispatching 5
04-25 15:44:02.884  3523  3538 V ContactsTaskScheduler: [ContactsProvider2] Thread[Worker-1,5,main] dispatching end 5
04-25 15:44:02.884  3523  3538 V ContactsTaskScheduler: [ContactsProvider2] Thread[Worker-1,5,main] dispatching 6
04-25 15:44:02.884  3523  3538 V ContactsTaskScheduler: [ContactsProvider2] Thread[Worker-1,5,main] dispatching end 6
04-25 15:44:02.884  3523  3538 V ContactsTaskScheduler: [ContactsProvider2] Thread[Worker-1,5,main] dispatching 7
04-25 15:44:02.884  3523  3538 V ContactsTaskScheduler: [ContactsProvider2] Thread[Worker-1,5,main] dispatching end 7
04-25 15:44:02.884  3523  3538 V ContactsTaskScheduler: [ContactsProvider2] Thread[Worker-1,5,main] dispatching 1
04-25 15:44:02.884  3523  3538 V ContactsTaskScheduler: [ContactsProvider2] Thread[Worker-1,5,main] dispatching end 1
04-25 15:44:02.884  3523  3538 V ContactsTaskScheduler: [ContactsProvider2] Thread[Worker-1,5,main] dispatching 10
04-25 15:44:02.891  3523  3538 V ContactsTaskScheduler: [ContactsProvider2] Thread[Worker-1,5,main] dispatching end 10
04-25 15:44:02.891  3523  3538 V ContactsTaskScheduler: [ContactsProvider2] Thread[Worker-1,5,main] dispatching 11
04-25 15:44:02.892  3523  3535 I ContactsProvider: Contacts query: CPID=3336, CallingPackage = com.google.android.apps.messaging User=0
04-25 15:44:02.893  3523  3538 V ContactsTaskScheduler: [ContactsProvider2] Thread[Worker-1,5,main] dispatching end 11
04-25 15:44:02.893  3523  3538 V ContactsTaskScheduler: [ContactsProvider2] Thread[Worker-1,5,main] dispatching 101
04-25 15:44:02.893  3523  3538 D MiuiContactsProvider: rebuildPhoneLookupMinMatch: isMTK = false
04-25 15:44:02.893  3523  3538 V ContactsTaskScheduler: [ContactsProvider2] Thread[Worker-1,5,main] dispatching end 101
04-25 15:44:02.898  3523  3535 I ContactsProvider: Contacts query: CPID=3336, CallingPackage = com.google.android.apps.messaging User=0
04-25 15:44:02.911  3336  3481 I BugleDataModel: ParticipantRefresh: No update made to participant: 32
04-25 15:44:02.912  3336  3481 I BugleDataModel: ParticipantFullRefresh: Number of participants refreshed: 3
04-25 15:44:02.923  3336  3481 I BugleDataModel: ActionExecutorImpl: ACTION_RESPONSE_QUEUED_SelfParticipantsRefreshAction
04-25 15:44:02.929  3336  3481 I BugleJobs: GenericWorkerQueueAction: Bailing early, no work found, no failed work found
04-25 15:44:02.929  3336  3481 I BugleDataModel: ActionExecutorImpl: ACTION_RESPONSE_QUEUED_GenericWorkerQueueAction
04-25 15:44:02.946  3336  3372 I Bugle   : SubscriptionUtils.getCanonicalForSelf: self=redacted-pii[14-chars], country=ID [CONTEXT sub_id=1 ]
04-25 15:44:02.956 19856 19856 D BoundBrokerSvc: onUnbind: Intent { act=com.google.android.gms.time.trustedtime.singleuserapi.service.START dat=chimera-action: cmp=com.google.android.gms/.chimera.PersistentSingleUserInternalApiService }
04-25 15:44:02.961  3336  3372 I BugleSelfIdentity: Phone number for MyIdentity 7e2ed651-3df1-415e-926b-084f6284858e does not change [CONTEXT sub_id=1 icc_id="redacted-pii[19-chars]" messaging_identity="redacted-pii[14-chars]" rcs_provisioning_id="redacted-pii[0-chars]" ]
04-25 15:44:02.963  3336  3372 I BugleSelfIdentity: Phone number for MyIdentity 3f0cfde7-8e6b-4b29-ba6c-e91ac7ffc98b does not change [CONTEXT sub_id=2 icc_id="redacted-pii[20-chars]" rcs_provisioning_id="redacted-pii[0-chars]" ]
04-25 15:44:02.974 19856 19856 D BoundBrokerSvc: onUnbind: Intent { act=com.google.android.gms.time.trustedtime.service.START dat=chimera-action: cmp=com.google.android.gms/.chimera.PersistentDirectBootAwareApiService }
04-25 15:44:02.989  3336  3372 I Bugle   : SubscriptionUtils.getCanonicalForSelf: self=redacted-pii[14-chars], country=ID [CONTEXT sub_id=1 ]
04-25 15:44:03.011  3336  3372 I BugleSelfIdentity: Phone number for MyIdentity 7e2ed651-3df1-415e-926b-084f6284858e does not change [CONTEXT sub_id=1 icc_id="redacted-pii[19-chars]" messaging_identity="redacted-pii[14-chars]" rcs_provisioning_id="redacted-pii[0-chars]" ]
04-25 15:44:03.014  3336  3372 I BugleSelfIdentity: Phone number for MyIdentity 3f0cfde7-8e6b-4b29-ba6c-e91ac7ffc98b does not change [CONTEXT sub_id=2 icc_id="redacted-pii[20-chars]" rcs_provisioning_id="redacted-pii[0-chars]" ]
04-25 15:44:03.026  3336  3412 I BugleCME: intervalPassed=false, verifiedAddressChanged=false [CONTEXT my_identity_token="3f0cfde7-8e6b-4b29-ba6c-e91ac7ffc98b" ]
04-25 15:44:03.027  3336  3412 I BugleCME: intervalPassed=false, verifiedAddressChanged=false [CONTEXT my_identity_token="7e2ed651-3df1-415e-926b-084f6284858e" ]
04-25 15:44:04.430  1000  1261 I SDM     : StrategyImpl::SetIdleTimeoutMs: Idle timeout: active = 1100, inactive = 520
04-25 15:44:04.530  1732  4139 I BatteryService: current mPlugType2current mHealthInfo.batteryLevel57current mHealthInfo.batteryTemperature367
04-25 15:44:04.534  5990  6176 D ThermalIECHandler: storeDataStyle: thermal_iec_monitor_persistence_data_style_iec_state; startIECTime: -1; IECScreenOffOverPeriodTime: 2007130621
04-25 15:44:04.536  4557  4557 I PowerUtils: getSurfaceTemprature temp: 40
04-25 15:44:04.538  5990  6164 D PowerCheckerService: onBatteryChanged, mBatteryLevel = 57, status = 2, level = 57, plug = 2, scale = 100
04-25 15:44:04.539  5990  6091 D PowerKeeper.Thermal: mBatteryTemperature: 36
04-25 15:44:04.539  2873  2873 V DeviceStatisticsService: chargerType=2 batteryLevel=57 totalBatteryCapacity=2470700
04-25 15:44:04.541  4557  4557 I PowerSaveService: onReceive: android.intent.action.BATTERY_CHANGED
04-25 15:44:04.542  4557  4557 I PowerNoticeUI: handleBatteryChanged oldPlugType 2 mPlugType 2 oldBatteryLevel 57 mBatteryLevel 57 temperature 367
04-25 15:44:04.542  4557  4557 I ChargerBatteryIntelligenceReceiver: onBatteryChanged temperature：36,plugType:2
04-25 15:44:04.957  1732  2908 D CompatibilityInfo: mCompatibilityFlags - 0
04-25 15:44:04.957  1732  2908 D CompatibilityInfo: applicationDensity - 432
04-25 15:44:04.957  1732  2908 D CompatibilityInfo: applicationScale - 1.0
04-25 15:44:04.966  3336  3480 I BugleDataModel: ExecuteActionRunnable: running action GenericWorkerQueueAction
04-25 15:44:04.968  3336  3480 I BugleDataModel: ActionExecutorImpl: ACTION_BACKGROUND_QUEUED_GenericWorkerQueueAction
04-25 15:44:04.969  3336  3480 I BugleDataModel: ExecuteActionRunnable: finished running action GenericWorkerQueueAction
04-25 15:44:04.969  3336  3336 I BugleDataModel: ActionExecutorImpl: ACTION_EXECUTE_QUEUED_GenericWorkerQueueAction
04-25 15:44:04.975  3336  3390 I BugleJobs: GenericWorkerQueueAction: Bailing early, no work found, no failed work found
04-25 15:44:04.979  3336  3390 I BugleDataModel: ActionExecutorImpl: ACTION_RESPONSE_QUEUED_GenericWorkerQueueAction
04-25 15:44:04.988  1732  2908 W ProcessStats: Tracking association SourceState{3e31854 com.miui.analytics/10095 BTopFgs #2436483} whose proc state 2 is better than process ProcessState{6c5765d com.miui.securitycenter.remote/1000 pkg=com.miui.securitycenter} proc state 3 (244 skipped)
04-25 15:44:05.228  1732  2372 D MiuiNetworkPolicy: updateLimit mLimitEnabled=false,enabled=true,mNetworkPriorityMode=0
04-25 15:44:05.768  1000  1261 I SDM     : StrategyImpl::SetIdleTimeoutMs: Idle timeout: active = 1100, inactive = 520
04-25 15:44:07.630  1000  1261 I SDM     : StrategyImpl::SetIdleTimeoutMs: Idle timeout: active = 1100, inactive = 520
04-25 15:44:08.144 17388 17388 W ThreadPoolForeg: type=1400 audit(0.0:1431271): avc: denied { write } for name="traced_producer" dev="tmpfs" ino=15099 scontext=u:r:gmscore_app:s0:c512,c768 tcontext=u:object_r:traced_producer_socket:s0 tclass=sock_file permissive=0 app=com.google.android.gms
04-25 15:44:08.988  1732  2372 I MiuiNetworkPolicy: updateUidState uid = 10068, uidState = 19
04-25 15:44:08.994  1732  2021 I ActivityManager: Killing 1904:com.google.process.gapps/u0a168 (adj 965): empty #17
04-25 15:44:09.018  1732  2058 I libprocessgroup: Successfully killed process cgroup uid 10168 pid 1904 in 21ms
04-25 15:44:09.045  1732  4809 D ActivityManagerServiceImpl: Service controller is not enabled.
04-25 15:44:09.046   885   885 I Zygote  : Process 1904 exited due to signal 9 (Killed)
04-25 15:44:09.046  1732  4809 D ProcessRecordInjector: Finishing reporting clean up app record.
04-25 15:44:09.047  5545 31286 I com.xiaomi.xms: oneway function results for code 3 on binder at 0xb40000704919f8e0 will be dropped but finished with status UNKNOWN_TRANSACTION
04-25 15:44:09.048  3060  3073 I .xiaomi.mipick: oneway function results for code 3 on binder at 0xb400007051957120 will be dropped but finished with status UNKNOWN_TRANSACTION
04-25 15:44:09.605  1000  1261 I SDM     : StrategyImpl::SetIdleTimeoutMs: Idle timeout: active = 1100, inactive = 520
04-25 15:44:10.360  1732  2324 V AlarmManager: Triggering alarm #0: Alarm{13a020f type 3 origWhen 2009075196 whenElapsed 2009075196 com.google.android.gms}
04-25 15:44:10.375  1732  2324 D CompatibilityInfo: mCompatibilityFlags - 0
04-25 15:44:10.375  1732  2324 D CompatibilityInfo: applicationDensity - 432
04-25 15:44:10.375  1732  2324 D CompatibilityInfo: applicationScale - 1.0
04-25 15:44:10.402 17388  3548 I Authzen : [DeviceStateSyncManager] The server is in sync with current state. Nothing to do
04-25 15:44:11.319 17388 17388 D BoundBrokerSvc: onUnbind: Intent { act=com.google.android.gms.auth.service.START pkg=com.google.android.gms }
04-25 15:44:11.333 17388 17388 D BoundBrokerSvc: onUnbind: Intent { act=com.google.android.gms.notifications.capping.api.NotificationsCappingApiService.START dat=chimera-action: cmp=com.google.android.gms/.chimera.GmsApiService }
04-25 15:44:11.757 17388 17388 D BoundBrokerSvc: onUnbind: Intent { act=com.google.android.mobstore.service.START pkg=com.google.android.gms }
04-25 15:44:12.750  1732  4139 I BatteryService: current mPlugType2current mHealthInfo.batteryLevel57current mHealthInfo.batteryTemperature367
04-25 15:44:12.754  5990  6176 D ThermalIECHandler: storeDataStyle: thermal_iec_monitor_persistence_data_style_iec_state; startIECTime: -1; IECScreenOffOverPeriodTime: 2007130621
04-25 15:44:12.755  4557  4557 I PowerUtils: getSurfaceTemprature temp: 40
04-25 15:44:12.756  4557  4557 I PowerSaveService: onReceive: android.intent.action.BATTERY_CHANGED
04-25 15:44:12.756  4557  4557 I PowerNoticeUI: handleBatteryChanged oldPlugType 2 mPlugType 2 oldBatteryLevel 57 mBatteryLevel 57 temperature 367
04-25 15:44:12.757  4557  4557 I ChargerBatteryIntelligenceReceiver: onBatteryChanged temperature：36,plugType:2
04-25 15:44:12.758  2873  2873 V DeviceStatisticsService: chargerType=2 batteryLevel=57 totalBatteryCapacity=2470700
04-25 15:44:12.758  5990  6164 D PowerCheckerService: onBatteryChanged, mBatteryLevel = 57, status = 2, level = 57, plug = 2, scale = 100
04-25 15:44:12.759  5990  6091 D PowerKeeper.Thermal: mBatteryTemperature: 36
04-25 15:44:13.680  1000  1261 I SDM     : StrategyImpl::SetIdleTimeoutMs: Idle timeout: active = 1100, inactive = 520
04-25 15:44:14.808  1000  1261 I SDM     : StrategyImpl::SetIdleTimeoutMs: Idle timeout: active = 1100, inactive = 520
04-25 15:44:16.148  1732  1924 D HeapUsage Monitor: HeapAllocSize : 65MB; monitorSize : 500MB
04-25 15:44:16.519  1000  1261 I SDM     : StrategyImpl::SetIdleTimeoutMs: Idle timeout: active = 1100, inactive = 520
04-25 15:44:17.438  1732  4809 W ProcessStats: Tracking association SourceState{3e31854 com.miui.analytics/10095 BTopFgs #2436498} whose proc state 2 is better than process ProcessState{6c5765d com.miui.securitycenter.remote/1000 pkg=com.miui.securitycenter} proc state 3 (69 skipped)
04-25 15:44:17.853  1000  1261 I SDM     : StrategyImpl::SetIdleTimeoutMs: Idle timeout: active = 1100, inactive = 520
04-25 15:44:19.755  1000  1261 I SDM     : StrategyImpl::SetIdleTimeoutMs: Idle timeout: active = 1100, inactive = 520
04-25 15:44:20.968  1732  4139 I BatteryService: current mPlugType2current mHealthInfo.batteryLevel57current mHealthInfo.batteryTemperature367
04-25 15:44:20.973  5990  6176 D ThermalIECHandler: storeDataStyle: thermal_iec_monitor_persistence_data_style_iec_state; startIECTime: -1; IECScreenOffOverPeriodTime: 2007130621
04-25 15:44:20.974  4557  4557 I PowerUtils: getSurfaceTemprature temp: 40
04-25 15:44:20.975  4557  4557 I PowerSaveService: onReceive: android.intent.action.BATTERY_CHANGED
04-25 15:44:20.975  4557  4557 I PowerNoticeUI: handleBatteryChanged oldPlugType 2 mPlugType 2 oldBatteryLevel 57 mBatteryLevel 57 temperature 367
04-25 15:44:20.975  4557  4557 I ChargerBatteryIntelligenceReceiver: onBatteryChanged temperature：36,plugType:2
04-25 15:44:20.976  5990  6164 D PowerCheckerService: onBatteryChanged, mBatteryLevel = 57, status = 2, level = 57, plug = 2, scale = 100
04-25 15:44:20.977  2873  2873 V DeviceStatisticsService: chargerType=2 batteryLevel=57 totalBatteryCapacity=2470700
04-25 15:44:20.977  5990  6091 D PowerKeeper.Thermal: mBatteryTemperature: 36
04-25 15:44:21.689  1000  1261 I SDM     : StrategyImpl::SetIdleTimeoutMs: Idle timeout: active = 1100, inactive = 520
04-25 15:44:24.563  1000  1261 I SDM     : StrategyImpl::SetIdleTimeoutMs: Idle timeout: active = 1100, inactive = 520
04-25 15:44:25.610  1732  2126 V DisplayPowerController[0]: Brightness [0.005129458] reason changing to: 'automatic [ dim ]', previous reason: 'automatic'.
04-25 15:44:26.965  1000  1260 I SDM     : StrategyImpl::SetIdleTimeoutMs: Idle timeout: active = 1100, inactive = 520
04-25 15:44:27.059  1732  2025 W ActivityManager: Unable to start service Intent { cmp=com.miui.powerkeeper/.perfshielder.PerfShielderStatisticsService } U=0: not found
04-25 15:44:27.059  1732  2025 V PerfShielderService: Miui powerkeeper: can't bind to com.miui.powerkeeper.perfshielder.PerfShielderStatisticsService
04-25 15:44:27.324 19856 19856 W ThreadPoolForeg: type=1400 audit(0.0:1431272): avc: denied { write } for name="traced_producer" dev="tmpfs" ino=15099 scontext=u:r:gmscore_app:s0:c512,c768 tcontext=u:object_r:traced_producer_socket:s0 tclass=sock_file permissive=0 app=com.google.android.gms
04-25 15:44:29.187  1732  4139 I BatteryService: current mPlugType2current mHealthInfo.batteryLevel57current mHealthInfo.batteryTemperature367
04-25 15:44:29.192  5990  6176 D ThermalIECHandler: storeDataStyle: thermal_iec_monitor_persistence_data_style_iec_state; startIECTime: -1; IECScreenOffOverPeriodTime: 2007130621
04-25 15:44:29.193  4557  4557 I PowerUtils: getSurfaceTemprature temp: 39
04-25 15:44:29.195  5990  6164 D PowerCheckerService: onBatteryChanged, mBatteryLevel = 57, status = 2, level = 57, plug = 2, scale = 100
04-25 15:44:29.195  5990  6091 D PowerKeeper.Thermal: mBatteryTemperature: 36
04-25 15:44:29.195  4557  4557 I PowerSaveService: onReceive: android.intent.action.BATTERY_CHANGED
04-25 15:44:29.196  4557  4557 I PowerNoticeUI: handleBatteryChanged oldPlugType 2 mPlugType 2 oldBatteryLevel 57 mBatteryLevel 57 temperature 367
04-25 15:44:29.196  4557  4557 I ChargerBatteryIntelligenceReceiver: onBatteryChanged temperature：36,plugType:2
04-25 15:44:29.199  2873  2873 V DeviceStatisticsService: chargerType=2 batteryLevel=57 totalBatteryCapacity=2470700
04-25 15:44:30.020   678  3550 I keystore2: keystore2::watchdog: Watchdog thread idle -> terminating. Have a great day.
04-25 15:44:30.251  1732  2372 D MiuiNetworkPolicy: updateLimit mLimitEnabled=true,enabled=false,mNetworkPriorityMode=0
04-25 15:44:34.902  1000  1260 I SDM     : StrategyImpl::SetIdleTimeoutMs: Idle timeout: active = 1100, inactive = 520
04-25 15:44:35.260  1732  2372 D MiuiNetworkPolicy: updateLimit mLimitEnabled=false,enabled=true,mNetworkPriorityMode=0
04-25 15:44:36.088  1000  1260 I SDM     : StrategyImpl::SetIdleTimeoutMs: Idle timeout: active = 1100, inactive = 520
04-25 15:44:36.674  1000  1260 I SDM     : StrategyImpl::SetIdleTimeoutMs: Idle timeout: active = 1100, inactive = 520
04-25 15:44:36.687  1732  4809 W ProcessStats: Tracking association SourceState{3e31854 com.miui.analytics/10095 BTopFgs #2436501} whose proc state 2 is better than process ProcessState{6c5765d com.miui.securitycenter.remote/1000 pkg=com.miui.securitycenter} proc state 3 (20 skipped)
04-25 15:44:36.689  1732  2372 I MiuiNetworkPolicy: updateUidState uid = 10144, uidState = 10
04-25 15:44:36.699  1732  2372 I MiuiNetworkPolicy: updateUidState uid = 10144, uidState = 19
04-25 15:44:37.394  1732  4139 I BatteryService: current mPlugType2current mHealthInfo.batteryLevel57current mHealthInfo.batteryTemperature367
04-25 15:44:37.400  5990  6176 D ThermalIECHandler: storeDataStyle: thermal_iec_monitor_persistence_data_style_iec_state; startIECTime: -1; IECScreenOffOverPeriodTime: 2007130621
04-25 15:44:37.400  4557  4557 I PowerUtils: getSurfaceTemprature temp: 39
04-25 15:44:37.401  4557  4557 I PowerSaveService: onReceive: android.intent.action.BATTERY_CHANGED
04-25 15:44:37.402  4557  4557 I PowerNoticeUI: handleBatteryChanged oldPlugType 2 mPlugType 2 oldBatteryLevel 57 mBatteryLevel 57 temperature 367
04-25 15:44:37.402  4557  4557 I ChargerBatteryIntelligenceReceiver: onBatteryChanged temperature：36,plugType:2
04-25 15:44:37.403  5990  6164 D PowerCheckerService: onBatteryChanged, mBatteryLevel = 57, status = 2, level = 57, plug = 2, scale = 100
04-25 15:44:37.403  5990  6091 D PowerKeeper.Thermal: mBatteryTemperature: 36
04-25 15:44:37.404  2873  2873 V DeviceStatisticsService: chargerType=2 batteryLevel=57 totalBatteryCapacity=2470700
04-25 15:44:37.851  1000  1260 I SDM     : StrategyImpl::SetIdleTimeoutMs: Idle timeout: active = 1100, inactive = 520
04-25 15:44:37.921  1000  1260 I SDM     : StrategyImpl::SetIdleTimeoutMs: Idle timeout: active = 1100, inactive = 520
04-25 15:44:38.174 17388 17388 W ThreadPoolForeg: type=1400 audit(0.0:1431273): avc: denied { write } for name="traced_producer" dev="tmpfs" ino=15099 scontext=u:r:gmscore_app:s0:c512,c768 tcontext=u:object_r:traced_producer_socket:s0 tclass=sock_file permissive=0 app=com.google.android.gms
04-25 15:44:38.628  1732  2372 I MiuiNetworkPolicy: updateUidState uid = 10144, uidState = 19
04-25 15:44:38.628  1732  2372 I MiuiNetworkPolicy: updateUidState uid = 10100, uidState = 8
04-25 15:44:39.048  1000  1260 I SDM     : StrategyImpl::SetIdleTimeoutMs: Idle timeout: active = 1100, inactive = 520
04-25 15:44:39.945  1732  2324 V AlarmManager: Triggering alarm #0: Alarm{fdda07a type 2 origWhen 2009116033 whenElapsed 2009116033 android}
04-25 15:44:40.708  1000  1260 I SDM     : StrategyImpl::SetIdleTimeoutMs: Idle timeout: active = 1100, inactive = 520
04-25 15:44:41.852  1000  1260 I SDM     : StrategyImpl::SetIdleTimeoutMs: Idle timeout: active = 1100, inactive = 520
04-25 15:44:43.601  1732  2126 I PowerManagerService: Powering off display group due to timeout (groupId= 0, uid= 1000)...
04-25 15:44:43.601  1732  2126 I PowerManagerService: Going to sleep due to timeout (uid 1000)...
04-25 15:44:43.609  1000  1260 I SDM     : HWCDisplay::GetColorModeCount: Supported color mode count = 3
04-25 15:44:43.609  1000  1260 I SDM     : HWCDisplay::GetColorModes: Color mode = 0 is supported
04-25 15:44:43.609  1000  1260 I SDM     : HWCDisplay::GetColorModes: Color mode = 7 is supported
04-25 15:44:43.609  1000  1260 I SDM     : HWCDisplay::GetColorModes: Color mode = 9 is supported
04-25 15:44:43.617  1732  1732 I ActivityManager: Killing 901:android.process.media/u0a66 (adj 975): empty #17
04-25 15:44:43.630  1732  2372 I MiuiNetworkPolicy: updateUidState uid = 10136, uidState = 6
04-25 15:44:43.630  1732  2372 I MiuiNetworkPolicy: updateUidState uid = 10074, uidState = 6
04-25 15:44:43.646 21240 21240 I GoogleInputMethodService: GoogleInputMethodService.onFinishInput():2186 
04-25 15:44:43.648  2922  2938 D KeyguardViewMediator: onStartedGoingToSleep(3)
04-25 15:44:43.648 21240 21240 I Module  : DeviceLockedStatusModuleProvider$Module.updateDeviceLockedStatus():103 repeatCheckTimes = 0, locked = false
04-25 15:44:43.659  2922  2938 D KeyguardViewMediator: notifyStartedGoingToSleep
04-25 15:44:43.660  2922  3192 D MiuiFaceManager: inernational:true supportR:[ALL] nowR:ID
04-25 15:44:43.660  2922  3192 D MiuiFaceManager: inernational:true supportR:[ALL] nowR:ID
04-25 15:44:43.661  2922  2922 D MiuiFaceManager: inernational:true supportR:[ALL] nowR:ID
04-25 15:44:43.661  2922  2922 D MiuiFaceManager: inernational:true supportR:[ALL] nowR:ID
04-25 15:44:43.661  2922  2922 D MiuiFaceManager: inernational:true supportR:[ALL] nowR:ID
04-25 15:44:43.661  2922  2922 D MiuiFaceManager: inernational:true supportR:[ALL] nowR:ID
04-25 15:44:43.662  1732  2058 I libprocessgroup: Successfully killed process cgroup uid 10066 pid 901 in 41ms
04-25 15:44:43.664  1732  4809 D FingerprintService: onTransact() code: 18
04-25 15:44:43.664  1732  4809 D FingerprintService: onTransact() code: 22
04-25 15:44:43.665  2922  2922 V KeyguardUpdateMonitor: startListeningForFingerprint()
04-25 15:44:43.665  2922  2922 V KeyguardUpdateMonitor: startListeningForFingerprint()
04-25 15:44:43.666  1732  4803 D FingerprintService: onTransact() code: 5
04-25 15:44:43.666  1732  4803 D BiometricUtils: isEncrypted: false isLockdown: false
04-25 15:44:43.667  2922  2922 D KeyguardUpdateMonitor: fingerprintRunningState: 1
04-25 15:44:43.667  2922  2922 D BiometricUnlockCtrl: onBiometricRunningStateChanged running=true
04-25 15:44:43.667  1000  1260 I SDM     : StrategyImpl::SetIdleTimeoutMs: Idle timeout: active = 1100, inactive = 520
04-25 15:44:43.667  1732  1732 D [FingerprintService]BiometricScheduler: [Added] {[3551] FingerprintUpdateActiveUserClient, proto=1, owner=android, cookie=0, userId=0}, new queue size: 1
04-25 15:44:43.667  1732  1732 D [FingerprintService]BiometricScheduler: [Polled] {[3551] FingerprintUpdateActiveUserClient, proto=1, owner=android, cookie=0, userId=0}, State: 0
04-25 15:44:43.667  1732  1732 D [FingerprintService]BiometricScheduler: [Starting] {[3551] FingerprintUpdateActiveUserClient, proto=1, owner=android, cookie=0, userId=0}, State: 0
04-25 15:44:43.668  2922  2922 D MiuiFaceManager: inernational:true supportR:[ALL] nowR:ID
04-25 15:44:43.668  2922  2922 D MiuiFaceManager: inernational:true supportR:[ALL] nowR:ID
04-25 15:44:43.668  1732  1732 D [FingerprintService]BiometricScheduler: [Started] {[3551] FingerprintUpdateActiveUserClient, proto=1, owner=android, cookie=0, userId=0}
04-25 15:44:43.668  1732  1732 D FingerprintUpdateActiveUserClient: Already user: 0, returning
04-25 15:44:43.668  2922  2922 D KeyguardViewMediator: handleNotifyStartedGoingToSleep
04-25 15:44:43.669 31120 17985 D MiuiKeyguardWallpaperRemoteService: onKeyguardGoingAway goingAway = false  isFastUnlock  = false
04-25 15:44:43.670  2922  2922 I MiuiChargeController: dismissChargeAnimation: dismiss_for_screen_off
04-25 15:44:43.670  2922  2922 D OneHandedController: stopOneHanded state isTransitioning or STATE_NONE
04-25 15:44:43.670 31120 17985 D MiuiKeyguardWallpaperRemoteService: onStartedGoingToSleep
04-25 15:44:43.670  2922  2922 I vol.MiuiVolumeDialogImp-plugin: dismissH mShowing:false dialog showing:false reason:2
04-25 15:44:43.672 31120 31142 D ImageGLWallpaper:  scissor: Rect(0, 0 - 1080, 2400) displayPoint: Point(1080, 2400) isScrollWithScreen: false
04-25 15:44:43.672 31120 31142 D ImageGLWallpaper:  heightDiffRatio 0.0
04-25 15:44:43.672 31120 31142 D ImageGLWallpaper:  widthDiffRatio 0.0
04-25 15:44:43.672 31120 31142 D ImageGLWallpaper:  mCurrentTexCoordinate [0.0, 1.0, 1.0, 1.0, 1.0, 0.0, 1.0, 0.0, 0.0, 0.0, 0.0, 1.0]
04-25 15:44:43.673 31120 31142 D MiuiKeyguardPictorialWallpaper:  needSetupAgain++++ false mEglHelper.hasEglContext true  mEglHelper.hasEglSurface true ischangescreen false
04-25 15:44:43.673 31120 31142 D KeyguardWallpaperRenderer: onDrawFrame
04-25 15:44:43.674  1732  1732 D [FingerprintService]BiometricScheduler: [Added] {[3552] FingerprintAuthenticationClient, proto=3, owner=com.android.systemui, cookie=0, userId=0}, new queue size: 1
04-25 15:44:43.674  1732  1732 V [FingerprintService]BiometricScheduler: Not idle, current operation: {[3551] FingerprintUpdateActiveUserClient, proto=1, owner=android, cookie=0, userId=0}, State: 2
04-25 15:44:43.674  1732  1732 D [FingerprintService]BiometricScheduler: [Finishing] {[3551] FingerprintUpdateActiveUserClient, proto=1, owner=android, cookie=0, userId=0}, success: true
04-25 15:44:43.674  1732  1732 D [FingerprintService]BiometricScheduler: [Polled] {[3552] FingerprintAuthenticationClient, proto=3, owner=com.android.systemui, cookie=0, userId=0}, State: 0
04-25 15:44:43.674  1732  1732 D GestureAvailabilityTracker: Notifying gesture availability, active=false
04-25 15:44:43.674  1732  1732 D [FingerprintService]BiometricScheduler: [Starting] {[3552] FingerprintAuthenticationClient, proto=3, owner=com.android.systemui, cookie=0, userId=0}, State: 0
04-25 15:44:43.674  1732  1732 D [FingerprintService]BiometricScheduler: [Started] {[3552] FingerprintAuthenticationClient, proto=3, owner=com.android.systemui, cookie=0, userId=0}
04-25 15:44:43.674  1732  1732 D BiometricCoexCoordinator: addAuthenticationClient(OtherFp), client: {[3552] FingerprintAuthenticationClient, proto=3, owner=com.android.systemui, cookie=0, userId=0}
04-25 15:44:43.674  1732  1732 D FingerprintService: Fps state updated from 0 to 2, client {[3552] FingerprintAuthenticationClient, proto=3, owner=com.android.systemui, cookie=0, userId=0}
04-25 15:44:43.674 31120  7922 D ImageWallpaper: Top packge name is com.chat2goo.app, home package name is com.mi.android.globallauncher
04-25 15:44:43.674  1732  1732 D [FingerprintService]AuthenticationClient: Requesting auth for com.android.systemui
04-25 15:44:43.675  1597  1656 V FingerprintHal: fingerprint_authenticate
04-25 15:44:43.675  1597  1656 V [GF_HAL][gf_hal]: [gf_hal_authenticate] enter
04-25 15:44:43.675  1597  1656 I [GF_HAL][gf_hal]: [gf_hal_authenticate] group_id=0
04-25 15:44:43.675  1597  1656 V [GF_HAL][gf_hal_milan]: [hal_milan_authenticate] enter
04-25 15:44:43.675  1597  1656 V [GF_HAL][gf_hal_timer]: [gf_hal_destroy_timer] enter
04-25 15:44:43.675  1597  1656 V [GF_HAL][gf_hal_timer]: [hal_destroy_timer] enter
04-25 15:44:43.675  1597  1656 V [GF_HAL][gf_hal_timer]: [hal_destroy_timer] exit
04-25 15:44:43.675  1597  1656 V [GF_HAL][gf_hal_timer]: [gf_hal_destroy_timer] exit
04-25 15:44:43.675  1597  1656 V [GF_HAL][gf_hal_common]: [gf_hal_common_authenticate] enter
04-25 15:44:43.675  1597  1656 D [GF_HAL][gf_hal_common]: [gf_hal_common_authenticate] group_id=0
04-25 15:44:43.675  1597  1656 V [GF_HAL][gf_hal_timer]: [gf_hal_destroy_timer] enter
04-25 15:44:43.675  1597  1656 V [GF_HAL][gf_hal_timer]: [hal_destroy_timer] enter
04-25 15:44:43.675  1597  1656 V [GF_HAL][gf_hal_timer]: [hal_destroy_timer] exit
04-25 15:44:43.675  1597  1656 V [GF_HAL][gf_hal_timer]: [gf_hal_destroy_timer] exit
04-25 15:44:43.675  1597  1656 V [GF_HAL][gf_hal_timer]: [gf_hal_destroy_timer] enter
04-25 15:44:43.675  1597  1656 V [GF_HAL][gf_hal_timer]: [hal_destroy_timer] enter
04-25 15:44:43.675  1597  1656 V [GF_HAL][gf_hal_timer]: [hal_destroy_timer] exit
04-25 15:44:43.675  1597  1656 V [GF_HAL][gf_hal_timer]: [gf_hal_destroy_timer] exit
04-25 15:44:43.675  1597  1656 V [GF_HAL][gf_hal_common]: [gf_hal_invoke_command] enter
04-25 15:44:43.675  1597  1656 V [GF_HAL][gf_hal_milan]: [hal_milan_invoke_command] enter
04-25 15:44:43.675  1597  1656 D [gf_ca_entry]: [gf_ca_invoke_command] enter
04-25 15:44:43.675  1597  1656 D [gf_ca_entry]: [gf_ta_send_modified_cmd_req] enter
04-25 15:44:43.675  1597  1656 D [gf_ca_entry]: [gf_ta_send_modified_cmd_req] begin token 16075, cmd_id=1010
04-25 15:44:43.675  1597  1656 D [gf_sec_ion]: [gf_sec_ion_malloc] enter
04-25 15:44:43.675  1597  1656 D [gf_sec_ion]: [gf_sec_ion_malloc] gf_sec_ion_malloc data_size = 192
04-25 15:44:43.675  1597  1656 D [gf_sec_ion]: [gf_sec_ion_malloc] exit
04-25 15:44:43.675  1597  1656 D [gf_ca_entry]: [gf_ta_send_modified_cmd_req] whitebox is disabled.
04-25 15:44:43.681  1130  1130 D CompositionEngine: updateMiFodFlag layer[ColorFade BLAST#0] ColorFade
04-25 15:44:43.689 31120 31142 D ImageGLWallpaper:  scissor: Rect(0, 0 - 1080, 2400) displayPoint: Point(1080, 2400) isScrollWithScreen: false
04-25 15:44:43.689 31120 31142 D ImageGLWallpaper:  heightDiffRatio 0.0
04-25 15:44:43.689 31120 31142 D ImageGLWallpaper:  widthDiffRatio 0.0
04-25 15:44:43.689 31120 31142 D ImageGLWallpaper:  mCurrentTexCoordinate [0.0, 1.0, 1.0, 1.0, 1.0, 0.0, 1.0, 0.0, 0.0, 0.0, 0.0, 1.0]
04-25 15:44:43.689 31120 31142 D KeyguardWallpaperRenderer: onDrawFrame
04-25 15:44:43.696  1732  2126 V DisplayPowerController[0]: Brightness [0.1358] reason changing to: 'automatic', previous reason: 'automatic [ dim ]'.
04-25 15:44:43.702 31120 31142 D MiuiKeyguardPictorialWallpaper: 　scheduleFinishRendering
04-25 15:44:43.705  1597  1656 D [gf_sec_ion]: [gf_sec_ion_free] enter
04-25 15:44:43.705  1597  1656 D [gf_sec_ion]: [gf_sec_ion_free] gf_sec_ion_free ion_local_flag is not true
04-25 15:44:43.705  1597  1656 D [gf_sec_ion]: [gf_sec_ion_free] exit
04-25 15:44:43.705  1597  1656 D [gf_ca_entry]: [gf_ta_send_modified_cmd_req] exit
04-25 15:44:43.705  1597  1656 D [gf_ca_entry]: [gf_ca_invoke_command] gx_ta_send_modified_cmd_req success
04-25 15:44:43.705  1597  1656 D [gf_ca_entry]: [gf_ca_invoke_command] ta execution succeed
04-25 15:44:43.705  1597  1656 D [gf_ca_entry]: [gf_ca_invoke_command] exit
04-25 15:44:43.705  1597  1656 D [GF_HAL][gf_hal_milan]: [hal_milan_invoke_command] cmd_id=GF_CMD_AUTHENTICATE, cmd_id=1010
04-25 15:44:43.705  1597  1656 D [GF_HAL][gf_hal_milan]: [hal_milan_invoke_command] g_mode=MODE_IMAGE, g_mode=0
04-25 15:44:43.705  1597  1656 D [GF_HAL][gf_hal_milan]: [hal_milan_invoke_command] g_operation=OPERATION_AUTHENTICATE_IMAGE, g_operation=1
04-25 15:44:43.705  1597  1656 V [GF_HAL][gf_hal_milan]: [hal_milan_invoke_command] operation[0]=OPERATION_HOME_KEY, operation[0]=9
04-25 15:44:43.705  1597  1656 V [GF_HAL][gf_hal_milan]: [hal_milan_invoke_command] exit
04-25 15:44:43.705  1597  1656 V [GF_HAL][gf_hal_common]: [gf_hal_invoke_command] exit
04-25 15:44:43.705  1597  1656 V [GF_HAL][gf_hal_device]: [gf_hal_notify_kernel_authenticate_state] enter
04-25 15:44:43.705  1597  1656 V [GF_HAL][gf_hal_device]: [gf_hal_notify_kernel_authenticate_state] exit
04-25 15:44:43.705  1597  1656 D android.hardware.biometrics.fingerprint@2.1-service: onAcquired(6)(21)
04-25 15:44:43.705  1597  1656 V [GF_HAL][gf_hal_common]: [gf_hal_common_authenticate] exit
04-25 15:44:43.705  1597  1656 V [GF_HAL][gf_hal_milan]: [hal_milan_authenticate] exit
04-25 15:44:43.705  1597  1656 V [GF_HAL][gf_hal]: [gf_hal_authenticate] exit
04-25 15:44:43.705  1732  4809 D ActivityManagerServiceImpl: Service controller is not enabled.
04-25 15:44:43.706  1732  4809 D ProcessRecordInjector: Finishing reporting clean up app record.
04-25 15:44:43.706  1732  1732 V [FingerprintService]AcquisitionClient: Acquired: 6 21, shouldSend: true
04-25 15:44:43.707   885   885 I Zygote  : Process 901 exited due to signal 9 (Killed)
04-25 15:44:43.708  5545 31286 I com.xiaomi.xms: oneway function results for code 3 on binder at 0xb40000704919f8e0 will be dropped but finished with status UNKNOWN_TRANSACTION
04-25 15:44:43.709  3060  3073 I .xiaomi.mipick: oneway function results for code 3 on binder at 0xb400007051957120 will be dropped but finished with status UNKNOWN_TRANSACTION
04-25 15:44:43.710  2922  2922 V KeyguardUpdateMonitor: FingerprintManager onAuthenticationAcquired: 6
04-25 15:44:43.710  2922  2922 W FingerprintManager: Invalid acquired message: 6, 21
04-25 15:44:43.711  1732  2372 I MiuiNetworkPolicy: removeUidState uid = 10066
04-25 15:44:44.107  1732  2126 I DisplayPowerController[0]: Blocking screen off
04-25 15:44:44.108  1732  2126 I DisplayPowerController[0]: Unblocked screen off after 1 ms
04-25 15:44:44.108  2922  2922 D OneHandedController: stopOneHanded state isTransitioning or STATE_NONE
04-25 15:44:44.128  1033  1344 I DisplayFeatureHal: threadFuncBacklight: set brightness to 0
04-25 15:44:44.132  1732  2126 D ActivityTaskManager: Top Process State changed to PROCESS_STATE_TOP_SLEEPING
04-25 15:44:44.134  1732  2126 D ActivityTrigger: ActivityTrigger activityPauseTrigger 
04-25 15:44:44.137  2922  2938 D KeyguardViewMediator: notifyScreenTurnedOff
04-25 15:44:44.139  2926  2926 D EventBus: No subscribers registered for event class com.miui.home.recents.messages.TaskSnapshotChangedEvent
04-25 15:44:44.139  2926  2926 D EventBus: No subscribers registered for event class org.greenrobot.eventbus.NoSubscriberEvent
04-25 15:44:44.139  1008  1008 I sensors-hal: activate:209, android.sensor.device_orientation/272 en=0
04-25 15:44:44.140  2922  2922 D KeyguardViewMediator: handleNotifyScreenTurnedOff
04-25 15:44:44.140  1008  1008 I sensors-hal: activate:220, android.sensor.device_orientation/272 en=0 completed
04-25 15:44:44.141 29428 29428 V Capacitor/AppPlugin: Notifying listeners for event pause
04-25 15:44:44.142 31120 17985 D MiuiKeyguardWallpaperRemoteService: onScreenTurnedOff
04-25 15:44:44.142 29428 29428 D Capacitor/AppPlugin: No listeners found for event pause
04-25 15:44:44.142 29428 29428 D Capacitor: App paused
04-25 15:44:44.145  1732  4803 D WindowManager: Input focus has changed to null display=0 updateInputWindows = false
04-25 15:44:44.147  1732  2075 E KernelCpuUidClusterTimeReader: Negative delta from cluster time for uid: 10203, delta: -2
04-25 15:44:44.148  1732  2075 E KernelCpuUidClusterTimeReader: Negative delta from cluster time for uid: 10220, delta: -6
04-25 15:44:44.150  1130  1130 D CompositionEngine: updateMiFodFlag layer[ColorFade BLAST#0] ColorFade
04-25 15:44:44.151  1732  2126 W ActivityManager: Unable to start service Intent { act=miui.action.CAMERA_EMPTY_SERVICE pkg=com.android.camera } U=0: not found
04-25 15:44:44.155  1732  2372 I MiuiNetworkPolicy: updateUidState uid = 99060, uidState = 12
04-25 15:44:44.155  1732  2372 I MiuiNetworkPolicy: updateUidState uid = 10488, uidState = 12
04-25 15:44:44.155  2922  2922 D StatusBar: updateQsExpansionEnabled - QS Expand enabled: false
04-25 15:44:44.158  1130  1130 D CompositionEngine: updateMiFodFlag layer[ColorFade BLAST#0] ColorFade
04-25 15:44:44.160 29428 29428 D DecorView[]: onWindowFocusChanged hasWindowFocus false
04-25 15:44:44.161  1008  1008 I sensors-hal: batch:242, android.sensor.light/51, period=200000000, max_latency=0
04-25 15:44:44.161  1008  1008 I sensors-hal: set_config:63, sample_period_ns is adjusted to 0 based on min/max delay_ns
04-25 15:44:44.161  1008  1008 I sensors-hal: batch:251, android.sensor.light/51, period=200000000, max_latency=0 request completed
04-25 15:44:44.162  1732  2126 I AutomaticBrightnessControllerImpl: setProximitySensorEnabled disable
04-25 15:44:44.163  1008  1008 I sensors-hal: batch:242, android.sensor.proximity/82, period=1000000, max_latency=0
04-25 15:44:44.163  1008  1008 I sensors-hal: set_config:63, sample_period_ns is adjusted to 0 based on min/max delay_ns
04-25 15:44:44.163  1008  1008 I sensors-hal: batch:251, android.sensor.proximity/82, period=1000000, max_latency=0 request completed
04-25 15:44:44.164  1008  1008 I sensors-hal: batch:242, android.sensor.light/51, period=1000000, max_latency=0
04-25 15:44:44.164  1008  1008 I sensors-hal: set_config:63, sample_period_ns is adjusted to 0 based on min/max delay_ns
04-25 15:44:44.164  1008  1008 I sensors-hal: batch:251, android.sensor.light/51, period=1000000, max_latency=0 request completed
04-25 15:44:44.168  1732  2126 V DisplayPowerController[0]: Brightness [-1.0] reason changing to: 'screen_off', previous reason: 'automatic'.
04-25 15:44:44.169  1732  2620 D LocalDisplayAdapter: setDisplayState(id=4630946688386997377, state=OFF)
04-25 15:44:44.169  1130  1130 D SurfaceFlinger: Setting power mode 0 on display 4630946688386997377
04-25 15:44:44.169  1000  1261 I SDM     : DisplayBase::SetDisplayState: Set state = 0, display 28-0, teardown = 0
04-25 15:44:44.164  1732  1732 W android.display: type=1400 audit(0.0:1431274): avc: denied { read } for name="u:object_r:vendor_display_notch_prop:s0" dev="tmpfs" ino=2419 scontext=u:r:system_server:s0 tcontext=u:object_r:vendor_display_notch_prop:s0 tclass=file permissive=0
04-25 15:44:44.170  1732  1919 W libc    : Access denied finding property "vendor.display.disable_rounded_corner"
04-25 15:44:44.170  1732  1919 I DisplayDeviceRepository: Display device changed state: "Layar Built-In", OFF
04-25 15:44:44.177 27801 27845 I BtGatt.ScanManager: msg.what = 8
04-25 15:44:44.178  2926  2926 W Launcher: onDisplayChanged: newRotation=0, mCurrentRotation=0
04-25 15:44:44.178  2926  2926 D Launcher_UnlockAnimationStateMachine: mOldDisplayState = 2 onDisplayChange = 1
04-25 15:44:44.178  2926  2926 D Launcher_UnlockAnimationStateMachine: onScreenOff = IDLE
04-25 15:44:44.178  2926  2926 D Launcher_UnlockAnimationStateMachine: setPrepare on screen off
04-25 15:44:44.178  2926  2926 D Launcher_UnlockAnimationStateMachine: setPrepare = IDLE
04-25 15:44:44.179  1513  1513 I hw-BpHwBinder: onLastStrongRef automatically unlinking death recipients
04-25 15:44:44.179  2797  2861 I QmiHwInterface/SendRequestCallback: <- RCV:OnResponseEvent{status=3, error message = messageId not supported}
04-25 15:44:44.179 27801 27845 I BtGatt.ScanManager: msg.what = 4
04-25 15:44:44.179  2926  3067 W GestureStubView: onDisplayChanged
04-25 15:44:44.179  2926  3067 W GestureStubView: adaptRotation   currentRotation=0   mRotation=0
04-25 15:44:44.179  2926  3067 W GestureStubView: onDisplayChanged
04-25 15:44:44.179  2926  3067 W GestureStubView: adaptRotation   currentRotation=0   mRotation=0
04-25 15:44:44.180  1597  1793 D [GF_HAL][gf_hal_device]: [gf_hal_netlink_recv] send message value=2
04-25 15:44:44.180  2922  2922 V AutoDensityController: on display changed 0 context dpi:442 origin dpi:432 target dpi:442
04-25 15:44:44.180  1597  1792 D [GF_HAL][gf_hal_device]: [gf_handle_thread] ignore screen off msg.
04-25 15:44:44.180  2797  2856 I DynamicDDSService: sendRequest has failure response. errorMsg = messageId not supported
04-25 15:44:44.180  2922  2922 D ControlCenterWindowViewController: on display changed 0
04-25 15:44:44.183 19856 27026 I NearbySharing: Screen is locked
04-25 15:44:44.183 19856 27026 I NearbySharing: Stopping scanning because the screen is locked.
04-25 15:44:44.184  2922  3366 D ScreenDecorations: updateOrientation: false
04-25 15:44:44.184 19856 27026 I NearbySharing: Stopping Fast Init advertisement because Bluetooth is off.
04-25 15:44:44.184 19856 27026 I NearbySharing: Stopping advertising because Bluetooth is disabled.
04-25 15:44:44.184 19856 27026 I NearbySharing: Stopping FastInitiation scanning because the screen is locked.
04-25 15:44:44.186  2926  3800 D TaskStackChangeListeners: onTaskDisplayChanged =  taskId = 4845 newDisplayId = 0
04-25 15:44:44.187 19856 27026 I NearbySharing: Fast Initiation Scanning has stopped
04-25 15:44:44.188  2926  3800 D TaskStackChangeListeners: onTaskDisplayChanged =  taskId = 2 newDisplayId = 0
04-25 15:44:44.188  2926  3800 D TaskStackChangeListeners: onTaskDisplayChanged =  taskId = 4766 newDisplayId = 0
04-25 15:44:44.188 19856 27026 I NearbySharing: Dismissing HUN as there's no device nearby.
04-25 15:44:44.188  2926  3800 D TaskStackChangeListeners: onTaskDisplayChanged =  taskId = 3 newDisplayId = 0
04-25 15:44:44.189  2926  3800 D TaskStackChangeListeners: onTaskDisplayChanged =  taskId = 4 newDisplayId = 0
04-25 15:44:44.189  2926  3800 D TaskStackChangeListeners: onTaskDisplayChanged =  taskId = 5 newDisplayId = 0
04-25 15:44:44.189  2926  3800 D TaskStackChangeListeners: onTaskDisplayChanged =  taskId = 6 newDisplayId = 0
04-25 15:44:44.189  2926  3800 D TaskStackChangeListeners: onTaskDisplayChanged =  taskId = 7 newDisplayId = 0
04-25 15:44:44.190  2926  3800 D TaskStackChangeListeners: onTaskDisplayChanged =  taskId = 4840 newDisplayId = 0
04-25 15:44:44.208  1732  4290 I WindowManagerService: Physical orientation not applied, rotation=0
04-25 15:44:44.217 29428 29428 D Capacitor/AppPlugin: Firing change: false
04-25 15:44:44.217 29428 29428 V Capacitor/AppPlugin: Notifying listeners for event appStateChange
04-25 15:44:44.217 29428 29428 D Capacitor/AppPlugin: No listeners found for event appStateChange
04-25 15:44:44.218 29428 29428 D Capacitor: App stopped
04-25 15:44:44.219 29428 29428 D Capacitor: Saving instance state!
04-25 15:44:44.248  2926  3800 D RecentsModel: onTaskStackChangedBackground
04-25 15:44:44.248  2926  3283 D RecentsModel: onTaskStackChangedBackground    MSG_TASK_STACK_CHANGE
04-25 15:44:44.248  2926  3283 D RecentsModel: preloadRecents
04-25 15:44:44.248  2926  3283 W RecentsModel: getRunningTask
04-25 15:44:44.249  5990 27378 I MultiScreenObserver: onTaskStackChanged, splitScreenMode: false isCameraFloat: false isSmallScreen: false
04-25 15:44:44.249  4557  8024 I SCTaskStackListener: onTaskStackChanged! inSplit = false
04-25 15:44:44.250  4557 16582 I SCTaskStackListener: onTaskStackChanged! inSplit = false
04-25 15:44:44.253  2926  3283 W RecentsModel: getRunningTask   taskInfo=TaskInfo{userId=0 taskId=4845 displayId=0 isRunning=true baseIntent=Intent { act=android.intent.action.MAIN cat=[android.intent.category.LAUNCHER] flg=0x10200000 cmp=com.chat2goo.app/.MainActivity } baseActivity=ComponentInfo{com.chat2goo.app/com.chat2goo.app.MainActivity} topActivity=ComponentInfo{com.chat2goo.app/com.chat2goo.app.MainActivity} origActivity=null realActivity=ComponentInfo{com.chat2goo.app/com.chat2goo.app.MainActivity} numActivities=1 lastActiveTime=2009120338 supportsSplitScreenMultiWindow=true supportsMultiWindow=true resizeMode=1 isResizeable=true token=WCT{android.window.IWindowContainerToken$Stub$Proxy@4c1b265} topActivityType=1 pictureInPictureParams=null displayCutoutSafeInsets=Rect(0, 91 - 0, 0) topActivityInfo=ActivityInfo{9f1eb3a com.chat2goo.app.MainActivity} launchCookies=[] positionInParent=Point(0, 0) parentTaskId=-1 isFocused=false isVisible=false topActivityInSizeCompat=false locusId= null windowMode=0}
04-25 15:44:44.253  2926  3283 W RecentsModel: getTaskInfoIgnoreHomeAndFreeform   taskInfo=ComponentInfo{com.chat2goo.app/com.chat2goo.app.MainActivity}
04-25 15:44:44.254  2926  3283 E ActivityManagerWrapper: get all recent tasks force including 4845
04-25 15:44:44.257  2926  3283 E ActivityManagerWrapper: getRecentTasks: size=4
04-25 15:44:44.257  2926  3283 E ActivityManagerWrapper: getRecentTasks: taskId=4845   userId=0   baseIntent=Intent { act=android.intent.action.MAIN flag=270532608 cmp=ComponentInfo{com.chat2goo.app/com.chat2goo.app.MainActivity} }
04-25 15:44:44.257  2926  3283 E ActivityManagerWrapper: getRecentTasks: taskId=4848   userId=0   baseIntent=Intent { act=null flag=276824064 cmp=ComponentInfo{com.android.settings/com.android.settings.Settings$UsbDetailsActivity} }
04-25 15:44:44.257  2926  3283 E ActivityManagerWrapper: getRecentTasks: taskId=4840   userId=0   baseIntent=Intent { act=android.intent.action.VIEW flag=335552512 cmp=ComponentInfo{com.android.chrome/org.chromium.chrome.browser.ChromeTabbedActivity} }
04-25 15:44:44.257  2926  3283 E ActivityManagerWrapper: getRecentTasks: taskId=4766   userId=0   baseIntent=Intent { act=android.intent.action.MAIN flag=270532608 cmp=ComponentInfo{com.whatsapp/com.whatsapp.Main} }
04-25 15:44:44.334  1066  1191 I mi_thermald: special_target_modify: set generic device battery to 2
04-25 15:44:44.334  1066  1191 I mi_thermald: generic_set_level: set generic device battery to 2
04-25 15:44:44.335  1008  1008 I sensors-hal: batch:242, android.sensor.light/51, period=1000000, max_latency=0
04-25 15:44:44.335  1008  1008 I sensors-hal: set_config:63, sample_period_ns is adjusted to 0 based on min/max delay_ns
04-25 15:44:44.335  1008  1008 I sensors-hal: batch:251, android.sensor.light/51, period=1000000, max_latency=0 request completed
04-25 15:44:44.338  1033  1343 D DisplayFeatureHal: HandleDisplayState enter state 0, last state 1
04-25 15:44:44.338  1033  1343 D DisplayFeatureHal: isStartSensorControl ret 0
04-25 15:44:44.338  1033  1343 D DisplayFeatureHal: onSuspend enter
04-25 15:44:44.338  1033  1343 D DisplayFeatureHal: Query DisplayPostproc service
04-25 15:44:44.338  1130  1130 D SurfaceFlinger: Finished setting power mode 0 on display 4630946688386997377
04-25 15:44:44.339  1732  2620 D SurfaceControl: Excessive delay in setPowerMode()
04-25 15:44:44.340  1007  1007 I QTI PowerHAL: Power setMode: 7 to: 0
04-25 15:44:44.342  1007  1007 I QTI PowerHAL: Got set_interactive hint
04-25 15:44:44.344  1000  2448 I Dpps    : AddNewDppsClient():431 New DPPS client accepted, client fd = 26, poll idx 2
04-25 15:44:44.344  1000  2448 I Dpps    : HandleDppsClientEvent():921 Incoming message on client fd 26: 'ad:off'
04-25 15:44:44.345  1000  2452 I SDM     : DisplayBuiltIn::ControlPartialUpdate: partial update is not applicable for display id = 28
04-25 15:44:44.345  1033  1343 D DisplayFeatureHal: isStartSensorControl ret 0
04-25 15:44:44.345  1033  1343 D DisplayFeatureHal: HandleSunlightScreen enter modeId 0
04-25 15:44:44.345  1033  1343 D DisplayFeatureHal: HandleSunlightScreen exit ret -1
04-25 15:44:44.345  1033  1343 D DisplayFeatureHal: HandleDisplayState exit
04-25 15:44:44.345  1000  2448 I Dpps    : HandleDppsClientEvent():903 Client connection 26 has closed
04-25 15:44:44.346  1000  2448 I Dpps    : RemoveServerClient():297 closed fd 26 poll_idx 2
04-25 15:44:44.347  1732  2126 W DreamManagerService: Dream ComponentInfo{com.miui.aod/com.miui.aod.doze.DozeService} does not exist
04-25 15:44:44.347  1732  2126 I PowerManagerService: Sleeping display group (groupId=0, uid=1000)...
04-25 15:44:44.347  1732  2126 I PowerManagerService: Sleeping (uid 1000)...
04-25 15:44:44.359  2922  2938 D KeyguardViewMediator: onFinishedGoingToSleep(3)
04-25 15:44:44.359  2922  2938 D KeyguardViewMediator: notifyFinishedGoingToSleep
04-25 15:44:44.361  2922  2938 W libc    : Access denied finding property "keyguard.no_require_sim"
04-25 15:44:44.354  2922  2922 W Binder:2922_2: type=1400 audit(0.0:1431275): avc: denied { read } for name="u:object_r:keyguard_config_prop:s0" dev="tmpfs" ino=2281 scontext=u:r:system_app:s0 tcontext=u:object_r:keyguard_config_prop:s0 tclass=file permissive=0
04-25 15:44:44.366  2922  2938 D KeyguardViewMediator: doKeyguard: showing the lock screen
04-25 15:44:44.366  2922  2938 D KeyguardViewMediator: showLocked
04-25 15:44:44.370  2922  2922 D KeyguardViewMediator: handleNotifyFinishedGoingToSleep
04-25 15:44:44.370  2922  2922 D KeyguardViewMediator: handleShow
04-25 15:44:44.374  2922  2922 D KeyguardHorizontalMoveLeftViewContainer: bindLockScreenMagazineService false false false false false true true
04-25 15:44:44.374  2922  2922 D MiuiWallpaperClient: onKeyguardShowingChanged true
04-25 15:44:44.375 31120 17985 D MiuiKeyguardWallpaperRemoteService: onKeyguardShowingChanged  showing = true
04-25 15:44:44.377  2922  3192 D MiuiFaceManager: inernational:true supportR:[ALL] nowR:ID
04-25 15:44:44.377  2922  3192 D MiuiFaceManager: inernational:true supportR:[ALL] nowR:ID
04-25 15:44:44.378 31120 31120 D MiuiKeyguardPictorialWallpaper:  windowAlpha 1.0
04-25 15:44:44.382  1732  4721 I WindowManagerService: Physical orientation not applied, rotation=0
04-25 15:44:44.385 31120 31120 D MiuiKeyguardPictorialWallpaper:  onSurfaceRedrawNeede 
04-25 15:44:44.388   678   691 I keystore2: keystore2::authorization: on_lock_screen_event(LockScreenEvent(1), user_id=0, password.is_some()=false, unlocking_sids=Some([4950276359204150614]))
04-25 15:44:44.388   678   691 I keystore2: keystore2::super_key: Locking screen bound for user 0 sids [4950276359204150614]
04-25 15:44:44.389  2926  2926 D NavStubView_Touch: onSystemUiFlagsChanged  mIsShowStatusBar    old= true   new=true
04-25 15:44:44.389  2926  2926 D NavStubView_Touch: onSystemUiFlagsChanged  mIsShowNavBar    old= true   new=true
04-25 15:44:44.391  2922  2922 D KeyguardIndication:  switchIndication:Mengisi daya 57%
04-25 15:44:44.391  2922  2922 D StatusBar: updateQsExpansionEnabled - QS Expand enabled: false
04-25 15:44:44.397  2922  2922 D KeyguardIndication:  switchIndication:Mengisi daya 57%
04-25 15:44:44.398  2922  2922 D PanelView: setKeyguardBottomAreaVisibility statusBarState=1 goingToFullShade=false
04-25 15:44:44.398  2922  2922 D MiuiFaceManager: inernational:true supportR:[ALL] nowR:ID
