04-25 15:42:19.565  2467  2467 D nativeloader: Configuring clns-7 for other apk /system/framework/org.apache.http.legacy.jar. target_sdk_version=35, uses_libraries=ALL, library_path=/data/app/~~IfuHjxDwAO2DqI9kXePzTQ==/com.xiaomi.account-FISA9eRM26kEESO6ONOTAg==/lib/arm64:/data/app/~~IfuHjxDwAO2DqI9kXePzTQ==/com.xiaomi.account-FISA9eRM26kEESO6ONOTAg==/base.apk!/lib/arm64-v8a:/system/priv-app/RtMiCloudSDK/RtMiCloudSDK.apk!/lib/arm64-v8a:/system/app/miuisystem/miuisystem.apk!/lib/arm64-v8a:/system/app/miui/miui.apk!/lib/arm64-v8a, permitted_path=/data:/mnt/expand:/data/user/0/com.xiaomi.account
04-25 15:42:19.565  2467  2467 D nativeloader: Extending system_exposed_libraries: libcamera_algoup_jni.xiaomi.so:libcamera_mianode_jni.xiaomi.so:libvraudio_client.qti.so:libbinauralrenderer_wrapper.qti.so:libhoaeffects.qti.so:libQOC.qti.so:libupdateprof.qti.so:libthermalclient.qti.so:libQOC.qti.so:libdiag_system.qti.so:libqape.qti.so:libqesdk_ndk_platform.qti.so:liblistenjni.qti.so
04-25 15:42:19.568  2445  2445 I ForceDarkHelperStubImpl: initialize for com.xiaomi.simactivate.service , ForceDarkOrigin
04-25 15:42:19.571  2445  2445 D nativeloader: Load libforcedarkimpl.so using system ns (caller=/system/framework/miui-framework.jar): ok
04-25 15:42:19.571  2445  2445 D OpenGLRenderer: JNI_OnLoad success
04-25 15:42:19.571  2445  2445 I MiuiForceDarkConfig: setConfig density:2.700000, mainRule:0, secondaryRule:0, tertiaryRule:0
04-25 15:42:19.573  2445  2445 D NetworkSecurityConfig: Using Network Security Config from resource network_security_config debugBuild: false
04-25 15:42:19.578  2445  2445 D NetworkSecurityConfig: Using Network Security Config from resource network_security_config debugBuild: false
04-25 15:42:19.608  2445  2445 V ##XLogger##: #&^nUVgifTeIq1Sbihrm1PX9cMakuwe8CRmlpiK3awRJmPn3jyxm5UecWWjvi3CvEl+/I/crLvucWIIQfjlw7RfctwZc0uO2TajWA1UeiRY6T3gnx+uMJjPi+Q9IV8u1A7sWNVQ1rlGsb+UpPERCOwl76qa1vSlZMq+Zt3JaxcOwAU=!simactivate!SZzUyDe01t5tO0ku2qyIMWRN1zCtEowZxTuwDiX13cNnnKcj6HBfhmwr+RpVLcIJe0Vg8tvfW/hgq9L8NyO9/nMDOJMvmdAYlgOyozrTA4/xOKOt7jWw4YzZi+T7uMsi6cVILYvEg122ffVnMnXdCw==^&#
04-25 15:42:19.612  2467  2467 D nativeloader: Configuring clns-8 for other apk /data/app/~~IfuHjxDwAO2DqI9kXePzTQ==/com.xiaomi.account-FISA9eRM26kEESO6ONOTAg==/base.apk. target_sdk_version=35, uses_libraries=, library_path=/data/app/~~IfuHjxDwAO2DqI9kXePzTQ==/com.xiaomi.account-FISA9eRM26kEESO6ONOTAg==/lib/arm64:/data/app/~~IfuHjxDwAO2DqI9kXePzTQ==/com.xiaomi.account-FISA9eRM26kEESO6ONOTAg==/base.apk!/lib/arm64-v8a:/system/priv-app/RtMiCloudSDK/RtMiCloudSDK.apk!/lib/arm64-v8a:/system/app/miuisystem/miuisystem.apk!/lib/arm64-v8a:/system/app/miui/miui.apk!/lib/arm64-v8a, permitted_path=/data:/mnt/expand:/data/user/0/com.xiaomi.account
04-25 15:42:19.627  2445  2445 I ##XLogger##: #&^nUVgifTeIq1Sbihrm1PX9cMakuwe8CRmlpiK3awRJmPn3jyxm5UecWWjvi3CvEl+/I/crLvucWIIQfjlw7RfctwZc0uO2TajWA1UeiRY6T3gnx+uMJjPi+Q9IV8u1A7sWNVQ1rlGsb+UpPERCOwl76qa1vSlZMq+Zt3JaxcOwAU=!simactivate!SZzUyDe01t5tO0ku2qyIMWRN1zCtEowZxTuwDiX13cOGd+I/fiHYAItwVrUUqs8nvnqiP2IwxsLfup9NS68SNQRJg/sp2PZ40RIViR3iA3+Ue8G3i0NoAVUO1K/lQgpKbypgucXnFHa4gZPeeCvSfA==^&#
04-25 15:42:19.632  1732  2372 I MiuiNetworkPolicy: updateUidState uid = 10093, uidState = 19
04-25 15:42:19.633  1732  4883 I ActivityManager: Killing 974:com.android.camera/u0a78 (adj 945): empty #17
04-25 15:42:19.637  2467  2467 I Perf    : Connecting to perf service.
04-25 15:42:19.644  2467  2467 V GraphicsEnvironment: ANGLE Developer option for 'com.xiaomi.account' set to: 'default'
04-25 15:42:19.644  2467  2467 V GraphicsEnvironment: Updatable production driver is not supported on the device.
04-25 15:42:19.645  2445  2465 I ##XLogger##: #&^nUVgifTeIq1Sbihrm1PX9cMakuwe8CRmlpiK3awRJmPn3jyxm5UecWWjvi3CvEl+/I/crLvucWIIQfjlw7RfctwZc0uO2TajWA1UeiRY6T3gnx+uMJjPi+Q9IV8u1A7sWNVQ1rlGsb+UpPERCOwl76qa1vSlZMq+Zt3JaxcOwAU=!simactivate!SZzUyDe01t5tO0ku2qyIMWRN1zCtEowZxTuwDiX13cMdbGTz59f0Xmdbki7zFhKotj8+wAXQoI5DdyC9lu3Evox4paXOhN0TJEBPK5F89WCngY0PbsZemvN3b/8lHBcqfb5oNEIJTgYh+UfAhMks7FZC/jvPozTMFWdPw2jmQbCLsNoQcf7kCDWn/JfwsCGqXfBNcn83c9gRmqd4IYtD8qzLmbKFOlkLPR49Zvg/R0erUqLzl3zL17p1xS3ReW1Kn+CU0SEhDRfihDqIGf7uHcCtwrT8q68ZgeZ/tJmC0QGN01GRCY0fhh1cuU90kcVx^&#
04-25 15:42:19.648  2467  2467 I ForceDarkHelperStubImpl: initialize for com.xiaomi.account , ForceDarkOrigin
04-25 15:42:19.650  2467  2467 D nativeloader: Load libforcedarkimpl.so using system ns (caller=/system/framework/miui-framework.jar): ok
04-25 15:42:19.650  2467  2467 D OpenGLRenderer: JNI_OnLoad success
04-25 15:42:19.650  2467  2467 I MiuiForceDarkConfig: setConfig density:2.700000, mainRule:0, secondaryRule:0, tertiaryRule:0
04-25 15:42:19.653  2445  2465 I ##XLogger##: #&^nUVgifTeIq1Sbihrm1PX9cMakuwe8CRmlpiK3awRJmPn3jyxm5UecWWjvi3CvEl+/I/crLvucWIIQfjlw7RfctwZc0uO2TajWA1UeiRY6T3gnx+uMJjPi+Q9IV8u1A7sWNVQ1rlGsb+UpPERCOwl76qa1vSlZMq+Zt3JaxcOwAU=!simactivate!SZzUyDe01t5tO0ku2qyIMY6K/Y0e3uwdUX6XQsadEmZLkoT9Hiuosjjbj137OeI8fgykXHkeMHUojQHxvM48/RXI0aKgbKl/iKSaBvNMTfKEdnd+LKcp1/fL55t1O9oRdZQ8diEhWR8rcuhv+A+cEF5ePx880F3k67qnfSgOizlrw+q36ZCqT6Q9SZmjtbBG^&#
04-25 15:42:19.655  2467  2467 D NetworkSecurityConfig: Using Network Security Config from resource network_security_config debugBuild: false
04-25 15:42:19.660  2467  2467 D NetworkSecurityConfig: Using Network Security Config from resource network_security_config debugBuild: false
04-25 15:42:19.670  2445  2465 E ##XLogger##: #&^nUVgifTeIq1Sbihrm1PX9cMakuwe8CRmlpiK3awRJmPn3jyxm5UecWWjvi3CvEl+/I/crLvucWIIQfjlw7RfctwZc0uO2TajWA1UeiRY6T3gnx+uMJjPi+Q9IV8u1A7sWNVQ1rlGsb+UpPERCOwl76qa1vSlZMq+Zt3JaxcOwAU=!simactivate!SZzUyDe01t5tO0ku2qyIMdBxpAjCj7lYPEe7hsy/aJ0LX+mXXBPynvmGnH80DaCXoUnKj2uyP6S198BS0d8zRP3Or0L7Na7TPkjcrEEYUNyqbch0mECv3PHJVAk+WuZFb5HuQUyyiRt9uxBr3hfUGzr3Vx0jO9w8HDpSLkvvrSbR7/xDezEB+98QolCLePWxFZUNlw3EvwfeIBBlCMOOQMDHzB2cBhGRCjO7KKVB93o=^&#
04-25 15:42:19.671  2445  2465 W ##XLogger##: #&^nUVgifTeIq1Sbihrm1PX9cMakuwe8CRmlpiK3awRJmPn3jyxm5UecWWjvi3CvEl+/I/crLvucWIIQfjlw7RfctwZc0uO2TajWA1UeiRY6T3gnx+uMJjPi+Q9IV8u1A7sWNVQ1rlGsb+UpPERCOwl76qa1vSlZMq+Zt3JaxcOwAU=!simactivate!SZzUyDe01t5tO0ku2qyIMdBxpAjCj7lYPEe7hsy/aJ31+BGrtkpXezRlpisx5970ao2n93qAkWmGlbiwRlTCs3AxmLDs7KWBH62wykXeLbHM1IYvty2iFo2KCP4qRzwY3qrPaad+SYYNGa0ELvhYOu2EaoS+Z9U/6Xnl8BdhIuDU6FTC/McG5KXY6THwogNqe1m9Tz+O03sOhUWbU88d4Lrl7MmfpR54yHz+cGmwROfzaATeUXJhoO+EHDaKyhJk^&#
04-25 15:42:19.672  1732  4883 D ActivityManagerServiceImpl: Service controller is not enabled.
04-25 15:42:19.673  1732  4883 D ProcessRecordInjector: Finishing reporting clean up app record.
04-25 15:42:19.674  5545 31286 I com.xiaomi.xms: oneway function results for code 3 on binder at 0xb40000704919f8e0 will be dropped but finished with status UNKNOWN_TRANSACTION
04-25 15:42:19.674 32620 32630 I .xiaomi.mipick: oneway function results for code 3 on binder at 0xb40000704e7ff320 will be dropped but finished with status UNKNOWN_TRANSACTION
04-25 15:42:19.674   885   885 I Zygote  : Process 974 exited due to signal 9 (Killed)
04-25 15:42:19.675  1732  2372 I MiuiNetworkPolicy: removeUidState uid = 10078
04-25 15:42:19.678  1732  2058 I libprocessgroup: Successfully killed process cgroup uid 10078 pid 974 in 44ms
04-25 15:42:19.680  2445  2465 I ##XLogger##: #&^nUVgifTeIq1Sbihrm1PX9cMakuwe8CRmlpiK3awRJmPn3jyxm5UecWWjvi3CvEl+/I/crLvucWIIQfjlw7RfctwZc0uO2TajWA1UeiRY6T3gnx+uMJjPi+Q9IV8u1A7sWNVQ1rlGsb+UpPERCOwl76qa1vSlZMq+Zt3JaxcOwAU=!simactivate!SZzUyDe01t5tO0ku2qyIMWRN1zCtEowZxTuwDiX13cMdbGTz59f0Xmdbki7zFhKoyuqezxnpFVIf7SaoXiEl/ArigIuIQYhJGg7bEVtrDuOzDV9nhaoCMgG2FhFkBM5GRwcw34dwZRUJKr3UcOefBWD1uUrp38JbOK0YkW940nanudRUle1sYMEGh8blY6MRMvDzqvYFbKDO3g2KE45NxjhXEnH7+aZXwHxN7FJXVIu9PSdxvghCpKvdPM3v/BvLXGBrhML+t3Bf9FP98kohqUDKnIDGkeaNpxBkM9Ocz+KErjlKihWFmw0YdsiX7yp+j+ssRWcKWuL36tfmL1byJQ==^&#
04-25 15:42:19.684  2467  2467 I FirebaseApp: Device unlocked: initializing all Firebase APIs for app [DEFAULT]
04-25 15:42:19.688  1732  2372 I MiuiNetworkPolicy: updateUidState uid = 10093, uidState = 10
04-25 15:42:19.691  2445  2445 I ##XLogger##: #&^nUVgifTeIq1Sbihrm1PX9cMakuwe8CRmlpiK3awRJmPn3jyxm5UecWWjvi3CvEl+/I/crLvucWIIQfjlw7RfctwZc0uO2TajWA1UeiRY6T3gnx+uMJjPi+Q9IV8u1A7sWNVQ1rlGsb+UpPERCOwl76qa1vSlZMq+Zt3JaxcOwAU=!simactivate!SZzUyDe01t5tO0ku2qyIMWRN1zCtEowZxTuwDiX13cN27RTd0dgPteaIRqut4XfOoJbkZyTERW+vS/YY+cWZTdY5ihxnpfIamsMmnHyzrLYLBP8QY2p2eJDaYobCmg5z725n/F9I63lKPT6mjGk1ow==^&#
04-25 15:42:19.691  2386  2435 V ActivateStatusReceiver: Updating activate info for sim 0 inserted=true status=1
04-25 15:42:19.692  2445  2445 V ##XLogger##: #&^nUVgifTeIq1Sbihrm1PX9cMakuwe8CRmlpiK3awRJmPn3jyxm5UecWWjvi3CvEl+/I/crLvucWIIQfjlw7RfctwZc0uO2TajWA1UeiRY6T3gnx+uMJjPi+Q9IV8u1A7sWNVQ1rlGsb+UpPERCOwl76qa1vSlZMq+Zt3JaxcOwAU=!simactivate!SZzUyDe01t5tO0ku2qyIMWRN1zCtEowZxTuwDiX13cNGdP7r0Km3DF+i1mXIs+CEhzolYBX6QF9RVhm3p6gTHNbSQ7UGQVkZ/r7fD6k+1UQGE2xTbvzc7OKGUDKH+acg9ZOZXyXOAXAWQwCDTHM7yg==^&#
04-25 15:42:19.693  1732  4300 D CompatibilityInfo: mCompatibilityFlags - 0
04-25 15:42:19.693  1732  4300 D CompatibilityInfo: applicationDensity - 432
04-25 15:42:19.693  1732  4300 D CompatibilityInfo: applicationScale - 1.0
04-25 15:42:19.695  2445  2445 V ##XLogger##: #&^nUVgifTeIq1Sbihrm1PX9cMakuwe8CRmlpiK3awRJmPn3jyxm5UecWWjvi3CvEl+/I/crLvucWIIQfjlw7RfctwZc0uO2TajWA1UeiRY6T3gnx+uMJjPi+Q9IV8u1A7sWNVQ1rlGsb+UpPERCOwl76qa1vSlZMq+Zt3JaxcOwAU=!simactivate!SZzUyDe01t5tO0ku2qyIMWRN1zCtEowZxTuwDiX13cNnnKcj6HBfhmwr+RpVLcIJe0Vg8tvfW/hgq9L8NyO9/nMDOJMvmdAYlgOyozrTA4/xOKOt7jWw4YzZi+T7uMsi6cVILYvEg122ffVnMnXdCw==^&#
04-25 15:42:19.696  2445  2445 I ##XLogger##: #&^nUVgifTeIq1Sbihrm1PX9cMakuwe8CRmlpiK3awRJmPn3jyxm5UecWWjvi3CvEl+/I/crLvucWIIQfjlw7RfctwZc0uO2TajWA1UeiRY6T3gnx+uMJjPi+Q9IV8u1A7sWNVQ1rlGsb+UpPERCOwl76qa1vSlZMq+Zt3JaxcOwAU=!simactivate!SZzUyDe01t5tO0ku2qyIMWRN1zCtEowZxTuwDiX13cOGd+I/fiHYAItwVrUUqs8nvnqiP2IwxsLfup9NS68SNQRJg/sp2PZ40RIViR3iA3+Ue8G3i0NoAVUO1K/lQgpKbypgucXnFHa4gZPeeCvSfA==^&#
04-25 15:42:19.698  1732  2372 I MiuiNetworkPolicy: updateUidState uid = 10093, uidState = 19
04-25 15:42:19.699  2467  2467 I FirebaseInitProvider: FirebaseApp initialization successful
04-25 15:42:19.703  2445  2465 I ##XLogger##: #&^nUVgifTeIq1Sbihrm1PX9cMakuwe8CRmlpiK3awRJmPn3jyxm5UecWWjvi3CvEl+/I/crLvucWIIQfjlw7RfctwZc0uO2TajWA1UeiRY6T3gnx+uMJjPi+Q9IV8u1A7sWNVQ1rlGsb+UpPERCOwl76qa1vSlZMq+Zt3JaxcOwAU=!simactivate!SZzUyDe01t5tO0ku2qyIMWRN1zCtEowZxTuwDiX13cMdbGTz59f0Xmdbki7zFhKotj8+wAXQoI5DdyC9lu3Evox4paXOhN0TJEBPK5F89WCngY0PbsZemvN3b/8lHBcqfb5oNEIJTgYh+UfAhMks7FZC/jvPozTMFWdPw2jmQbCLsNoQcf7kCDWn/JfwsCGqXfBNcn83c9gRmqd4IYtD8qzLmbKFOlkLPR49Zvg/R0erUqLzl3zL17p1xS3ReW1KGSexswZSnRVb9BzdUuVDWzpKb/CNyfS+ua/7nXLGLiqAqfgyA1xjCXvGVqYorKNk^&#
04-25 15:42:19.710  2445  2465 I ##XLogger##: #&^nUVgifTeIq1Sbihrm1PX9cMakuwe8CRmlpiK3awRJmPn3jyxm5UecWWjvi3CvEl+/I/crLvucWIIQfjlw7RfctwZc0uO2TajWA1UeiRY6T3gnx+uMJjPi+Q9IV8u1A7sWNVQ1rlGsb+UpPERCOwl76qa1vSlZMq+Zt3JaxcOwAU=!simactivate!SZzUyDe01t5tO0ku2qyIMY6K/Y0e3uwdUX6XQsadEmZLkoT9Hiuosjjbj137OeI8fgykXHkeMHUojQHxvM48/RXI0aKgbKl/iKSaBvNMTfKEdnd+LKcp1/fL55t1O9oRdZQ8diEhWR8rcuhv+A+cEF5ePx880F3k67qnfSgOizmd4T0Dhc1gG7PnPJvy6Dr8^&#
04-25 15:42:19.711  2467  2467 E XiaomiAccountManager: PassportLog@A2^6C[c2V0dXAgdHJ1ZQ==]
04-25 15:42:19.713  2467  2467 E XiaomiAccountManager: PassportLog@A2^6C[aXMgaW4gc3lzdGVtIGFjY291bnQgYXBw]
04-25 15:42:19.716  2445  2465 E ##XLogger##: #&^nUVgifTeIq1Sbihrm1PX9cMakuwe8CRmlpiK3awRJmPn3jyxm5UecWWjvi3CvEl+/I/crLvucWIIQfjlw7RfctwZc0uO2TajWA1UeiRY6T3gnx+uMJjPi+Q9IV8u1A7sWNVQ1rlGsb+UpPERCOwl76qa1vSlZMq+Zt3JaxcOwAU=!simactivate!SZzUyDe01t5tO0ku2qyIMdBxpAjCj7lYPEe7hsy/aJ0LX+mXXBPynvmGnH80DaCXoUnKj2uyP6S198BS0d8zRP3Or0L7Na7TPkjcrEEYUNyqbch0mECv3PHJVAk+WuZFb5HuQUyyiRt9uxBr3hfUGzr3Vx0jO9w8HDpSLkvvrSbR7/xDezEB+98QolCLePWxFZUNlw3EvwfeIBBlCMOOQMDHzB2cBhGRCjO7KKVB93o=^&#
04-25 15:42:19.717  2445  2465 W ##XLogger##: #&^nUVgifTeIq1Sbihrm1PX9cMakuwe8CRmlpiK3awRJmPn3jyxm5UecWWjvi3CvEl+/I/crLvucWIIQfjlw7RfctwZc0uO2TajWA1UeiRY6T3gnx+uMJjPi+Q9IV8u1A7sWNVQ1rlGsb+UpPERCOwl76qa1vSlZMq+Zt3JaxcOwAU=!simactivate!SZzUyDe01t5tO0ku2qyIMdBxpAjCj7lYPEe7hsy/aJ31+BGrtkpXezRlpisx5970ao2n93qAkWmGlbiwRlTCs3AxmLDs7KWBH62wykXeLbHM1IYvty2iFo2KCP4qRzwY3qrPaad+SYYNGa0ELvhYOu2EaoS+Z9U/6Xnl8BdhIuDU6FTC/McG5KXY6THwogNqe1m9Tz+O03sOhUWbU88d4Lrl7MmfpR54yHz+cGmwROfzaATeUXJhoO+EHDaKyhJk^&#
04-25 15:42:19.721  2445  2465 I ##XLogger##: #&^nUVgifTeIq1Sbihrm1PX9cMakuwe8CRmlpiK3awRJmPn3jyxm5UecWWjvi3CvEl+/I/crLvucWIIQfjlw7RfctwZc0uO2TajWA1UeiRY6T3gnx+uMJjPi+Q9IV8u1A7sWNVQ1rlGsb+UpPERCOwl76qa1vSlZMq+Zt3JaxcOwAU=!simactivate!SZzUyDe01t5tO0ku2qyIMWRN1zCtEowZxTuwDiX13cMdbGTz59f0Xmdbki7zFhKoyuqezxnpFVIf7SaoXiEl/ArigIuIQYhJGg7bEVtrDuOzDV9nhaoCMgG2FhFkBM5GRwcw34dwZRUJKr3UcOefBWD1uUrp38JbOK0YkW940nanudRUle1sYMEGh8blY6MRMvDzqvYFbKDO3g2KE45NxjhXEnH7+aZXwHxN7FJXVIu9PSdxvghCpKvdPM3v/BvL+NRJ//3vbTP7cZ0psPPbJ8gQcA3KwzJA5bh2wELXsMQY4ZT+pVYR1ESOXgaW446xlzMMjxo4AJDKFO44WHqCjw==^&#
04-25 15:42:19.723  2467  2467 E MiMoverProvider: PassportLog@A2^6C[Y3JlYXRl]
04-25 15:42:19.723  2467  2467 E XiaomiAccountManager: PassportLog@A2^6C[c2V0dXAgdHJ1ZQ==]
04-25 15:42:19.725  1732  2372 I MiuiNetworkPolicy: updateUidState uid = 10093, uidState = 10
04-25 15:42:19.725  2445  2445 I ##XLogger##: #&^nUVgifTeIq1Sbihrm1PX9cMakuwe8CRmlpiK3awRJmPn3jyxm5UecWWjvi3CvEl+/I/crLvucWIIQfjlw7RfctwZc0uO2TajWA1UeiRY6T3gnx+uMJjPi+Q9IV8u1A7sWNVQ1rlGsb+UpPERCOwl76qa1vSlZMq+Zt3JaxcOwAU=!simactivate!SZzUyDe01t5tO0ku2qyIMWRN1zCtEowZxTuwDiX13cN27RTd0dgPteaIRqut4XfOoJbkZyTERW+vS/YY+cWZTdY5ihxnpfIamsMmnHyzrLYLBP8QY2p2eJDaYobCmg5z725n/F9I63lKPT6mjGk1ow==^&#
04-25 15:42:19.727  2386  2435 V ActivateStatusReceiver: Updating activate info for sim 1 inserted=true status=1
04-25 15:42:19.727  2445  2445 V ##XLogger##: #&^nUVgifTeIq1Sbihrm1PX9cMakuwe8CRmlpiK3awRJmPn3jyxm5UecWWjvi3CvEl+/I/crLvucWIIQfjlw7RfctwZc0uO2TajWA1UeiRY6T3gnx+uMJjPi+Q9IV8u1A7sWNVQ1rlGsb+UpPERCOwl76qa1vSlZMq+Zt3JaxcOwAU=!simactivate!SZzUyDe01t5tO0ku2qyIMWRN1zCtEowZxTuwDiX13cNGdP7r0Km3DF+i1mXIs+CEhzolYBX6QF9RVhm3p6gTHNbSQ7UGQVkZ/r7fD6k+1UQGE2xTbvzc7OKGUDKH+acg9ZOZXyXOAXAWQwCDTHM7yg==^&#
04-25 15:42:19.728  2386  2386 V CloudActivateStatusListener: com.miui.cloudservice.a::onActivateStatusChanged@SourceFile:1, thread:2--onActivateStatusChanged event EVENT_NONE
04-25 15:42:19.729  1732  2372 I MiuiNetworkPolicy: updateUidState uid = 10093, uidState = 19
04-25 15:42:19.729  2386  2386 V CloudActivateStatusListener: com.miui.cloudservice.a::onActivateStatusChanged@SourceFile:1, thread:2--onActivateStatusChanged event EVENT_NONE
04-25 15:42:19.732  2467  2467 W Settings: Setting device_provisioned has moved from android.provider.Settings.Secure to android.provider.Settings.Global.
04-25 15:42:19.733  2467  2467 D AutoDensity: autodensity debugEnable = 
04-25 15:42:19.746  2467  2467 E XiaomiAccountManager: PassportLog@A2^6C[c2V0dXAgdHJ1ZQ==]
04-25 15:42:19.746  2467  2467 E AppProcessUtil: PassportLog@A2^6C[Z2V0Q3VycmVudFByb2Nlc3NOYW1lQnlBcHBsaWNhdGlvbj4+PnByb2Nlc3NOYW1lPWNvbS54aWFvbWkuYWNjb3VudA==]
04-25 15:42:19.746  2467  2467 E AppProcessUtil: PassportLog@A2^6C[aXNJbk1haW5Qcm9jZXNzPj4+bWFpblByb2Nlc3NOYW1lPWNvbS54aWFvbWkuYWNjb3VudCAgY3VyUHJvY2Vzc05hbWU9Y29tLnhpYW9taS5hY2NvdW50]
04-25 15:42:19.753  2467  2467 E ##XLogger##: #&^DdhV3GdeqPewvDXJ02ZFtj9J+T0SawuskDNpbyML3pCds1pAUWj/VdjmomyiLerrOKFzrW4ah8Hw0Io0+xAsgzMuijccOgdV/2pFUvnJjucbEUp+z7tOvcnSLhIm6L4CbcY1pLUOv/Me605w0AkMwtp/abn0TG9TGiaOxGsitIA=!account!3kWumErsKij2Fk3Ta3RFYsP6NwO/HtZsAAC8XZ9n94yNiVE91tHXQx6BslkRAQlFLT10jpEVwO2+iZMBLCcKZXwi7N2KCOtXzB4u9d+TZoo=^&#
04-25 15:42:19.762  2467  2467 E ##XLogger##: #&^DdhV3GdeqPewvDXJ02ZFtj9J+T0SawuskDNpbyML3pCds1pAUWj/VdjmomyiLerrOKFzrW4ah8Hw0Io0+xAsgzMuijccOgdV/2pFUvnJjucbEUp+z7tOvcnSLhIm6L4CbcY1pLUOv/Me605w0AkMwtp/abn0TG9TGiaOxGsitIA=!account!jnl1/d8MiQNPZOS4VouUDNgJYgRQ6JViuMb9mBvy3EERil8/IjzFWEi9QKG1nFA9p8I+tWatdEBVTQZcWpybWg==^&#
04-25 15:42:19.763  2467  2467 E ##XLogger##: #&^DdhV3GdeqPewvDXJ02ZFtj9J+T0SawuskDNpbyML3pCds1pAUWj/VdjmomyiLerrOKFzrW4ah8Hw0Io0+xAsgzMuijccOgdV/2pFUvnJjucbEUp+z7tOvcnSLhIm6L4CbcY1pLUOv/Me605w0AkMwtp/abn0TG9TGiaOxGsitIA=!account!jnl1/d8MiQNPZOS4VouUDFNSJPe78d/SBYTS++InJ+Nr+9SwOPNbhyDf7D6RtfGeonIQYxwQnS71HHbC0b6ykyBUEJ/vtBg5Ed9DFO8P6cI=^&#
04-25 15:42:19.767  2467  2467 E ##XLogger##: #&^DdhV3GdeqPewvDXJ02ZFtj9J+T0SawuskDNpbyML3pCds1pAUWj/VdjmomyiLerrOKFzrW4ah8Hw0Io0+xAsgzMuijccOgdV/2pFUvnJjucbEUp+z7tOvcnSLhIm6L4CbcY1pLUOv/Me605w0AkMwtp/abn0TG9TGiaOxGsitIA=!account!DFbXakoYMcIapDAvC2Tu3dSSoJzaeJa2mhs2W1nhGGL5sAl8/Yvn1eyu4qLTPeGf4Nc3qsCsDGn35WLwl5RgJw==^&#
04-25 15:42:19.769  2467  2467 E ##XLogger##: #&^DdhV3GdeqPewvDXJ02ZFtj9J+T0SawuskDNpbyML3pCds1pAUWj/VdjmomyiLerrOKFzrW4ah8Hw0Io0+xAsgzMuijccOgdV/2pFUvnJjucbEUp+z7tOvcnSLhIm6L4CbcY1pLUOv/Me605w0AkMwtp/abn0TG9TGiaOxGsitIA=!account!MEiOr1MDZGiosZCJgNsRH1mMoL0RsI0GultyWHqnIY0lT9hh5ngO0t6IBy7KYEP7ci0ys43m2+aIqZQg2Hz7QpizGT3y578Nx3GfHBV5w0SsKPyz1PFEIkuXPPejBzfJWY6zKkA8i5QOxsMzWU2P3g==^&#
04-25 15:42:19.770  2467  2467 E ##XLogger##: #&^DdhV3GdeqPewvDXJ02ZFtj9J+T0SawuskDNpbyML3pCds1pAUWj/VdjmomyiLerrOKFzrW4ah8Hw0Io0+xAsgzMuijccOgdV/2pFUvnJjucbEUp+z7tOvcnSLhIm6L4CbcY1pLUOv/Me605w0AkMwtp/abn0TG9TGiaOxGsitIA=!account!MAIm3aqoSmZT0wycLoHokrLyDP6kWtWDwg/PM8m+KS4Jh+kSgWVooxdzoF8pbKQA^&#
04-25 15:42:19.772  2467  2467 E ##XLogger##: #&^DdhV3GdeqPewvDXJ02ZFtj9J+T0SawuskDNpbyML3pCds1pAUWj/VdjmomyiLerrOKFzrW4ah8Hw0Io0+xAsgzMuijccOgdV/2pFUvnJjucbEUp+z7tOvcnSLhIm6L4CbcY1pLUOv/Me605w0AkMwtp/abn0TG9TGiaOxGsitIA=!account!F9rksg3XmubtCwAhz3FMq3mJbJeiLLueDO4ucSSK59jhvQVEfpOli3E2gamSvtEi9OrkoHy1Xpw8Zc5Ep/r1fw==^&#
04-25 15:42:19.777  2467  2467 E ##XLogger##: #&^DdhV3GdeqPewvDXJ02ZFtj9J+T0SawuskDNpbyML3pCds1pAUWj/VdjmomyiLerrOKFzrW4ah8Hw0Io0+xAsgzMuijccOgdV/2pFUvnJjucbEUp+z7tOvcnSLhIm6L4CbcY1pLUOv/Me605w0AkMwtp/abn0TG9TGiaOxGsitIA=!account!mLx+DqBNN+fuSNJ/CjePmKBSqG0kO0p5wM8cTNnihEw3+3wv2umUKn3uu9CFoS+mXt3FhyzcrP6l1KWAcwIJJq+NxvccIOIMEAIZEQRvMms=^&#
04-25 15:42:19.778  2467  2467 E ##XLogger##: #&^DdhV3GdeqPewvDXJ02ZFtj9J+T0SawuskDNpbyML3pCds1pAUWj/VdjmomyiLerrOKFzrW4ah8Hw0Io0+xAsgzMuijccOgdV/2pFUvnJjucbEUp+z7tOvcnSLhIm6L4CbcY1pLUOv/Me605w0AkMwtp/abn0TG9TGiaOxGsitIA=!account!mLx+DqBNN+fuSNJ/CjePmFnChG4AjNsm+RXkDNa4t/oKVbiP7Hi42TV3Aib6pwRhCsAb3zMO44+pc8Uji6K82vx3fxllVGy2l6vMk3T/EMASWXdzpMT3nsWHsldUwwnd^&#
04-25 15:42:19.778  2467  2467 E ##XLogger##: #&^DdhV3GdeqPewvDXJ02ZFtj9J+T0SawuskDNpbyML3pCds1pAUWj/VdjmomyiLerrOKFzrW4ah8Hw0Io0+xAsgzMuijccOgdV/2pFUvnJjucbEUp+z7tOvcnSLhIm6L4CbcY1pLUOv/Me605w0AkMwtp/abn0TG9TGiaOxGsitIA=!account!mLx+DqBNN+fuSNJ/CjePmJvuv6XFhuq806gwtCArZyFwFwHn48lEq3seRn9VUTYR41v9xvtWzKxzPVMWyQH6+y99cK0j4l1zq9OYGOaTZ2JQXr41lihhaVpIxNc5vBSz^&#
04-25 15:42:19.785  2467  2467 E ##XLogger##: #&^DdhV3GdeqPewvDXJ02ZFtj9J+T0SawuskDNpbyML3pCds1pAUWj/VdjmomyiLerrOKFzrW4ah8Hw0Io0+xAsgzMuijccOgdV/2pFUvnJjucbEUp+z7tOvcnSLhIm6L4CbcY1pLUOv/Me605w0AkMwtp/abn0TG9TGiaOxGsitIA=!account!972jcLXkYRaySNozUEH608ffDJ7Ctdxk1d5e2tZYV9DAi3WsAoQRYVdkz5VT3TDBtMXcmjU0Eu0B4N2zFqoiU926Tgxt/63EdFh2mCgQdPBYIFwcAjr7g52KMhb9jIYw1e55bvyrid9wSthx7hijjJvCwwEVLmfgKXT3XKt27l8=^&#
04-25 15:42:19.787  2467  2467 E ##XLogger##: #&^DdhV3GdeqPewvDXJ02ZFtj9J+T0SawuskDNpbyML3pCds1pAUWj/VdjmomyiLerrOKFzrW4ah8Hw0Io0+xAsgzMuijccOgdV/2pFUvnJjucbEUp+z7tOvcnSLhIm6L4CbcY1pLUOv/Me605w0AkMwtp/abn0TG9TGiaOxGsitIA=!account!/iTa7FO8nymfZc4nqcGOt7m7RtimO2LN/Ng5hKnrq3dHDRVlyII6e+1apiTNZqHUW1Vg5PPHphrZWxAY0zbVc8VHjAnMdE7eCnui8ndX5oI=^&#
04-25 15:42:19.797  2467  2509 D OT-PubSub-Sdk: updateDebugSwitch sEnable: false sDebugMode：false sDebugProperty：false
04-25 15:42:19.797  2467  2509 D OT-PubSub-Sdk: log on: false, quick upload on: false
04-25 15:42:19.797  2467  2509 D BroadcastExecutor: initIfNeeded : 3090
04-25 15:42:19.804  2467  2467 D EmbeddingBackend: No supported embedding extension found
04-25 15:42:19.810  2386  2386 I RemoteMethodInvoker: RemoteMethodInvoker connects remote service .XiaomiAccountService
04-25 15:42:19.811  1732  2372 I MiuiNetworkPolicy: updateUidState uid = 10132, uidState = 19
04-25 15:42:19.812  1732  4883 I ActivityManager: Killing 1282:com.android.htmlviewer:remote/u0a109 (adj 975): empty #17
04-25 15:42:19.817  2467  2467 E ##XLogger##: #&^DdhV3GdeqPewvDXJ02ZFtj9J+T0SawuskDNpbyML3pCds1pAUWj/VdjmomyiLerrOKFzrW4ah8Hw0Io0+xAsgzMuijccOgdV/2pFUvnJjucbEUp+z7tOvcnSLhIm6L4CbcY1pLUOv/Me605w0AkMwtp/abn0TG9TGiaOxGsitIA=!account!MEiOr1MDZGiosZCJgNsRH2n5+yY8gZrSK6v7YXHCg7nQnweQT8xlk8n6WyQ2aXpJ^&#
04-25 15:42:19.819  2467  2467 E ##XLogger##: #&^DdhV3GdeqPewvDXJ02ZFtj9J+T0SawuskDNpbyML3pCds1pAUWj/VdjmomyiLerrOKFzrW4ah8Hw0Io0+xAsgzMuijccOgdV/2pFUvnJjucbEUp+z7tOvcnSLhIm6L4CbcY1pLUOv/Me605w0AkMwtp/abn0TG9TGiaOxGsitIA=!account!mLx+DqBNN+fuSNJ/CjePmD4m/h0e8zPRtI4IFmPETjrOPuPd61GcB+qlnje+OaRpLWuqwpwYRfpMrx1PyodwhUp15sgGZIn/BJacR0q38KswW4LrQFqis6ri4ahNhREnlqGoLF4ggz4tBs5OwmXNX3S2lIUtAqMGrO767mptKsqCo28vojUltmWY50shb742XqporYpnb4fQzjB1YB3cftS5o4YtGYLzf/quKTRvSkmxQeJfFun80tmvi79wzWCgTbHMxl3EWhCchlkjfZM4dhnUpn3zSww/50XTFGTL0lNJq656nRyYBVdrrQ2Qs2Md2eJkjIfpRGVuNxrOMUNTLBXt7YTtiNElj+t2zDmb4Qv1tZpkdypMZaIj57gbnHiwHoPd3xe7hwMCJhaAk+KpBMRSC8ZU/3ZtI1l8t+nfLCJEyCAm+F35pw16qblHu1f1KzimUlAyS8wM+qN6FKP0C1mMTKxVIGsWpYGHkIm/+dkXdlP5h2S0Zi2r1kYH4j25lJgdNb3D3h8QchXXUJSeo3GdXFiB/X7BQzOqyKQKivDvVudYvjICrbe0P/41XbStl4WPR1jEYE4x2BAwY0CFSqo10S5klSnO3AdFlldrdveiHGcBEj8RU+JRCbe9BvlkjSuLDrPNBKFtaPHIU9xscrpG4vPsWHxu9p+ZIDlXY2a4VGROMYKjArf8BhL9b7yYgY+0Nafbla9sRzUOS1JxI0kAqJvvzv7YWEfi9jmPh4xlW/9z9wkD4zPl24Olf+BUS4mkE7V0rZpICuq1e51O8VJx5/bGWgrQkU9lEbVfITk925WMoiggwAzzKAujdUWsgtKm+eTz+F91yjxfdYqjgFGknnNHDroWP2HbeAolZwFhhQBknrGIkV0KQDx8VDraLGdmM4TbrQ9VcP49sIUpQgIIHjUmPvzXuUYTnFOtw0rfLH/2ATEzwBdpH4MrlnRSdILW5YVaFQNkC7hYqG9CbSE/cM6rgljJv81cikoMfut1CNXSmSRtikfCYb4ZEuG1xIYSy8zgb7hCToby4IlLYpAhqKICWX1ViZGMXJu9OCw=^&#
04-25 15:42:19.820  1732  2372 I MiuiNetworkPolicy: updateUidState uid = 10132, uidState = 10
04-25 15:42:19.822  2467  2467 E ##XLogger##: #&^DdhV3GdeqPewvDXJ02ZFtj9J+T0SawuskDNpbyML3pCds1pAUWj/VdjmomyiLerrOKFzrW4ah8Hw0Io0+xAsgzMuijccOgdV/2pFUvnJjucbEUp+z7tOvcnSLhIm6L4CbcY1pLUOv/Me605w0AkMwtp/abn0TG9TGiaOxGsitIA=!account!mLx+DqBNN+fuSNJ/CjePmD4m/h0e8zPRtI4IFmPETjrOPuPd61GcB+qlnje+OaRpLWuqwpwYRfpMrx1PyodwhUp15sgGZIn/BJacR0q38KvdIYr7VNEWDherHkaRdqYDWRAdSE5AlhRSxvQkIvHSPMSJ2dOtJJOtFgkSwrlWBi+45MU6nFhiTdCWKD5Lv63YDfPMl/uayv2gus00ntnbage285xHVstqfIWMwOis+dBJmOWh+EqYEcJHi6D6JXbrIhQSgimPSnCWwBEpMfUQ/8LUxMHb7PUuheOpeyZLhPwfhVyRf9AnEdO6yzyw23Rb7anN04DYAUWnnF1T/Bp+WRUeaTtHCIPJ3POModcBKNsmm/hOBwo43CDzw53Pwv2eZdfUDRPf/c3S4r5nzrDd67Xz0g3U+rJu11n2/Nj5M3TLd/xl+W0Z61prCZslK/q5f5CBijDsxj+MMFxRXX8KQ7WRhyyZuEY4yLBS+YCs4EGLO3iYBSka3ZZUOFzi01IaEeDXQ8LyjQJJVfpExxKWt535m9H6s2wwC659WEGtDyKCXVWizZET4tEjKpGEMN/Qk1Cbl08hpXQxGelzAzNhU2Hhq0vwZJn9mvy+ToPFFn0ejJcgzsLyf1A5HJ50dEA2FhewVbz/GPlqolU2PvJ6cExOnTgbqqFrTsILU4p1Z5U66DFWUfVmIPIf3g4JgXUbBxDRp2xVQZuAFOPc6NKQIw==^&#
04-25 15:42:19.823  1732  2058 I libprocessgroup: Successfully killed process cgroup uid 10109 pid 1282 in 9ms
04-25 15:42:19.828  2467  2467 E ##XLogger##: #&^DdhV3GdeqPewvDXJ02ZFtj9J+T0SawuskDNpbyML3pCds1pAUWj/VdjmomyiLerrOKFzrW4ah8Hw0Io0+xAsgzMuijccOgdV/2pFUvnJjucbEUp+z7tOvcnSLhIm6L4CbcY1pLUOv/Me605w0AkMwtp/abn0TG9TGiaOxGsitIA=!account!mLx+DqBNN+fuSNJ/CjePmD4m/h0e8zPRtI4IFmPETjrOPuPd61GcB+qlnje+OaRpLWuqwpwYRfpMrx1PyodwhUp15sgGZIn/BJacR0q38Kv4qPJnYRyp8NXwI3/YmlCEKXHdOHl17+NzwGNnJ/ltDDNS5Dv1bH4/2I9aTS4ve5HkGaL0CQE6Nw85pAnsW7CN^&#
04-25 15:42:19.829  2467  2467 E ##XLogger##: #&^DdhV3GdeqPewvDXJ02ZFtj9J+T0SawuskDNpbyML3pCds1pAUWj/VdjmomyiLerrOKFzrW4ah8Hw0Io0+xAsgzMuijccOgdV/2pFUvnJjucbEUp+z7tOvcnSLhIm6L4CbcY1pLUOv/Me605w0AkMwtp/abn0TG9TGiaOxGsitIA=!account!mLx+DqBNN+fuSNJ/CjePmD4m/h0e8zPRtI4IFmPETjrOPuPd61GcB+qlnje+OaRpLWuqwpwYRfpMrx1PyodwhSAyFnDKMn6Tzrg1MrTSxgZahk/NSb+MKNcFEJaTHxUeFhzIGR6Pf0/RjgbcsDoaKDamHxwCHlxO4ZOt4ifYPwb+X4s2UW4wDx//F3XDwhaSSC1CKzKZa9svzrTvY2kIHP6HOqn8n58paEKgtjv0NnzhfvA3Do1XffRzCb7yXpyBCuRANBFoqwSd8PltAiKtQbMgFmyqVlkN3Ii0gXXVwJRutaU7s1QyF5ep8TAu6x5XzBO4Xg7Y3PFEmowS5x1TcztHDZ7faXTvVItInZ0DWYR5FDjdCIjjQJGnf+HQ5cEI9cQrhlTbRTwdNnTZuCt9OA/Vts6ETdsm2Hjno7ci7XSfeNViseMw18S4Z6NK96bPt058GkwdwSINpmDBDAFp8WZctDwZHen4FF2mtsamGs9NeCNpyYg/hhWNbvidHIMVCf6Wah5hRd0qP80bxp+WicZjlQvVLuTvtAdT7jsS4VpYrbSdi6cZVAe18ybrA2X0iWAGvVxHpRUcdGpYBv9xqtfnt+TQuiIQkj8CB8HErvVHL/UQUQiOjhC6AUupRASX/8JlRC0g0GfQK1ZoOrDfYuFUefGVkcssOkzRQ5Gv/QcHz0c2MT4u3H1JjKE+YLu3s0w6jMf2+NKj8Cz0eV5fqBU3iCWLpKtxGQ/wZuSuYaTRKhGOZVbnYY2/1xdsON6TB1IzlwigwiKy8kQqbuxuYvEzDrLL59EpGnj4qFxFvzXCh5aLxxVLZ/XMT1ynJSbYy2N9/SGXluAT5toO0kP3pHM9sRiPorXd7MSV+swTkInm6FK+XEDOPo2HiQjqVUvek6QbD+Jd//2TsFnAE1hX2PrzKxPW4KsSzHodyksBC1sVHWLstu0OHFTFhu7XCq5HDvs1K75TavWcCXp7Mplih2xcFo7P4664Y8ZPjoaewWm8UWCynaSB72cy52HtXocbgZoFMBuDljMIU+fzudorhZhEufN9ertRwlqoCalFE0Y=^&#
04-25 15:42:19.830  2467  2467 E ##XLogger##: #&^DdhV3GdeqPewvDXJ02ZFtj9J+T0SawuskDNpbyML3pCds1pAUWj/VdjmomyiLerrOKFzrW4ah8Hw0Io0+xAsgzMuijccOgdV/2pFUvnJjucbEUp+z7tOvcnSLhIm6L4CbcY1pLUOv/Me605w0AkMwtp/abn0TG9TGiaOxGsitIA=!account!mLx+DqBNN+fuSNJ/CjePmD4m/h0e8zPRtI4IFmPETjrOPuPd61GcB+qlnje+OaRpLWuqwpwYRfpMrx1PyodwhUp15sgGZIn/BJacR0q38Ksnmd9enly/Mm65bfB8oe+UetHd82U5Wc8YxRDjrRraVisYHNiZld+hxeNX16P6IdghY0tW3RFClxtooSuI4ogP^&#
04-25 15:42:19.831  2467  2467 E ##XLogger##: #&^DdhV3GdeqPewvDXJ02ZFtj9J+T0SawuskDNpbyML3pCds1pAUWj/VdjmomyiLerrOKFzrW4ah8Hw0Io0+xAsgzMuijccOgdV/2pFUvnJjucbEUp+z7tOvcnSLhIm6L4CbcY1pLUOv/Me605w0AkMwtp/abn0TG9TGiaOxGsitIA=!account!mLx+DqBNN+fuSNJ/CjePmD4m/h0e8zPRtI4IFmPETjrOPuPd61GcB+qlnje+OaRpLWuqwpwYRfpMrx1PyodwhUp15sgGZIn/BJacR0q38Kvm47GJLTc56RTJkScWxA2czn13JDNsZE/d0NmUDwicki43z2tCqAbq4QnpfILRf2Y=^&#
04-25 15:42:19.831  2467  2467 E ##XLogger##: #&^DdhV3GdeqPewvDXJ02ZFtj9J+T0SawuskDNpbyML3pCds1pAUWj/VdjmomyiLerrOKFzrW4ah8Hw0Io0+xAsgzMuijccOgdV/2pFUvnJjucbEUp+z7tOvcnSLhIm6L4CbcY1pLUOv/Me605w0AkMwtp/abn0TG9TGiaOxGsitIA=!account!mLx+DqBNN+fuSNJ/CjePmD4m/h0e8zPRtI4IFmPETjrOPuPd61GcB+qlnje+OaRpLWuqwpwYRfpMrx1PyodwhUp15sgGZIn/BJacR0q38Ksdcu3jQ6aWKNrLa1LCJMjymW6G4KvRVlzgq4LEXtiOcsqCNVjkr3RUnIqtCpnA6e2ecfzu/BbpZftmYW8q+A+k3k8spPGcqQPxRGK+squVQ3VO2AINRiPihuku0xEIxG8=^&#
04-25 15:42:19.832  2467  2467 E ##XLogger##: #&^DdhV3GdeqPewvDXJ02ZFtj9J+T0SawuskDNpbyML3pCds1pAUWj/VdjmomyiLerrOKFzrW4ah8Hw0Io0+xAsgzMuijccOgdV/2pFUvnJjucbEUp+z7tOvcnSLhIm6L4CbcY1pLUOv/Me605w0AkMwtp/abn0TG9TGiaOxGsitIA=!account!mLx+DqBNN+fuSNJ/CjePmD4m/h0e8zPRtI4IFmPETjrOPuPd61GcB+qlnje+OaRpLWuqwpwYRfpMrx1PyodwhUp15sgGZIn/BJacR0q38KsPcwHqBBbP1IWzUE1y2UfGHz31pZgnO9AMQ90O9fRTHZZbS1POkuLiwyfyrEu1+TU=^&#
04-25 15:42:19.832  2467  2467 E ##XLogger##: #&^DdhV3GdeqPewvDXJ02ZFtj9J+T0SawuskDNpbyML3pCds1pAUWj/VdjmomyiLerrOKFzrW4ah8Hw0Io0+xAsgzMuijccOgdV/2pFUvnJjucbEUp+z7tOvcnSLhIm6L4CbcY1pLUOv/Me605w0AkMwtp/abn0TG9TGiaOxGsitIA=!account!mLx+DqBNN+fuSNJ/CjePmD4m/h0e8zPRtI4IFmPETjrOPuPd61GcB+qlnje+OaRpLWuqwpwYRfpMrx1PyodwhUp15sgGZIn/BJacR0q38KsWCEOp1IQWnI3RIRyZD/Zb9Sdp7qyzW1juw91yTR80eHHE4rqfpUxI0euGynFLSq5i42Sir/HDzZpe4KL2BW38^&#
04-25 15:42:19.833  2467  2467 E ##XLogger##: #&^DdhV3GdeqPewvDXJ02ZFtj9J+T0SawuskDNpbyML3pCds1pAUWj/VdjmomyiLerrOKFzrW4ah8Hw0Io0+xAsgzMuijccOgdV/2pFUvnJjucbEUp+z7tOvcnSLhIm6L4CbcY1pLUOv/Me605w0AkMwtp/abn0TG9TGiaOxGsitIA=!account!mLx+DqBNN+fuSNJ/CjePmD4m/h0e8zPRtI4IFmPETjrOPuPd61GcB+qlnje+OaRpLWuqwpwYRfpMrx1PyodwhUp15sgGZIn/BJacR0q38KvIesLKTDR2yWA+Qp2t81s1DxAmi9kWict/c3t3E25or6xa4nM01UAsMWLMryumhLDpQCJr3y0c3M5sJhUdC9q/SN4EUjIsFh6jlSYDfQywNP1algrF0uBktv1H52XxaYjpQROTyP6cuzk8FC/G3KcKusz8u4upkzac/2bDHMYZfQq6EgJVxffB/d/1FI4TtcP5zzcLsrzuYj8/uVsFMelGJ7qsMgc5M152aAsimMCozmT7qGXrMkVRCoWTss0FaJo90Mq/FIBIxSc9zROT/huIvUdxnFhJNjE47kVJ8YHQhiwpXX28DXqHZm1mgXN68eXHHOiu0qcvJNHkBWy/LlP6qWP5figSMRwaHqcipIzk1HhTPBPHFwMtubNMZ/yEbQk6fk/oOV2SfIqctpXw9mii0TFKdwsKrRpm+z/10bwIsx1/gpVvRDXxiTdtE/8jiJEOfgQN29izaTs4iQWMs7VrbfXh0h9Y3twgDVTTdY3b+e6JqBjEY0vCG9JwFh9evWcLgMlHbYc8zz2X4hGLRD325T7ae636G8OS3rEniDIc5nILxryg4697nKCdpHZTHfM=^&#
04-25 15:42:19.839  2467  2467 E ##XLogger##: #&^DdhV3GdeqPewvDXJ02ZFtj9J+T0SawuskDNpbyML3pCds1pAUWj/VdjmomyiLerrOKFzrW4ah8Hw0Io0+xAsgzMuijccOgdV/2pFUvnJjucbEUp+z7tOvcnSLhIm6L4CbcY1pLUOv/Me605w0AkMwtp/abn0TG9TGiaOxGsitIA=!account!jXUYdlwfnikJOzy1bIE1hxMlWcXhK1L2igmTG1zNwcHkv8ggrvwQM/Fn9+8frRubuSJXqL0fzp72uQspFcf9ECxnbo7wzXobdlUbLAZPYvwdG/0tXmOcT3zl54ceJJHCVa5s64/4Oed7LFmN5TPc3w==^&#
04-25 15:42:19.843  2467  2467 E ##XLogger##: #&^DdhV3GdeqPewvDXJ02ZFtj9J+T0SawuskDNpbyML3pCds1pAUWj/VdjmomyiLerrOKFzrW4ah8Hw0Io0+xAsgzMuijccOgdV/2pFUvnJjucbEUp+z7tOvcnSLhIm6L4CbcY1pLUOv/Me605w0AkMwtp/abn0TG9TGiaOxGsitIA=!account!DFbXakoYMcIapDAvC2Tu3dSSoJzaeJa2mhs2W1nhGGL5sAl8/Yvn1eyu4qLTPeGf4Nc3qsCsDGn35WLwl5RgJw==^&#
04-25 15:42:19.845  2467  2509 D IdProviderImpl: getOAID from com.xiaomi.account
04-25 15:42:19.854  2467  2467 E ##XLogger##: #&^DdhV3GdeqPewvDXJ02ZFtj9J+T0SawuskDNpbyML3pCds1pAUWj/VdjmomyiLerrOKFzrW4ah8Hw0Io0+xAsgzMuijccOgdV/2pFUvnJjucbEUp+z7tOvcnSLhIm6L4CbcY1pLUOv/Me605w0AkMwtp/abn0TG9TGiaOxGsitIA=!account!zBKfZqn8IeCb+MTyqBUvFNvpYH8JFubHZ9juyMtvc2/+0MJ6P32V7HGa+I6B9fM6ReFEVG5GTj74wXbfaYBqUoFpmRAb6rGmWJwJiGP7I0uYst6oLTPDrYSfynuJakMd+NM3vxt3bKzHbg1z35Vn/g==^&#
04-25 15:42:19.855  2467  2467 E ##XLogger##: #&^DdhV3GdeqPewvDXJ02ZFtj9J+T0SawuskDNpbyML3pCds1pAUWj/VdjmomyiLerrOKFzrW4ah8Hw0Io0+xAsgzMuijccOgdV/2pFUvnJjucbEUp+z7tOvcnSLhIm6L4CbcY1pLUOv/Me605w0AkMwtp/abn0TG9TGiaOxGsitIA=!account!mLx+DqBNN+fuSNJ/CjePmEx28IHmGg5xYeoutuGZkgdw+PID2q8kkTANJ2VFp+p/5nNajlW6qMd0wVKMptzRHrxkl8dChpfgaGjDEtah+Mg=^&#
04-25 15:42:19.855  2467  2467 E ##XLogger##: #&^DdhV3GdeqPewvDXJ02ZFtj9J+T0SawuskDNpbyML3pCds1pAUWj/VdjmomyiLerrOKFzrW4ah8Hw0Io0+xAsgzMuijccOgdV/2pFUvnJjucbEUp+z7tOvcnSLhIm6L4CbcY1pLUOv/Me605w0AkMwtp/abn0TG9TGiaOxGsitIA=!account!mLx+DqBNN+fuSNJ/CjePmHPZ1+WrluFfJIyuIQpj8MWTdl9KpFKpkslyGtN7WN5mC6BtIh38ooLw/WnbYsDIbT56K0RvsdbI0k29NLVzdSnf+mSebgt4ejdacKviofz/RkayMEgCvkfkUCzucS2usA==^&#
04-25 15:42:19.856  2467  2467 E ##XLogger##: #&^DdhV3GdeqPewvDXJ02ZFtj9J+T0SawuskDNpbyML3pCds1pAUWj/VdjmomyiLerrOKFzrW4ah8Hw0Io0+xAsgzMuijccOgdV/2pFUvnJjucbEUp+z7tOvcnSLhIm6L4CbcY1pLUOv/Me605w0AkMwtp/abn0TG9TGiaOxGsitIA=!account!mLx+DqBNN+fuSNJ/CjePmI1jzNv9T2H8qr+6GdHPJC78dngR4j6fp/+IKBzI1eGYe+NQZkCjHAlD4gZuOoLYd8MfEhYLVaXUTQD1BOrr2Ue1hXIj9Iz5UtbWFm5h1H6LerGvIC0DIu+N/y7MNoJck+oWZkq3/aUkmms6brEEIREiOGr+C5kudrD1ybDpQEHd^&#
04-25 15:42:19.856  2467  2467 E ##XLogger##: #&^DdhV3GdeqPewvDXJ02ZFtj9J+T0SawuskDNpbyML3pCds1pAUWj/VdjmomyiLerrOKFzrW4ah8Hw0Io0+xAsgzMuijccOgdV/2pFUvnJjucbEUp+z7tOvcnSLhIm6L4CbcY1pLUOv/Me605w0AkMwtp/abn0TG9TGiaOxGsitIA=!account!mLx+DqBNN+fuSNJ/CjePmI1jzNv9T2H8qr+6GdHPJC78dngR4j6fp/+IKBzI1eGYe+NQZkCjHAlD4gZuOoLYdzrw78M8JGo77bK0Yoz3Lc8BvfAMuVyfzC+QEIpFrbnQWUCaSrLQ+Vt0Xw4Gf2hQw85E2BippGqC9wqzqJcHOnvIilVQ9AKEGJzFlaXpTJ0n^&#
04-25 15:42:19.857  2467  2467 E ##XLogger##: #&^DdhV3GdeqPewvDXJ02ZFtj9J+T0SawuskDNpbyML3pCds1pAUWj/VdjmomyiLerrOKFzrW4ah8Hw0Io0+xAsgzMuijccOgdV/2pFUvnJjucbEUp+z7tOvcnSLhIm6L4CbcY1pLUOv/Me605w0AkMwtp/abn0TG9TGiaOxGsitIA=!account!mLx+DqBNN+fuSNJ/CjePmI1jzNv9T2H8qr+6GdHPJC78dngR4j6fp/+IKBzI1eGYe+NQZkCjHAlD4gZuOoLYd8MfEhYLVaXUTQD1BOrr2Ue1hXIj9Iz5UtbWFm5h1H6LPfynD4Fj75qlZoGCxn/Ned20VBdizApTbQ7weTxvrsP9C4gNUknugsyUWKduwGuS^&#
04-25 15:42:19.857  2467  2467 E ##XLogger##: #&^DdhV3GdeqPewvDXJ02ZFtj9J+T0SawuskDNpbyML3pCds1pAUWj/VdjmomyiLerrOKFzrW4ah8Hw0Io0+xAsgzMuijccOgdV/2pFUvnJjucbEUp+z7tOvcnSLhIm6L4CbcY1pLUOv/Me605w0AkMwtp/abn0TG9TGiaOxGsitIA=!account!mLx+DqBNN+fuSNJ/CjePmI1jzNv9T2H8qr+6GdHPJC78dngR4j6fp/+IKBzI1eGYe+NQZkCjHAlD4gZuOoLYdzrw78M8JGo77bK0Yoz3Lc8BvfAMuVyfzC+QEIpFrbnQWUCaSrLQ+Vt0Xw4Gf2hQwwwN3fxlfD9xZidcf4wS9nk=^&#
04-25 15:42:19.858  2467  2467 E ##XLogger##: #&^DdhV3GdeqPewvDXJ02ZFtj9J+T0SawuskDNpbyML3pCds1pAUWj/VdjmomyiLerrOKFzrW4ah8Hw0Io0+xAsgzMuijccOgdV/2pFUvnJjucbEUp+z7tOvcnSLhIm6L4CbcY1pLUOv/Me605w0AkMwtp/abn0TG9TGiaOxGsitIA=!account!mLx+DqBNN+fuSNJ/CjePmI1jzNv9T2H8qr+6GdHPJC78dngR4j6fp/+IKBzI1eGYe+NQZkCjHAlD4gZuOoLYdzrw78M8JGo77bK0Yoz3Lc8BvfAMuVyfzC+QEIpFrbnQWUCaSrLQ+Vt0Xw4Gf2hQwz4v9iEOH3wv+zEpmESnD9M=^&#
04-25 15:42:19.858  2467  2467 E ##XLogger##: #&^DdhV3GdeqPewvDXJ02ZFtj9J+T0SawuskDNpbyML3pCds1pAUWj/VdjmomyiLerrOKFzrW4ah8Hw0Io0+xAsgzMuijccOgdV/2pFUvnJjucbEUp+z7tOvcnSLhIm6L4CbcY1pLUOv/Me605w0AkMwtp/abn0TG9TGiaOxGsitIA=!account!mLx+DqBNN+fuSNJ/CjePmI1jzNv9T2H8qr+6GdHPJC78dngR4j6fp/+IKBzI1eGYe+NQZkCjHAlD4gZuOoLYdzrw78M8JGo77bK0Yoz3Lc8BvfAMuVyfzC+QEIpFrbnQWUCaSrLQ+Vt0Xw4Gf2hQw0H46vOgw0k20r5WhQW0vH8okt2lFw0DpQeVUzKBliz8^&#
04-25 15:42:19.859  2467  2467 E ##XLogger##: #&^DdhV3GdeqPewvDXJ02ZFtj9J+T0SawuskDNpbyML3pCds1pAUWj/VdjmomyiLerrOKFzrW4ah8Hw0Io0+xAsgzMuijccOgdV/2pFUvnJjucbEUp+z7tOvcnSLhIm6L4CbcY1pLUOv/Me605w0AkMwtp/abn0TG9TGiaOxGsitIA=!account!mLx+DqBNN+fuSNJ/CjePmI1jzNv9T2H8qr+6GdHPJC78dngR4j6fp/+IKBzI1eGYe+NQZkCjHAlD4gZuOoLYd4IUUIzv3mi8Vw+AvFd1dMVC5dvVa6Bof13zggyY+8KCVSq2cFzgk0GCuxkG99UxBdVsWzTVMqBkaEf8KnEBs+K1QnWjQ/hzWvniBDK4TLsN^&#
04-25 15:42:19.859  2467  2467 E ##XLogger##: #&^DdhV3GdeqPewvDXJ02ZFtj9J+T0SawuskDNpbyML3pCds1pAUWj/VdjmomyiLerrOKFzrW4ah8Hw0Io0+xAsgzMuijccOgdV/2pFUvnJjucbEUp+z7tOvcnSLhIm6L4CbcY1pLUOv/Me605w0AkMwtp/abn0TG9TGiaOxGsitIA=!account!mLx+DqBNN+fuSNJ/CjePmI1jzNv9T2H8qr+6GdHPJC78dngR4j6fp/+IKBzI1eGYe+NQZkCjHAlD4gZuOoLYdzrw78M8JGo77bK0Yoz3Lc8BvfAMuVyfzC+QEIpFrbnQWUCaSrLQ+Vt0Xw4Gf2hQwxlv7+tliWkzz8rkjh5N/dN3B/m/wN3qigrSWOP7+p6i^&#
04-25 15:42:19.859  2467  2467 E ##XLogger##: #&^DdhV3GdeqPewvDXJ02ZFtj9J+T0SawuskDNpbyML3pCds1pAUWj/VdjmomyiLerrOKFzrW4ah8Hw0Io0+xAsgzMuijccOgdV/2pFUvnJjucbEUp+z7tOvcnSLhIm6L4CbcY1pLUOv/Me605w0AkMwtp/abn0TG9TGiaOxGsitIA=!account!mLx+DqBNN+fuSNJ/CjePmI1jzNv9T2H8qr+6GdHPJC78dngR4j6fp/+IKBzI1eGYe+NQZkCjHAlD4gZuOoLYdzrw78M8JGo77bK0Yoz3Lc8BvfAMuVyfzC+QEIpFrbnQWUCaSrLQ+Vt0Xw4Gf2hQw2V4dqzC5VR0WMGpyXKuTV8=^&#
04-25 15:42:19.860  2386  2442 E ##XLogger##: com.miui.cloudservice.push.h::d@SourceFile:3, thread:3098--java.net.UnknownHostException: Unable to resolve host "us.statusapi.micloud.xiaomi.net": No address associated with hostname *Caused by* android.system.GaiException: android_getaddrinfo failed: EAI_NODATA (No address associated with hostname)
04-25 15:42:19.860  2467  2467 E ##XLogger##: #&^DdhV3GdeqPewvDXJ02ZFtj9J+T0SawuskDNpbyML3pCds1pAUWj/VdjmomyiLerrOKFzrW4ah8Hw0Io0+xAsgzMuijccOgdV/2pFUvnJjucbEUp+z7tOvcnSLhIm6L4CbcY1pLUOv/Me605w0AkMwtp/abn0TG9TGiaOxGsitIA=!account!mLx+DqBNN+fuSNJ/CjePmI1jzNv9T2H8qr+6GdHPJC78dngR4j6fp/+IKBzI1eGYe+NQZkCjHAlD4gZuOoLYdzrw78M8JGo77bK0Yoz3Lc8BvfAMuVyfzC+QEIpFrbnQWUCaSrLQ+Vt0Xw4Gf2hQwxdtlCkEn9jyfKqNyB+cj3smOq0nE8CMQJMHILvhpr17z0hwCROJwDIGnhTDQwH75w==^&#
04-25 15:42:19.860  2467  2467 E ##XLogger##: #&^DdhV3GdeqPewvDXJ02ZFtj9J+T0SawuskDNpbyML3pCds1pAUWj/VdjmomyiLerrOKFzrW4ah8Hw0Io0+xAsgzMuijccOgdV/2pFUvnJjucbEUp+z7tOvcnSLhIm6L4CbcY1pLUOv/Me605w0AkMwtp/abn0TG9TGiaOxGsitIA=!account!mLx+DqBNN+fuSNJ/CjePmNhVTQiQwf4pL2k+jlacTxClVVuWxSwEQzBivRvpcJgjSuzb6BW9Z7PlZvYg6dkJrol/KytMIqtlrr5z7KlN4Cdel3svvitc22aGZInX5CSKJ9T/qwZtQ8rcU+E02CXccybwoUpi4ZV0cpr+Kvib/se5qAIO0r+8D3LNpFAU+QBScy9mMXWKnNjEIkSZYzAmZo1pf+gB/jAXI8Z44AJ8FiEUxzKRiSZbG7qQLQK++h3EW8YZLBkEonBdPawl4ktd/6eKZ5ty9Bgh+TIwlaLMwTxW4EwukaXhq0D/n9GmWqSub/Ki2xai45slrZIrqzHuPXH0kzqlk+TImhsumJ3tV5TrMPNgMdY5l788RPJf2s85^&#
04-25 15:42:19.861  2467  2467 E ##XLogger##: #&^DdhV3GdeqPewvDXJ02ZFtj9J+T0SawuskDNpbyML3pCds1pAUWj/VdjmomyiLerrOKFzrW4ah8Hw0Io0+xAsgzMuijccOgdV/2pFUvnJjucbEUp+z7tOvcnSLhIm6L4CbcY1pLUOv/Me605w0AkMwtp/abn0TG9TGiaOxGsitIA=!account!mLx+DqBNN+fuSNJ/CjePmNMDC9LzrNxRGUEQQhlUHk82h+f0Zz/i7Y9Wf8THAfY7vmyKKwWJJNNimVKE8C3JwA==^&#
04-25 15:42:19.861  1732  4721 D ActivityManagerServiceImpl: Service controller is not enabled.
04-25 15:42:19.862  1732  4721 D ProcessRecordInjector: Finishing reporting clean up app record.
04-25 15:42:19.862  5545 31286 I com.xiaomi.xms: oneway function results for code 3 on binder at 0xb40000704919f8e0 will be dropped but finished with status UNKNOWN_TRANSACTION
04-25 15:42:19.863  1732  2372 I MiuiNetworkPolicy: removeUidState uid = 10109
04-25 15:42:19.863 32620 32630 I .xiaomi.mipick: oneway function results for code 3 on binder at 0xb40000704e7ff320 will be dropped but finished with status UNKNOWN_TRANSACTION
04-25 15:42:19.864   885   885 I Zygote  : Process 1282 exited due to signal 9 (Killed)
04-25 15:42:19.899  2467  2467 E ##XLogger##: #&^DdhV3GdeqPewvDXJ02ZFtj9J+T0SawuskDNpbyML3pCds1pAUWj/VdjmomyiLerrOKFzrW4ah8Hw0Io0+xAsgzMuijccOgdV/2pFUvnJjucbEUp+z7tOvcnSLhIm6L4CbcY1pLUOv/Me605w0AkMwtp/abn0TG9TGiaOxGsitIA=!account!BQX7TViaQZ8UUGCm8kd2+I0sAcmtxUgbx7VwmNotdMzXtx5X6jCYNmElTuMc3wGd^&#
04-25 15:42:19.902  2467  2527 E ##XLogger##: #&^DdhV3GdeqPewvDXJ02ZFtj9J+T0SawuskDNpbyML3pCds1pAUWj/VdjmomyiLerrOKFzrW4ah8Hw0Io0+xAsgzMuijccOgdV/2pFUvnJjucbEUp+z7tOvcnSLhIm6L4CbcY1pLUOv/Me605w0AkMwtp/abn0TG9TGiaOxGsitIA=!account!BQX7TViaQZ8UUGCm8kd2+KN+b5G3iTY+93QEFGxx4kgSTn5rOFRKhR6/wyDbM0ePP2OvYxvh9TacS8cy/SMNgMDly1ndsSg+GvHZOp+qLv4B1QpxuPznSH06jn1Cb1inN/RsksV/O1ncsfFd7Jt90ucmrFPBhk/VeqYVyxNowgdRsV5kngjOurWg21zqWELq^&#
04-25 15:42:19.905  1732  2372 I MiuiNetworkPolicy: updateUidState uid = 10132, uidState = 19
04-25 15:42:20.650  1000  1261 I SDM     : StrategyImpl::SetIdleTimeoutMs: Idle timeout: active = 1100, inactive = 520
04-25 15:42:20.903  2386  2442 E ##XLogger##: com.miui.cloudservice.push.h$a::run@SourceFile:2, thread:3098--d5.c: request fcm token valid time retry exceed
04-25 15:42:21.680  1732  2576 D CompatibilityChangeReporter: Compat change id reported: 135634846; UID 10078; state: DISABLED
04-25 15:42:21.680  1732  2576 D CompatibilityChangeReporter: Compat change id reported: 177438394; UID 10078; state: DISABLED
04-25 15:42:21.680  1732  2576 D CompatibilityChangeReporter: Compat change id reported: 135772972; UID 10078; state: DISABLED
04-25 15:42:21.680  1732  2576 D CompatibilityChangeReporter: Compat change id reported: 135754954; UID 10078; state: DISABLED
04-25 15:42:21.682  1732  2047 D CompatibilityChangeReporter: Compat change id reported: 143937733; UID 10078; state: DISABLED
04-25 15:42:21.725   885   885 D Zygote  : Forked child process 2528
04-25 15:42:21.726  1732  2047 D Boost   : hostingType=FastRestart, hostingName=com.android.camera, callerPackage=android, isSystem=true, isBoostNeeded=false.
04-25 15:42:21.728  1732  2047 I ActivityManager: Start proc 2528:com.android.camera/u0a78 for FastRestart com.android.camera caller=android
04-25 15:42:21.739  2528  2528 I libc    : SetHeapTaggingLevel: tag level set to 0
04-25 15:42:21.749  2528  2528 I .android.camer: Using CollectorTypeCC GC.
04-25 15:42:21.765  2528  2528 D ProcessState: Binder ioctl to enable oneway spam detection failed: Invalid argument
04-25 15:42:21.770  2528  2528 I MessageMonitor: Load libmiui_runtime
04-25 15:42:21.780  1732  4721 D CompatibilityChangeReporter: Compat change id reported: 168419799; UID 10078; state: DISABLED
04-25 15:42:21.781  1732  4721 D CompatibilityInfo: mCompatibilityFlags - 0
04-25 15:42:21.781  1732  4721 D CompatibilityInfo: applicationDensity - 432
04-25 15:42:21.781  1732  4721 D CompatibilityInfo: applicationScale - 1.0
04-25 15:42:21.793  1732  2372 I MiuiNetworkPolicy: updateUidState uid = 10078, uidState = 19
04-25 15:42:21.796  2528  2528 D CompatibilityChangeReporter: Compat change id reported: 171979766; UID 10078; state: DISABLED
04-25 15:42:21.796 14968  5533 W MQSService: CallerName:com.android.camera,calling Uid:10078
04-25 15:42:21.797 14968  5533 D MQSService: registerApplicationScoutThread pid = 2528, packageName = com.android.camera
04-25 15:42:21.814  2528  2528 D ApplicationLoaders: Returning zygote-cached class loader: /system/framework/android.test.base.jar
04-25 15:42:21.819  2528  2528 D nativeloader: Configuring clns-shared-4 for other apk /system/app/miui/miui.apk. target_sdk_version=29, uses_libraries=ALL, library_path=/system/priv-app/MiuiCamera/lib/arm64:/system/priv-app/MiuiCamera/MiuiCamera.apk!/lib/arm64-v8a:/system/lib64:/system_ext/lib64:/system/priv-app/RtMiCloudSDK/RtMiCloudSDK.apk!/lib/arm64-v8a:/system/app/miuisystem/miuisystem.apk!/lib/arm64-v8a:/system/app/miui/miui.apk!/lib/arm64-v8a, permitted_path=/data:/mnt/expand:/data/user/0/com.android.camera:/system/priv-app/MiuiCamera:/system/lib64:/system_ext/lib64
04-25 15:42:21.820  2528  2528 D nativeloader: Extending system_exposed_libraries: libcamera_algoup_jni.xiaomi.so:libcamera_mianode_jni.xiaomi.so:libvraudio_client.qti.so:libbinauralrenderer_wrapper.qti.so:libhoaeffects.qti.so:libQOC.qti.so:libupdateprof.qti.so:libthermalclient.qti.so:libQOC.qti.so:libdiag_system.qti.so:libqape.qti.so:libqesdk_ndk_platform.qti.so:liblistenjni.qti.so
04-25 15:42:21.825  2528  2528 D nativeloader: Configuring clns-shared-5 for other apk /system/app/miuisystem/miuisystem.apk. target_sdk_version=29, uses_libraries=ALL, library_path=/system/priv-app/MiuiCamera/lib/arm64:/system/priv-app/MiuiCamera/MiuiCamera.apk!/lib/arm64-v8a:/system/lib64:/system_ext/lib64:/system/priv-app/RtMiCloudSDK/RtMiCloudSDK.apk!/lib/arm64-v8a:/system/app/miuisystem/miuisystem.apk!/lib/arm64-v8a:/system/app/miui/miui.apk!/lib/arm64-v8a, permitted_path=/data:/mnt/expand:/data/user/0/com.android.camera:/system/priv-app/MiuiCamera:/system/lib64:/system_ext/lib64
04-25 15:42:21.825  2528  2528 D nativeloader: Extending system_exposed_libraries: libcamera_algoup_jni.xiaomi.so:libcamera_mianode_jni.xiaomi.so:libvraudio_client.qti.so:libbinauralrenderer_wrapper.qti.so:libhoaeffects.qti.so:libQOC.qti.so:libupdateprof.qti.so:libthermalclient.qti.so:libQOC.qti.so:libdiag_system.qti.so:libqape.qti.so:libqesdk_ndk_platform.qti.so:liblistenjni.qti.so
04-25 15:42:21.831  2528  2528 D nativeloader: Configuring clns-shared-6 for other apk /system/priv-app/RtMiCloudSDK/RtMiCloudSDK.apk. target_sdk_version=29, uses_libraries=ALL, library_path=/system/priv-app/MiuiCamera/lib/arm64:/system/priv-app/MiuiCamera/MiuiCamera.apk!/lib/arm64-v8a:/system/lib64:/system_ext/lib64:/system/priv-app/RtMiCloudSDK/RtMiCloudSDK.apk!/lib/arm64-v8a:/system/app/miuisystem/miuisystem.apk!/lib/arm64-v8a:/system/app/miui/miui.apk!/lib/arm64-v8a, permitted_path=/data:/mnt/expand:/data/user/0/com.android.camera:/system/priv-app/MiuiCamera:/system/lib64:/system_ext/lib64
04-25 15:42:21.831  2528  2528 D nativeloader: Extending system_exposed_libraries: libcamera_algoup_jni.xiaomi.so:libcamera_mianode_jni.xiaomi.so:libvraudio_client.qti.so:libbinauralrenderer_wrapper.qti.so:libhoaeffects.qti.so:libQOC.qti.so:libupdateprof.qti.so:libthermalclient.qti.so:libQOC.qti.so:libdiag_system.qti.so:libqape.qti.so:libqesdk_ndk_platform.qti.so:liblistenjni.qti.so
04-25 15:42:21.873  2528  2528 D nativeloader: Configuring clns-shared-7 for other apk /system/priv-app/MiuiCamera/MiuiCamera.apk. target_sdk_version=29, uses_libraries=, library_path=/system/priv-app/MiuiCamera/lib/arm64:/system/priv-app/MiuiCamera/MiuiCamera.apk!/lib/arm64-v8a:/system/lib64:/system_ext/lib64:/system/priv-app/RtMiCloudSDK/RtMiCloudSDK.apk!/lib/arm64-v8a:/system/app/miuisystem/miuisystem.apk!/lib/arm64-v8a:/system/app/miui/miui.apk!/lib/arm64-v8a, permitted_path=/data:/mnt/expand:/data/user/0/com.android.camera:/system/priv-app/MiuiCamera:/system/lib64:/system_ext/lib64
04-25 15:42:21.873  2528  2528 D nativeloader: Extending system_exposed_libraries: libcamera_algoup_jni.xiaomi.so:libcamera_mianode_jni.xiaomi.so:libvraudio_client.qti.so:libbinauralrenderer_wrapper.qti.so:libhoaeffects.qti.so:libQOC.qti.so:libupdateprof.qti.so:libthermalclient.qti.so:libQOC.qti.so:libdiag_system.qti.so:libqape.qti.so:libqesdk_ndk_platform.qti.so:liblistenjni.qti.so
04-25 15:42:21.893  2528  2528 I Perf    : Connecting to perf service.
04-25 15:42:21.897  2528  2528 V GraphicsEnvironment: ANGLE Developer option for 'com.android.camera' set to: 'default'
04-25 15:42:21.902  2528  2528 I ForceDarkHelperStubImpl: initialize for com.android.camera , ForceDarkOrigin
04-25 15:42:21.905  2528  2528 D nativeloader: Load libforcedarkimpl.so using system ns (caller=/system/framework/miui-framework.jar): ok
04-25 15:42:21.906  2528  2528 D OpenGLRenderer: JNI_OnLoad success
04-25 15:42:21.906  2528  2528 I MiuiForceDarkConfig: setConfig density:2.700000, mainRule:0, secondaryRule:0, tertiaryRule:0
04-25 15:42:21.909  2528  2528 D NetworkSecurityConfig: Using Network Security Config from resource network_security_config debugBuild: false
04-25 15:42:21.910  2528  2528 D NetworkSecurityConfig: Using Network Security Config from resource network_security_config debugBuild: false
04-25 15:42:21.915  2528  2528 W libc    : Access denied finding property "vendor.panel.display"
04-25 15:42:21.917  2528  2528 D CAM_OooO00o: init proxy = class com.mi.device.Surya
04-25 15:42:21.917  2528  2528 D CAM_BoostFrameworkImpl: startBoost: duration = 300, scene = 6
04-25 15:42:21.918  2528  2528 D CAM_BoostFrameworkImpl: ready to boost
04-25 15:42:21.918  2528  2528 D hw-ProcessState: Binder ioctl to enable oneway spam detection failed: Invalid argument
04-25 15:42:21.921  1024  1024 E ANDR-PERF-TARGET: Error: Invalid logical cluster id 2
04-25 15:42:21.921  1024  1024 E ANDR-PERF-REQUEST: Translate to physical failed
04-25 15:42:21.921  1024  1024 E ANDR-PERF-TARGET: Error: Invalid logical cluster id 2
04-25 15:42:21.921  1024  1024 E ANDR-PERF-REQUEST: Translate to physical failed
04-25 15:42:21.924  2528  2528 D CAM_CameraUtil: could not get packageManager of maintenance mode
04-25 15:42:21.924  2528  2528 D CAM_CameraAppImpl: totalMemory:5G, maxAcquireCount = 30, maxDequeueCount:4
04-25 15:42:21.925  2528  2528 D CAM_ImagePool: init: maxAcquireCount=30 maxDequeueCount=4
04-25 15:42:21.925  2528  2528 D CAM_ImagePool: init: maxAcquireCount=24 maxDequeueCount=4
04-25 15:42:21.926  2528  2528 D CAM_AlgoConnector: startService: bind LocalParallelService start!
04-25 15:42:21.926  2528  2528 W libc    : Access denied finding property "vendor.camera.sensor.logsystem"
04-25 15:42:21.926  2528  2528 W libc    : Access denied finding property "vendor.camera.sensor.logsystem"
04-25 15:42:21.938  1732  2372 I MiuiNetworkPolicy: updateUidState uid = 10078, uidState = 10
04-25 15:42:21.939  1732  4721 D CompatibilityInfo: mCompatibilityFlags - 0
04-25 15:42:21.939  1732  4721 D CompatibilityInfo: applicationDensity - 432
04-25 15:42:21.939  1732  4721 D CompatibilityInfo: applicationScale - 1.0
04-25 15:42:21.941  2528  2528 D CAM_UpgradeManager: migrateForUpgrade previous -> 450007401, currentVersion -> 450007401
04-25 15:42:21.942  2528  2528 D CAM_MIVIHelper: requestCloudDataAsync: 
04-25 15:42:21.946  2528  2528 I CAM_PermissionManager: getNeedCheckPermissionList() listSize =0
04-25 15:42:21.946  2528  2528 I CAM_PermissionManager: checkCameraPermissions(), all on
04-25 15:42:21.946  2528  2528 D CAM_Camera2CompatAdapterRole: E: init()
04-25 15:42:21.946  2528  2528 D CAM_Camera2CompatAdapterRole: E: reset()
04-25 15:42:21.946  2528  2528 D CAM_Camera2CompatAdapterRole: X: reset()
04-25 15:42:21.947  2528  2528 I CameraManagerGlobal: Connecting to camera service
04-25 15:42:21.951  1476  7320 W ServiceManager: Permission failure: android.permission.CAMERA_OPEN_CLOSE_LISTENER from uid=10078 pid=2528
04-25 15:42:21.953  2528  2528 D CameraExtStub: init android.hardware.camera2.impl.CameraExtImplXiaoMi
04-25 15:42:21.955  2528  2593 D CameraInjector: updateCloudCameraControllerInfoAsync: E
04-25 15:42:21.955  2528  2593 D CameraInjector: Current application is null.
04-25 15:42:21.955  2528  2593 D CameraInjector: updateCloudCameraControllerInfoAsync: X
04-25 15:42:21.956  2528  2528 I CAM_Camera2CompatAdapterRole: [K_PROCESS]: All available camera ids: [0, 1, 21, 22, 25, 61, 100, 101]
04-25 15:42:21.962  1476  7320 I CameraService: TS metadata physicalSize_width: 14.796800 physicalSize_height: 11.110400
04-25 15:42:21.967  2528  2528 E VendorTagDescriptor: lookupTag: Tag name 'cameraIds' does not exist.
04-25 15:42:21.968  2528  2528 W CAM_VendorTagHelper: caution: failed to try get value from camera characteristics: <VTNF>, com.xiaomi.cameraid.role.cameraIds
04-25 15:42:21.969  1476  7320 I CameraService: TS metadata physicalSize_width: 4.147200 physicalSize_height: 3.104000
04-25 15:42:21.969  2528  2528 E VendorTagDescriptor: lookupTag: Tag name 'cameraIds' does not exist.
04-25 15:42:21.969  2528  2528 W CAM_VendorTagHelper: caution: failed to try get value from camera characteristics: <VTNF>, com.xiaomi.cameraid.role.cameraIds
04-25 15:42:21.970  1476  7320 I CameraService: TS metadata physicalSize_width: 4.208000 physicalSize_height: 3.120000
04-25 15:42:21.970  2528  2528 E VendorTagDescriptor: lookupTag: Tag name 'cameraIds' does not exist.
04-25 15:42:21.971  2528  2528 W CAM_VendorTagHelper: caution: failed to try get value from camera characteristics: <VTNF>, com.xiaomi.cameraid.role.cameraIds
04-25 15:42:21.971  1476  7320 I CameraService: TS metadata physicalSize_width: 2.800000 physicalSize_height: 2.100000
04-25 15:42:21.971  2528  2528 E VendorTagDescriptor: lookupTag: Tag name 'cameraIds' does not exist.
04-25 15:42:21.971  2528  2528 W CAM_VendorTagHelper: caution: failed to try get value from camera characteristics: <VTNF>, com.xiaomi.cameraid.role.cameraIds
04-25 15:42:21.972  1476  7320 I CameraService: TS metadata physicalSize_width: 2.800000 physicalSize_height: 2.100000
04-25 15:42:21.972  2528  2528 E VendorTagDescriptor: lookupTag: Tag name 'cameraIds' does not exist.
04-25 15:42:21.972  2528  2528 W CAM_VendorTagHelper: caution: failed to try get value from camera characteristics: <VTNF>, com.xiaomi.cameraid.role.cameraIds
04-25 15:42:21.973  1476  7320 I CameraService: TS metadata physicalSize_width: 14.796800 physicalSize_height: 11.110400
04-25 15:42:21.973  2528  2528 E VendorTagDescriptor: lookupTag: Tag name 'cameraIds' does not exist.
04-25 15:42:21.973  2528  2528 W CAM_VendorTagHelper: caution: failed to try get value from camera characteristics: <VTNF>, com.xiaomi.cameraid.role.cameraIds
04-25 15:42:21.974  1476  7320 I CameraService: TS metadata physicalSize_width: 14.796800 physicalSize_height: 11.110400
04-25 15:42:21.974  2528  2528 E VendorTagDescriptor: lookupTag: Tag name 'cameraIds' does not exist.
04-25 15:42:21.975  2528  2528 W CAM_VendorTagHelper: caution: failed to try get value from camera characteristics: <VTNF>, com.xiaomi.cameraid.role.cameraIds
04-25 15:42:21.975  1476  7320 I CameraService: TS metadata physicalSize_width: 4.147200 physicalSize_height: 3.104000
04-25 15:42:21.975  2528  2528 E VendorTagDescriptor: lookupTag: Tag name 'cameraIds' does not exist.
04-25 15:42:21.975  2528  2528 W CAM_VendorTagHelper: caution: failed to try get value from camera characteristics: <VTNF>, com.xiaomi.cameraid.role.cameraIds
