--------- beginning of system
04-25 15:42:09.563  1732  4139 I BatteryService: current mPlugType2current mHealthInfo.batteryLevel56current mHealthInfo.batteryTemperature367
04-25 15:42:11.740  1732  2324 V AlarmManager: Triggering alarm #0: Alarm{9ab5798 type 2 origWhen 2008967828 whenElapsed 2008967828 android}
04-25 15:42:16.140  1732  1924 D HeapUsage Monitor: HeapAllocSize : 76MB; monitorSize : 500MB
04-25 15:42:17.777  1732  4139 I BatteryService: current mPlugType2current mHealthInfo.batteryLevel56current mHealthInfo.batteryTemperature367
04-25 15:42:18.509  1732  2324 V AlarmManager: Triggering alarm #0: Alarm{6b4b657 type 3 origWhen 2008937598 whenElapsed 2008947927 com.miui.powerkeeper}
04-25 15:42:18.510  1732  2324 V AlarmManager: Triggering alarm #1: Alarm{8ca5544 type 3 origWhen 2008963344 whenElapsed 2008963344 com.google.android.gms}
04-25 15:42:18.510  1732  2324 V AlarmManager: Triggering alarm #2: Alarm{ab9362d type 3 origWhen 2008970815 whenElapsed 2008970815 android}
04-25 15:42:18.566  1732  1732 D CompatibilityChangeReporter: Compat change id reported: 135634846; UID 6110; state: DISABLED
04-25 15:42:18.566  1732  1732 D CompatibilityChangeReporter: Compat change id reported: 177438394; UID 6110; state: DISABLED
04-25 15:42:18.567  1732  1732 D CompatibilityChangeReporter: Compat change id reported: 135772972; UID 6110; state: DISABLED
04-25 15:42:18.567  1732  1732 D CompatibilityChangeReporter: Compat change id reported: 135754954; UID 6110; state: ENABLED
04-25 15:42:18.601  1732  2047 D Boost   : hostingType=service, hostingName={com.xiaomi.finddevice/com.xiaomi.finddevice.v2.securitypush.SecurityContextPeriodicUpdateJob}, callerPackage=android, isSystem=true, isBoostNeeded=false.
04-25 15:42:18.603  1732  2047 I ActivityManager: Start proc 2337:com.xiaomi.finddevice:securitypush/6110 for service {com.xiaomi.finddevice/com.xiaomi.finddevice.v2.securitypush.SecurityContextPeriodicUpdateJob} caller=android
04-25 15:42:18.664  1732  4883 D CompatibilityChangeReporter: Compat change id reported: 168419799; UID 6110; state: DISABLED
04-25 15:42:18.860  2337  2337 I ForceDarkHelperStubImpl: initialize for com.xiaomi.finddevice , ForceDarkOrigin
04-25 15:42:18.909  1732  4805 D CompatibilityChangeReporter: Compat change id reported: 135634846; UID 10099; state: DISABLED
04-25 15:42:18.909  1732  4805 D CompatibilityChangeReporter: Compat change id reported: 177438394; UID 10099; state: DISABLED
04-25 15:42:18.909  1732  4805 D CompatibilityChangeReporter: Compat change id reported: 135772972; UID 10099; state: DISABLED
04-25 15:42:18.909  1732  4805 D CompatibilityChangeReporter: Compat change id reported: 135754954; UID 10099; state: ENABLED
04-25 15:42:18.910  1732  2047 D CompatibilityChangeReporter: Compat change id reported: 143937733; UID 10099; state: ENABLED
04-25 15:42:18.935  1732  2047 D Boost   : hostingType=service, hostingName={com.miui.cloudservice/com.miui.cloudservice.securitypush.SecurityContextManager}, callerPackage=com.xiaomi.finddevice, isSystem=true, isBoostNeeded=false.
04-25 15:42:18.936  1732  2047 I ActivityManager: Start proc 2386:com.miui.cloudservice/u0a99 for service {com.miui.cloudservice/com.miui.cloudservice.securitypush.SecurityContextManager} caller=com.xiaomi.finddevice
04-25 15:42:19.014  1732  4805 D CompatibilityChangeReporter: Compat change id reported: 168419799; UID 10099; state: DISABLED
04-25 15:42:19.219  2386  2386 I ForceDarkHelperStubImpl: initialize for com.miui.cloudservice , ForceDarkOrigin
04-25 15:42:19.311  1732  4883 D CompatibilityChangeReporter: Compat change id reported: 135634846; UID 10093; state: DISABLED
04-25 15:42:19.312  1732  4883 D CompatibilityChangeReporter: Compat change id reported: 177438394; UID 10093; state: DISABLED
04-25 15:42:19.312  1732  4883 D CompatibilityChangeReporter: Compat change id reported: 135772972; UID 10093; state: DISABLED
04-25 15:42:19.312  1732  4883 D CompatibilityChangeReporter: Compat change id reported: 135754954; UID 10093; state: ENABLED
04-25 15:42:19.313  1732  2047 D CompatibilityChangeReporter: Compat change id reported: 143937733; UID 10093; state: ENABLED
04-25 15:42:19.338  1732  2047 D Boost   : hostingType=service, hostingName={com.xiaomi.simactivate.service/com.xiaomi.activate.ActivateService}, callerPackage=com.miui.cloudservice, isSystem=true, isBoostNeeded=false.
04-25 15:42:19.338  1732  2047 I ActivityManager: Start proc 2445:com.xiaomi.simactivate.service/u0a93 for service {com.xiaomi.simactivate.service/com.xiaomi.activate.ActivateService} caller=com.miui.cloudservice
04-25 15:42:19.384  1732  4805 D CompatibilityChangeReporter: Compat change id reported: 168419799; UID 10093; state: DISABLED
04-25 15:42:19.401  1732  4883 D CompatibilityChangeReporter: Compat change id reported: 135634846; UID 10132; state: DISABLED
04-25 15:42:19.401  1732  4883 D CompatibilityChangeReporter: Compat change id reported: 177438394; UID 10132; state: DISABLED
04-25 15:42:19.401  1732  4883 D CompatibilityChangeReporter: Compat change id reported: 135772972; UID 10132; state: DISABLED
04-25 15:42:19.401  1732  4883 D CompatibilityChangeReporter: Compat change id reported: 135754954; UID 10132; state: ENABLED
04-25 15:42:19.401  1732  2047 D CompatibilityChangeReporter: Compat change id reported: 143937733; UID 10132; state: ENABLED
04-25 15:42:19.425  1732  2047 D Boost   : hostingType=service, hostingName={com.xiaomi.account/com.xiaomi.account.XiaomiAccountService}, callerPackage=com.miui.cloudservice, isSystem=true, isBoostNeeded=false.
04-25 15:42:19.426  1732  2047 I ActivityManager: Start proc 2467:com.xiaomi.account/u0a132 for service {com.xiaomi.account/com.xiaomi.account.XiaomiAccountService} caller=com.miui.cloudservice
04-25 15:42:19.466  1732  4883 D CompatibilityChangeReporter: Compat change id reported: 168419799; UID 10132; state: DISABLED
04-25 15:42:19.568  2445  2445 I ForceDarkHelperStubImpl: initialize for com.xiaomi.simactivate.service , ForceDarkOrigin
04-25 15:42:19.633  1732  4883 I ActivityManager: Killing 974:com.android.camera/u0a78 (adj 945): empty #17
04-25 15:42:19.648  2467  2467 I ForceDarkHelperStubImpl: initialize for com.xiaomi.account , ForceDarkOrigin
04-25 15:42:19.672  1732  4883 D ActivityManagerServiceImpl: Service controller is not enabled.
04-25 15:42:19.673  1732  4883 D ProcessRecordInjector: Finishing reporting clean up app record.
04-25 15:42:19.812  1732  4883 I ActivityManager: Killing 1282:com.android.htmlviewer:remote/u0a109 (adj 975): empty #17
04-25 15:42:19.861  1732  4721 D ActivityManagerServiceImpl: Service controller is not enabled.
04-25 15:42:19.862  1732  4721 D ProcessRecordInjector: Finishing reporting clean up app record.
04-25 15:42:21.680  1732  2576 D CompatibilityChangeReporter: Compat change id reported: 135634846; UID 10078; state: DISABLED
04-25 15:42:21.680  1732  2576 D CompatibilityChangeReporter: Compat change id reported: 177438394; UID 10078; state: DISABLED
04-25 15:42:21.680  1732  2576 D CompatibilityChangeReporter: Compat change id reported: 135772972; UID 10078; state: DISABLED
04-25 15:42:21.680  1732  2576 D CompatibilityChangeReporter: Compat change id reported: 135754954; UID 10078; state: DISABLED
04-25 15:42:21.682  1732  2047 D CompatibilityChangeReporter: Compat change id reported: 143937733; UID 10078; state: DISABLED
04-25 15:42:21.726  1732  2047 D Boost   : hostingType=FastRestart, hostingName=com.android.camera, callerPackage=android, isSystem=true, isBoostNeeded=false.
04-25 15:42:21.728  1732  2047 I ActivityManager: Start proc 2528:com.android.camera/u0a78 for FastRestart com.android.camera caller=android
04-25 15:42:21.780  1732  4721 D CompatibilityChangeReporter: Compat change id reported: 168419799; UID 10078; state: DISABLED
04-25 15:42:21.902  2528  2528 I ForceDarkHelperStubImpl: initialize for com.android.camera , ForceDarkOrigin
04-25 15:42:22.334  1732  4883 I ActivityManager: Killing 32015:com.instagram.android/u0a347 (adj 975): empty #17
04-25 15:42:22.431  1732  2360 D ActivityManagerServiceImpl: Service controller is not enabled.
04-25 15:42:22.433  1732  2360 D ProcessRecordInjector: Finishing reporting clean up app record.
04-25 15:42:22.442  1732  2360 I ActivityManager: Killing 1392:com.android.providers.calendar/u0a76 (adj 985): empty #17
04-25 15:42:22.499  1732  3490 D ActivityManagerServiceImpl: Service controller is not enabled.
04-25 15:42:22.500  1732  3490 D ProcessRecordInjector: Finishing reporting clean up app record.
04-25 15:42:23.010  1732  4796 D CompatibilityChangeReporter: Compat change id reported: 135634846; UID 10109; state: DISABLED
04-25 15:42:23.010  1732  4796 D CompatibilityChangeReporter: Compat change id reported: 177438394; UID 10109; state: DISABLED
04-25 15:42:23.010  1732  4796 D CompatibilityChangeReporter: Compat change id reported: 135772972; UID 10109; state: DISABLED
04-25 15:42:23.010  1732  4796 D CompatibilityChangeReporter: Compat change id reported: 135754954; UID 10109; state: ENABLED
04-25 15:42:23.011  1732  2047 D CompatibilityChangeReporter: Compat change id reported: 143937733; UID 10109; state: ENABLED
04-25 15:42:23.048  1732  2047 D Boost   : hostingType=content provider, hostingName={com.android.htmlviewer/com.android.settings.cloud.CloudSettingsProvider}, callerPackage=com.android.camera, isSystem=true, isBoostNeeded=false.
04-25 15:42:23.050  1732  2047 I ActivityManager: Start proc 2657:com.android.htmlviewer:remote/u0a109 for content provider {com.android.htmlviewer/com.android.settings.cloud.CloudSettingsProvider} caller=com.android.camera
04-25 15:42:23.103  1732  4796 D CompatibilityChangeReporter: Compat change id reported: 168419799; UID 10109; state: DISABLED
04-25 15:42:23.198  2657  2657 I ForceDarkHelperStubImpl: initialize for com.android.htmlviewer , ForceDarkOrigin
04-25 15:42:24.057  1732  2021 I ActivityManager: Killing 1458:com.xiaomi.discover/u0a126 (adj 975): empty #17
04-25 15:42:24.134  1732  3490 D ActivityManagerServiceImpl: Service controller is not enabled.
04-25 15:42:24.135  1732  3490 D ProcessRecordInjector: Finishing reporting clean up app record.
04-25 15:42:25.651  1732  3490 I ActivityManager: Killing 1308:com.google.android.googlequicksearchbox:search/u0a169 (adj 935): empty #17
04-25 15:42:25.731  1732  3106 D ActivityManagerServiceImpl: Service controller is not enabled.
04-25 15:42:25.731  1732  3106 D ProcessRecordInjector: Finishing reporting clean up app record.
04-25 15:42:25.927  1732  3490 I ActivityTaskManager: START u0 {act=android.intent.action.MAIN cat=[android.intent.category.LAUNCHER] flg=0x10200000 cmp=com.chat2goo.app/.MainActivity bnds=[471,729][619,877] (has extras)} from uid 10074 from pid 2926 callingPackage com.mi.android.globallauncher
04-25 15:42:25.931  1732  3490 D WindowManager: Input focus has changed to null display=0 updateInputWindows = true
04-25 15:42:25.934  1732  3490 D ActivityRecordImpl: Task bounds and snapshot don't match. task width=1080, height=2400: snapshot w=648, h=1440, name = ActivityRecord{304471 u0 com.chat2goo.app/.MainActivity t4845}
04-25 15:42:25.950  2922  2922 D OneHandedController: stopOneHanded state isTransitioning or STATE_NONE
04-25 15:42:25.973  1732  1917 D Aurogon :  uid = 10488 switch to FG
04-25 15:42:25.984  1732  1769 I WindowManagerService: Physical orientation not applied, rotation=0
04-25 15:42:25.991  1732  4139 I BatteryService: current mPlugType2current mHealthInfo.batteryLevel56current mHealthInfo.batteryTemperature368
04-25 15:42:26.006  1732  4883 D WindowManager: Input focus has changed to Window{aef3160 u0 com.chat2goo.app/com.chat2goo.app.MainActivity} display=0 updateInputWindows = true
04-25 15:42:26.007  1732  4883 I WindowManagerService: Physical orientation not applied, rotation=0
04-25 15:42:26.032  1732  4272 D WindowManager: finishDrawingLocked: mDrawState=COMMIT_DRAW_PENDING Window{aef3160 u0 com.chat2goo.app/com.chat2goo.app.MainActivity} in Surface(name=com.chat2goo.app/com.chat2goo.app.MainActivity)/@0x3060c42
04-25 15:42:26.570  1732  1919 W ProcessStats: Tracking association SourceState{61f07cd com.mi.android.globallauncher/10074 BTopFgs #2436022} whose proc state 2 is better than process ProcessState{524f882 com.miui.powerkeeper/1000 pkg=com.miui.powerkeeper (sub)} proc state 3 (299 skipped)
04-25 15:42:26.580  1732  1769 I WindowManagerService: Physical orientation not applied, rotation=0
04-25 15:42:26.603  1732  1917 D Aurogon :  uid = 10074 switch to BG
04-25 15:42:26.996  1732  2025 W ActivityManager: Unable to start service Intent { cmp=com.miui.powerkeeper/.perfshielder.PerfShielderStatisticsService } U=0: not found
04-25 15:42:26.997  1732  2025 V PerfShielderService: Miui powerkeeper: can't bind to com.miui.powerkeeper.perfshielder.PerfShielderStatisticsService
04-25 15:42:30.805  1732  1769 I WindowManagerService: Physical orientation not applied, rotation=0
04-25 15:42:30.963  1732  1769 W MiuiInputKeyEventLog: keyCode:4 down:true eventTime:744802973 downTime:744802973 policyFlags:2b000000 flags:8 metaState:0 deviceId:-1 isScreenOn:true keyguardActive:false repeatCount:0
04-25 15:42:30.965  1732  1769 W MiuiInputKeyEventLog: keyCode:4 down:false eventTime:744802973 downTime:744802973 policyFlags:2b000000 flags:8 metaState:0 deviceId:-1 isScreenOn:true keyguardActive:false repeatCount:0
04-25 15:42:30.966  1732  2046 I DropBoxManagerService: add tag=system_server_wtf isTagEnabled=true flags=0x2
04-25 15:42:30.970  1732  2046 W DropBoxManagerService: Dropping: system_server_wtf (1481 > 0 bytes)
04-25 15:42:30.971  1732  2616 D MiuiFreeFormGestureController: handleFreeFormReceiver intent=Intent { act=miui.intent.KEYCODE_BACK flg=0x10 (has extras) }
04-25 15:42:30.971  1732  2616 D MiuiFreeFormGestureController: handleFreeFormReceiver intent=Intent { act=miui.intent.KEYCODE_BACK flg=0x10 (has extras) }
04-25 15:42:30.972  1732  2046 I DropBoxManagerService: add tag=system_server_wtf isTagEnabled=true flags=0x2
04-25 15:42:30.974  1732  2046 W DropBoxManagerService: Dropping: system_server_wtf (1481 > 0 bytes)
04-25 15:42:30.977  1732  2046 I DropBoxManagerService: add tag=system_server_wtf isTagEnabled=true flags=0x2
04-25 15:42:30.978  1732  2046 W DropBoxManagerService: Dropping: system_server_wtf (1481 > 0 bytes)
04-25 15:42:30.980  1732  2046 I DropBoxManagerService: add tag=system_server_wtf isTagEnabled=true flags=0x2
04-25 15:42:30.981  1732  2046 W DropBoxManagerService: Dropping: system_server_wtf (1481 > 0 bytes)
04-25 15:42:31.078  1732  1769 I WindowManagerService: Physical orientation not applied, rotation=0
04-25 15:42:31.118  1732  2324 V AlarmManager: Triggering alarm #0: Alarm{65f9d20 type 1 origWhen 1777106546173 whenElapsed 2008987206 com.chat2goo.app}
04-25 15:42:31.341  1732  1732 W NotificationHistory: Attempted to add notif for locked/gone/disabled user 0
04-25 15:42:31.490  1732  4883 I WindowManagerService: Physical orientation not applied, rotation=0
04-25 15:42:31.507  1732  2046 I DropBoxManagerService: add tag=system_server_wtf isTagEnabled=true flags=0x2
04-25 15:42:31.509  1732  2046 W DropBoxManagerService: Dropping: system_server_wtf (1265 > 0 bytes)
04-25 15:42:31.510  1732  4883 I WindowManagerService: Physical orientation not applied, rotation=0
04-25 15:42:31.526  1732  4272 D WindowManager: finishDrawingLocked: mDrawState=COMMIT_DRAW_PENDING Window{41de6a4 u0 NotificationShade} in Surface(name=NotificationShade)/@0xe96954e
04-25 15:42:32.975  1732  2046 W BroadcastQueue: Background execution not allowed: receiving Intent { act=android.intent.action.DROPBOX_ENTRY_ADDED flg=0x10 (has extras) } to com.google.android.gms/.stats.service.DropBoxEntryAddedReceiver
04-25 15:42:34.187  1732  4139 I BatteryService: current mPlugType2current mHealthInfo.batteryLevel56current mHealthInfo.batteryTemperature367
04-25 15:42:34.249  1732  4883 I WindowManagerService: Physical orientation not applied, rotation=0
04-25 15:42:34.262  1732  4883 I WindowManagerService: Physical orientation not applied, rotation=0
04-25 15:42:38.047  1732  4292 W ProcessStats: Tracking association SourceState{3e31854 com.miui.analytics/10095 BTopFgs #2436038} whose proc state 2 is better than process ProcessState{6c5765d com.miui.securitycenter.remote/1000 pkg=com.miui.securitycenter} proc state 3 (75 skipped)
04-25 15:42:42.422  1732  4139 I BatteryService: current mPlugType2current mHealthInfo.batteryLevel56current mHealthInfo.batteryTemperature367
04-25 15:42:46.142  1732  1924 D HeapUsage Monitor: HeapAllocSize : 82MB; monitorSize : 500MB
04-25 15:42:50.618  1732  4139 I BatteryService: current mPlugType2current mHealthInfo.batteryLevel56current mHealthInfo.batteryTemperature367
04-25 15:42:51.720  1732  1918 D Persistence: writeHistoricalOpsDLocked 8 ms.
04-25 15:42:51.743  1732  2324 V AlarmManager: Triggering alarm #0: Alarm{ae7ea98 type 2 origWhen 2009007831 whenElapsed 2009007831 android}
04-25 15:42:51.744  1732  1918 D Persistence: writeHistoricalOpsDLocked 8 ms.
04-25 15:42:52.307  1732  4883 W ProcessStats: Tracking association SourceState{3e31854 com.miui.analytics/10095 BTopFgs #2436043} whose proc state 2 is better than process ProcessState{6c5765d com.miui.securitycenter.remote/1000 pkg=com.miui.securitycenter} proc state 3 (20 skipped)
04-25 15:42:53.898  1732  4139 I BatteryService: current mPlugType2current mHealthInfo.batteryLevel56current mHealthInfo.batteryTemperature367
04-25 15:42:54.176  1732  2324 V AlarmManager: Triggering alarm #0: Alarm{97ca557 type 1 origWhen 1777106569243 whenElapsed 2009010263 com.chat2goo.app}
04-25 15:42:54.419  1732  1732 W NotificationHistory: Attempted to add notif for locked/gone/disabled user 0
04-25 15:42:54.555  1732  2046 I DropBoxManagerService: add tag=system_server_wtf isTagEnabled=true flags=0x2
04-25 15:42:54.557  1732  2046 W DropBoxManagerService: Dropping: system_server_wtf (1265 > 0 bytes)
04-25 15:42:54.580  1732  1769 I WindowManagerService: Physical orientation not applied, rotation=0
04-25 15:42:54.604  1732  1769 I WindowManagerService: Physical orientation not applied, rotation=0
04-25 15:42:54.619  1732  4883 D WindowManager: finishDrawingLocked: mDrawState=COMMIT_DRAW_PENDING Window{41de6a4 u0 NotificationShade} in Surface(name=NotificationShade)/@0x615d155
04-25 15:42:56.561  1732  2046 W BroadcastQueue: Background execution not allowed: receiving Intent { act=android.intent.action.DROPBOX_ENTRY_ADDED flg=0x10 (has extras) } to com.google.android.gms/.stats.service.DropBoxEntryAddedReceiver
04-25 15:42:58.830  1732  4139 I BatteryService: current mPlugType2current mHealthInfo.batteryLevel56current mHealthInfo.batteryTemperature367
04-25 15:43:00.001  1732  2324 V AlarmManager: Triggering alarm #0: Alarm{8a7d60d type 3 origWhen 2009016088 whenElapsed 2009016088 android}
04-25 15:43:00.049  1732  4883 I WindowManagerService: Physical orientation not applied, rotation=0
04-25 15:43:00.309  1732  4883 I WindowManagerService: Physical orientation not applied, rotation=0
04-25 15:43:00.328  1732  1769 I WindowManagerService: Physical orientation not applied, rotation=0
04-25 15:43:04.283  1732  2301 I ActivityManager: Killing 29186:com.google.android.apps.wellbeing/u0a165 (adj 975): empty #17
04-25 15:43:04.293  1732  2301 W ProcessStats: Tracking association SourceState{3e31854 com.miui.analytics/10095 BTopFgs #2436056} whose proc state 2 is better than process ProcessState{6c5765d com.miui.securitycenter.remote/1000 pkg=com.miui.securitycenter} proc state 3 (41 skipped)
04-25 15:43:04.343  1732  4300 D ActivityManagerServiceImpl: Service controller is not enabled.
04-25 15:43:04.343  1732  4300 D ProcessRecordInjector: Finishing reporting clean up app record.
04-25 15:43:07.048  1732  4139 I BatteryService: current mPlugType2current mHealthInfo.batteryLevel56current mHealthInfo.batteryTemperature367
04-25 15:43:15.257  1732  4139 I BatteryService: current mPlugType2current mHealthInfo.batteryLevel56current mHealthInfo.batteryTemperature367
04-25 15:43:15.924  1732  2126 V DisplayPowerController[0]: Brightness [0.005129458] reason changing to: 'automatic [ dim ]', previous reason: 'automatic'.
04-25 15:43:16.144  1732  1924 D HeapUsage Monitor: HeapAllocSize : 73MB; monitorSize : 500MB
04-25 15:43:23.466  1732  4139 I BatteryService: current mPlugType2current mHealthInfo.batteryLevel56current mHealthInfo.batteryTemperature367
04-25 15:43:27.031  1732  2025 W ActivityManager: Unable to start service Intent { cmp=com.miui.powerkeeper/.perfshielder.PerfShielderStatisticsService } U=0: not found
04-25 15:43:27.031  1732  2025 V PerfShielderService: Miui powerkeeper: can't bind to com.miui.powerkeeper.perfshielder.PerfShielderStatisticsService
04-25 15:43:31.680  1732  4139 I BatteryService: current mPlugType2current mHealthInfo.batteryLevel56current mHealthInfo.batteryTemperature367
04-25 15:43:33.049  1732  4139 I BatteryService: current mPlugType2current mHealthInfo.batteryLevel57current mHealthInfo.batteryTemperature367
04-25 15:43:33.052  2922  2922 I MiuiChargeManager: notifyBatteryStatusChanged:  status: 2 isPlugged: 2 level: 57 wireState: 11 chargeSpeed: 0 mChargeType: 0 chargeDeviceType: 0 maxChargingWattage: -1 isCarCharge: 0 SUPPORT_BROADCAST_QUICK_CHARGE: true
04-25 15:43:33.072  5990  5990 D PowerChecker_Service: battery status = 2 plug = 2 level = 57
04-25 15:43:33.143  1732  2075 E KernelCpuUidClusterTimeReader: Negative delta from cluster time for uid: 10203, delta: -2
04-25 15:43:33.143  1732  2075 E KernelCpuUidClusterTimeReader: Negative delta from cluster time for uid: 10220, delta: -6
04-25 15:43:33.915  1732  2126 I PowerManagerService: Powering off display group due to timeout (groupId= 0, uid= 1000)...
04-25 15:43:33.916  1732  2126 I PowerManagerService: Going to sleep due to timeout (uid 1000)...
04-25 15:43:33.932  1732  1732 W ProcessStats: Tracking association SourceState{3e31854 com.miui.analytics/10095 BTopFgs #2436059} whose proc state 2 is better than process ProcessState{6c5765d com.miui.securitycenter.remote/1000 pkg=com.miui.securitycenter} proc state 3 (13 skipped)
04-25 15:43:33.955  1732  2695 D FingerprintService: onTransact() code: 18
04-25 15:43:33.957  1732  4300 D FingerprintService: onTransact() code: 22
04-25 15:43:33.959  2922  2922 V KeyguardUpdateMonitor: startListeningForFingerprint()
04-25 15:43:33.959  1732  4300 D FingerprintService: onTransact() code: 5
04-25 15:43:33.960  1732  4300 D BiometricUtils: isEncrypted: false isLockdown: false
04-25 15:43:33.960  1732  1732 D [FingerprintService]BiometricScheduler: [Added] {[3548] FingerprintUpdateActiveUserClient, proto=1, owner=android, cookie=0, userId=0}, new queue size: 1
04-25 15:43:33.960  1732  1732 D [FingerprintService]BiometricScheduler: [Polled] {[3548] FingerprintUpdateActiveUserClient, proto=1, owner=android, cookie=0, userId=0}, State: 0
04-25 15:43:33.960  1732  1732 D [FingerprintService]BiometricScheduler: [Starting] {[3548] FingerprintUpdateActiveUserClient, proto=1, owner=android, cookie=0, userId=0}, State: 0
04-25 15:43:33.960  1732  1732 D [FingerprintService]BiometricScheduler: [Started] {[3548] FingerprintUpdateActiveUserClient, proto=1, owner=android, cookie=0, userId=0}
04-25 15:43:33.960  1732  1732 D FingerprintUpdateActiveUserClient: Already user: 0, returning
04-25 15:43:33.962  1732  1732 D [FingerprintService]BiometricScheduler: [Added] {[3549] FingerprintAuthenticationClient, proto=3, owner=com.android.systemui, cookie=0, userId=0}, new queue size: 1
04-25 15:43:33.962  1732  1732 V [FingerprintService]BiometricScheduler: Not idle, current operation: {[3548] FingerprintUpdateActiveUserClient, proto=1, owner=android, cookie=0, userId=0}, State: 2
04-25 15:43:33.962  1732  1732 D [FingerprintService]BiometricScheduler: [Finishing] {[3548] FingerprintUpdateActiveUserClient, proto=1, owner=android, cookie=0, userId=0}, success: true
04-25 15:43:33.962  1732  1732 D [FingerprintService]BiometricScheduler: [Polled] {[3549] FingerprintAuthenticationClient, proto=3, owner=com.android.systemui, cookie=0, userId=0}, State: 0
04-25 15:43:33.962  1732  1732 D GestureAvailabilityTracker: Notifying gesture availability, active=false
04-25 15:43:33.962  1732  1732 D [FingerprintService]BiometricScheduler: [Starting] {[3549] FingerprintAuthenticationClient, proto=3, owner=com.android.systemui, cookie=0, userId=0}, State: 0
04-25 15:43:33.962  1732  1732 D [FingerprintService]BiometricScheduler: [Started] {[3549] FingerprintAuthenticationClient, proto=3, owner=com.android.systemui, cookie=0, userId=0}
04-25 15:43:33.962  1732  1732 D BiometricCoexCoordinator: addAuthenticationClient(OtherFp), client: {[3549] FingerprintAuthenticationClient, proto=3, owner=com.android.systemui, cookie=0, userId=0}
04-25 15:43:33.963  2922  2922 D OneHandedController: stopOneHanded state isTransitioning or STATE_NONE
04-25 15:43:33.963  1732  1732 D FingerprintService: Fps state updated from 0 to 2, client {[3549] FingerprintAuthenticationClient, proto=3, owner=com.android.systemui, cookie=0, userId=0}
04-25 15:43:33.963  1732  1732 D [FingerprintService]AuthenticationClient: Requesting auth for com.android.systemui
04-25 15:43:33.995  1732  1732 V [FingerprintService]AcquisitionClient: Acquired: 6 21, shouldSend: true
04-25 15:43:33.997  2922  2922 V KeyguardUpdateMonitor: FingerprintManager onAuthenticationAcquired: 6
04-25 15:43:33.997  2922  2922 W FingerprintManager: Invalid acquired message: 6, 21
04-25 15:43:34.007  1732  2126 V DisplayPowerController[0]: Brightness [0.1358] reason changing to: 'automatic', previous reason: 'automatic [ dim ]'.
04-25 15:43:34.413  1732  2126 I DisplayPowerController[0]: Blocking screen off
04-25 15:43:34.414  1732  2126 I DisplayPowerController[0]: Unblocked screen off after 1 ms
04-25 15:43:34.415  2922  2922 D OneHandedController: stopOneHanded state isTransitioning or STATE_NONE
04-25 15:43:34.434  1732  2075 E KernelCpuUidClusterTimeReader: Negative delta from cluster time for uid: 10203, delta: -2
04-25 15:43:34.435  1732  2075 E KernelCpuUidClusterTimeReader: Negative delta from cluster time for uid: 10220, delta: -6
04-25 15:43:34.437  1732  2126 D ActivityTaskManager: Top Process State changed to PROCESS_STATE_TOP_SLEEPING
04-25 15:43:34.457  1732  1769 D WindowManager: Input focus has changed to null display=0 updateInputWindows = false
04-25 15:43:34.459  1732  2126 W ActivityManager: Unable to start service Intent { act=miui.action.CAMERA_EMPTY_SERVICE pkg=com.android.camera } U=0: not found
04-25 15:43:34.467  1732  2126 I AutomaticBrightnessControllerImpl: setProximitySensorEnabled disable
04-25 15:43:34.473  1732  2126 V DisplayPowerController[0]: Brightness [-1.0] reason changing to: 'screen_off', previous reason: 'automatic'.
04-25 15:43:34.474  1732  2620 D LocalDisplayAdapter: setDisplayState(id=4630946688386997377, state=OFF)
04-25 15:43:34.482  1732  1919 I DisplayDeviceRepository: Display device changed state: "Layar Built-In", OFF
04-25 15:43:34.532  1732  4300 I WindowManagerService: Physical orientation not applied, rotation=0
04-25 15:43:34.641  1732  2126 W DreamManagerService: Dream ComponentInfo{com.miui.aod/com.miui.aod.doze.DozeService} does not exist
04-25 15:43:34.641  1732  2126 I PowerManagerService: Sleeping display group (groupId=0, uid=1000)...
04-25 15:43:34.641  1732  2126 I PowerManagerService: Sleeping (uid 1000)...
04-25 15:43:34.675  1732  4300 I WindowManagerService: Physical orientation not applied, rotation=0
04-25 15:43:34.711  1732  2046 I DropBoxManagerService: add tag=system_server_wtf isTagEnabled=true flags=0x2
04-25 15:43:34.713  1732  2046 W DropBoxManagerService: Dropping: system_server_wtf (1247 > 0 bytes)
04-25 15:43:34.720  1732  2046 I DropBoxManagerService: add tag=system_server_wtf isTagEnabled=true flags=0x2
04-25 15:43:34.721  1732  2046 W DropBoxManagerService: Dropping: system_server_wtf (1247 > 0 bytes)
04-25 15:43:34.733  1732  1732 D WindowManager:  ACTION_SCREEN_OFF true
04-25 15:43:34.736  1732  4292 D FingerprintService: onTransact() code: 18
04-25 15:43:34.737  1732  4300 D FingerprintService: onTransact() code: 22
04-25 15:43:34.738  1732  4300 D FingerprintService: onTransact() code: 18
04-25 15:43:34.738  1732  4300 D FingerprintService: onTransact() code: 22
04-25 15:43:34.739  2922  2922 D OneHandedController: stopOneHanded state isTransitioning or STATE_NONE
04-25 15:43:34.758  1732  4292 D WindowManager: Input focus has changed to Window{41de6a4 u0 NotificationShade} display=0 updateInputWindows = true
04-25 15:43:34.758  1732  4292 I WindowManagerService: Physical orientation not applied, rotation=0
04-25 15:43:34.765  1732  1732 D MiSound.MQSUtils: device not support AudioVisual
04-25 15:43:34.776  1732  1732 V LocationPolicy: Screen state changed
04-25 15:43:34.779  1732  1732 W ContextImpl: Calling a method in the system process without a qualified user: android.app.ContextImpl.sendBroadcast:1198 com.miui.server.car.MiuiCarService$3.onReceive:307 android.app.LoadedApk$ReceiverDispatcher$Args.lambda$getRunnable$0$LoadedApk$ReceiverDispatcher$Args:1694 android.app.LoadedApk$ReceiverDispatcher$Args$$ExternalSyntheticLambda0.run:2 android.os.Handler.handleCallback:938 
04-25 15:43:34.786  1732  4300 I WindowManagerService: Physical orientation not applied, rotation=0
04-25 15:43:34.791  1732  4300 D WindowManager: finishDrawingLocked: mDrawState=COMMIT_DRAW_PENDING Window{41de6a4 u0 NotificationShade} in Surface(name=NotificationShade)/@0x6456be7
04-25 15:43:34.800  1732  4292 I WindowManagerService: Physical orientation not applied, rotation=0
04-25 15:43:34.906  1732  2046 D CompatibilityChangeReporter: Compat change id reported: 135634846; UID 10165; state: DISABLED
04-25 15:43:34.906  1732  2046 D CompatibilityChangeReporter: Compat change id reported: 177438394; UID 10165; state: DISABLED
04-25 15:43:34.906  1732  2046 D CompatibilityChangeReporter: Compat change id reported: 135772972; UID 10165; state: DISABLED
04-25 15:43:34.906  1732  2046 D CompatibilityChangeReporter: Compat change id reported: 135754954; UID 10165; state: ENABLED
04-25 15:43:34.908  1732  2047 D CompatibilityChangeReporter: Compat change id reported: 143937733; UID 10165; state: ENABLED
04-25 15:43:34.914  1732  2324 V AlarmManager: Triggering alarm #0: Alarm{f6c4e3d type 1 origWhen 1777064014891 whenElapsed 2009051001 com.android.systemui}
04-25 15:43:34.937  1732  2047 D Boost   : hostingType=broadcast, hostingName={com.google.android.apps.wellbeing/com.google.android.apps.wellbeing.alarm.NextAlarmClockChangedReceiver_Receiver}, callerPackage=android, isSystem=true, isBoostNeeded=false.
04-25 15:43:34.953  1732  2047 I ActivityManager: Start proc 2775:com.google.android.apps.wellbeing/u0a165 for broadcast {com.google.android.apps.wellbeing/com.google.android.apps.wellbeing.alarm.NextAlarmClockChangedReceiver_Receiver} caller=android
04-25 15:43:35.111  1732  2479 D NsdService: unregister service
04-25 15:43:35.111  1732  2479 D NsdService: mdnssd [stop-register, 2739]
04-25 15:43:35.176  2775  2775 I ForceDarkHelperStubImpl: initialize for com.google.android.apps.wellbeing , ForceDarkOrigin
04-25 15:43:35.334  1732  1919 D ColorDisplayService: Setting saturation level: 100
04-25 15:43:35.357  1732  4300 D PackageManager: set app  component=com.google.android.apps.wellbeing/com.google.android.apps.wellbeing.winddown.ui.WindDownDarkThemeSettings enabled state: 2 from null,uid=10165,pid=2775
04-25 15:43:35.432  1732  2046 I ActivityManager: com.xiaomi.discover is exempt from freezer
04-25 15:43:35.433  1732  2046 D CompatibilityChangeReporter: Compat change id reported: 135634846; UID 10126; state: DISABLED
04-25 15:43:35.433  1732  2046 D CompatibilityChangeReporter: Compat change id reported: 177438394; UID 10126; state: DISABLED
04-25 15:43:35.433  1732  2046 D CompatibilityChangeReporter: Compat change id reported: 135772972; UID 10126; state: DISABLED
04-25 15:43:35.433  1732  2046 D CompatibilityChangeReporter: Compat change id reported: 135754954; UID 10126; state: ENABLED
04-25 15:43:35.433  1732  2047 D CompatibilityChangeReporter: Compat change id reported: 143937733; UID 10126; state: ENABLED
04-25 15:43:35.440  1732  4300 I ActivityManager: Killing 28274:com.google.android.apps.messaging/u0a180 (adj 935): empty #17
04-25 15:43:35.453  1732  2047 D Boost   : hostingType=broadcast, hostingName={com.xiaomi.discover/com.xiaomi.market.data.DiscoverUpdateManager}, callerPackage=com.xiaomi.mipicks, isSystem=true, isBoostNeeded=false.
04-25 15:43:35.454  1732  2047 I ActivityManager: Start proc 2954:com.xiaomi.discover/u0a126 for broadcast {com.xiaomi.discover/com.xiaomi.market.data.DiscoverUpdateManager} caller=com.xiaomi.mipicks
04-25 15:43:35.485  1732  4796 D CompatibilityChangeReporter: Compat change id reported: 168419799; UID 10126; state: DISABLED
04-25 15:43:35.501  1732  4300 D ActivityManagerServiceImpl: Service controller is not enabled.
04-25 15:43:35.501  1732  4300 D ProcessRecordInjector: Finishing reporting clean up app record.
04-25 15:43:35.555  2954  2954 I ForceDarkHelperStubImpl: initialize for com.xiaomi.discover , ForceDarkOrigin
04-25 15:43:35.611  1732  2695 I ActivityManager: Killing 32620:com.xiaomi.mipicks/u0a144 (adj 925): empty #17
04-25 15:43:35.658  1732  4808 D ActivityManagerServiceImpl: Service controller is not enabled.
04-25 15:43:35.659  1732  4808 D ProcessRecordInjector: Finishing reporting clean up app record.
04-25 15:43:35.966  1732  4303 D PackageManager: set app  component=com.xiaomi.discover/androidx.work.impl.background.systemjob.SystemJobService enabled state: 1 from null,uid=10126,pid=2954
04-25 15:43:36.020  1732  4292 I ActivityManager: com.xiaomi.mipicks is exempt from freezer
04-25 15:43:36.021  1732  4292 D CompatibilityChangeReporter: Compat change id reported: 135634846; UID 10144; state: DISABLED
04-25 15:43:36.021  1732  4292 D CompatibilityChangeReporter: Compat change id reported: 177438394; UID 10144; state: DISABLED
04-25 15:43:36.021  1732  4292 D CompatibilityChangeReporter: Compat change id reported: 135772972; UID 10144; state: DISABLED
04-25 15:43:36.021  1732  4292 D CompatibilityChangeReporter: Compat change id reported: 135754954; UID 10144; state: ENABLED
04-25 15:43:36.022  1732  2047 D CompatibilityChangeReporter: Compat change id reported: 143937733; UID 10144; state: ENABLED
04-25 15:43:36.044  1732  2047 D Boost   : hostingType=content provider, hostingName={com.xiaomi.mipicks/com.xiaomi.market.provider.MarketProvider}, callerPackage=com.xiaomi.discover, isSystem=true, isBoostNeeded=false.
04-25 15:43:36.045  1732  2047 I ActivityManager: Start proc 3060:com.xiaomi.mipicks/u0a144 for content provider {com.xiaomi.mipicks/com.xiaomi.market.provider.MarketProvider} caller=com.xiaomi.discover
04-25 15:43:36.109  1732  4805 I ActivityManager: Killing 28618:com.facebook.katana/u0a239 (adj 975): empty #17
04-25 15:43:36.198  3060  3060 I ForceDarkHelperStubImpl: initialize for com.xiaomi.mipicks , ForceDarkOrigin
04-25 15:43:36.242  1732  4805 D ActivityManagerServiceImpl: Service controller is not enabled.
04-25 15:43:36.244  1732  4805 D ProcessRecordInjector: Finishing reporting clean up app record.
04-25 15:43:36.359  1732  4292 W ActivityManager: Receiver with filter android.content.IntentFilter@c38adfb already registered for pid 3060, callerPackage is com.xiaomi.mipicks
04-25 15:43:36.395  1732  4721 D PackageManager: set app  component=com.xiaomi.mipicks/com.xiaomi.mipicks.minicard.DynamicEntryForMiniCard enabled state: 2 from null,uid=10144,pid=3060
04-25 15:43:36.470  1732  4299 D CompatibilityChangeReporter: Compat change id reported: 319212206; UID 10144; state: ENABLED
04-25 15:43:36.551  1732  4299 D PackageManager: set app  component=com.xiaomi.mipicks/androidx.work.impl.background.systemjob.SystemJobService enabled state: 1 from null,uid=10144,pid=3060
04-25 15:43:36.716  1732  2046 W BroadcastQueue: Background execution not allowed: receiving Intent { act=android.intent.action.DROPBOX_ENTRY_ADDED flg=0x10 (has extras) } to com.google.android.gms/.stats.service.DropBoxEntryAddedReceiver
04-25 15:43:37.572  3060  3305 W BpBinder: Slow Binder: BpBinder transact took 201 ms, interface=com.google.android.gms.measurement.internal.IMeasurementService, code=11 oneway=false
04-25 15:43:38.358  1732  1919 D ColorDisplayService: GlobalSaturationTintController Animation cancelled: false to matrix: 
04-25 15:43:38.358  1732  1919 D ColorDisplayService:        1,000000 0,000000 0,000000 0,000000 0,000000 1,000000 0,000000 0,000000 0,000000 0,000000 1,000000 0,000000 0,000000 0,000000 0,000000 1,000000 min matrix coefficients: 
04-25 15:43:38.358  1732  1919 D ColorDisplayService:        1,000000 0,000000 0,000000 0,000000 0,000000 1,000000 0,000000 0,000000 0,000000 0,000000 1,000000 0,000000 0,000000 0,000000 0,000000 1,000000 max matrix coefficients: 
04-25 15:43:38.358  1732  1919 D ColorDisplayService:        1,000000 0,000000 0,000000 0,000000 0,000000 1,000000 0,000000 0,000000 0,000000 0,000000 1,000000 0,000000 0,000000 0,000000 0,000000 1,000000
04-25 15:43:38.593  1732  4299 I ActivityManager: Background started FGS: Allowed [callingPackage: com.xiaomi.mipicks; callingUid: 10144; uidState: CEM ; intent: Intent { pkg=com.xiaomi.mipicks cmp=com.xiaomi.mipicks/com.xiaomi.market.service.CloudConfigSyncService }; code:SYSTEM_ALERT_WINDOW_PERMISSION; tempAllowListReason:<,reasonCode:SYSTEM_ALLOW_LISTED,duration:9223372036854775807,callingUid:-1>; targetSdkVersion:36; callerTargetSdkVersion:36; startForegroundCount:0; bindFromPackage:null]
04-25 15:43:38.595  1732  2046 I DropBoxManagerService: add tag=system_server_wtf isTagEnabled=true flags=0x2
04-25 15:43:38.603  1732  2046 W DropBoxManagerService: Dropping: system_server_wtf (1348 > 0 bytes)
04-25 15:43:38.617  1732  4299 W ActivityManager: Foreground service started from background can not have location/camera/microphone access: service com.xiaomi.mipicks/com.xiaomi.market.service.CloudConfigSyncService
04-25 15:43:39.871  1732  2348 W MiuiInputKeyEventLog: keyCode:224 down:true eventTime:744871882 downTime:744871882 policyFlags:2000000 flags:8 metaState:0 deviceId:2 isScreenOn:false keyguardActive:true repeatCount:0
04-25 15:43:39.875  1732  2348 I PowerManagerService: Powering on display group fromAsleep (groupId=0, uid=1000, reason=WAKE_REASON_WAKE_KEY, details=android.policy:KEY)...
04-25 15:43:39.875  1732  2348 I PowerManagerService: Waking up from Asleep (uid=1000, reason=WAKE_REASON_WAKE_KEY, details=android.policy:KEY)...
04-25 15:43:39.876  2922  2938 D miui_face: receive waking up with reason
04-25 15:43:39.876  1732  1919 D MiuiPaperContrastOverlayStubImpl: papermode:updateTextureEyeCareLevel, texture eyecare enable:true
04-25 15:43:39.882  1732  2348 W MiuiInputKeyEventLog: keyCode:224 down:false eventTime:744871882 downTime:744871882 policyFlags:22000000 flags:8 metaState:0 deviceId:2 isScreenOn:true keyguardActive:true repeatCount:0
04-25 15:43:39.882  1732  2126 I DisplayPowerController[0]: Blocking screen on until initial contents have been drawn.
04-25 15:43:39.884  2922  2922 D KeyguardViewMediator: notifyDrawn
04-25 15:43:39.885  1732  2126 I AutomaticBrightnessController: AmbientLux=30.982502, mAmbientDarkeningThreshold=15.491251, mAmbientBrighteningThreshold=60.982502
04-25 15:43:39.885  1732  2126 I AutomaticBrightnessControllerImpl: setProximitySensorEnabled enable
04-25 15:43:39.886  1732  2126 D AutomaticBrightnessController: updateAutoBrightness: mScreenAutoBrightness=NaN, newScreenAutoBrightness=0.1358 (checkedAutoBrightness=557), mAmbientLux=30.982502, mUseDaemonSensorInProgress=true
04-25 15:43:39.889  1732  2126 V DisplayPowerController[0]: Brightness [0.1358] reason changing to: 'automatic', previous reason: 'screen_off'.
04-25 15:43:39.889  1732  2126 I AutomaticBrightnessControllerImpl: mProximity=-1, lux=30.982502
04-25 15:43:39.889  1732  2126 I AutomaticBrightnessController: AmbientLux=30.982502, mAmbientDarkeningThreshold=15.491251, mAmbientBrighteningThreshold=60.982502
04-25 15:43:39.889  1732  2126 I AutomaticBrightnessControllerImpl: skip debounce!
04-25 15:43:39.889  1732  2126 I AutomaticBrightnessController: AmbientLux=30.982502, mAmbientDarkeningThreshold=15.491251, mAmbientBrighteningThreshold=60.982502
04-25 15:43:39.891  1732  2620 D LocalDisplayAdapter: setDisplayState(id=4630946688386997377, state=ON)
04-25 15:43:39.892  1732  1919 I DisplayDeviceRepository: Display device changed state: "Layar Built-In", ON
04-25 15:43:39.895  1732  1919 D MiuiPaperContrastOverlayStubImpl: papermode:updateTextureEyeCareLevel, texture eyecare enable:true
04-25 15:43:39.907  1732  1732 D MiuiScreenOnProximityLock: aquire
04-25 15:43:39.909  1732  4139 I BatteryService: current mPlugType2current mHealthInfo.batteryLevel57current mHealthInfo.batteryTemperature367
04-25 15:43:39.913  1732  2075 E KernelCpuUidClusterTimeReader: Negative delta from cluster time for uid: 10203, delta: -2
04-25 15:43:39.914  1732  2075 E KernelCpuUidClusterTimeReader: Negative delta from cluster time for uid: 10220, delta: -6
04-25 15:43:39.918  1732  4721 I WindowManagerService: Physical orientation not applied, rotation=0
04-25 15:43:39.922  1732  1917 I ForceDarkHelperStubImpl: setViewRootImplForceDark: true for , reason: WhiteAppDarkMode
04-25 15:43:39.922  1732  1917 I ForceDarkHelperStubImpl: setViewRootImplForceDark: true for , reason: WhiteAppDarkMode
04-25 15:43:39.923  1732  4813 I WindowManagerService: Physical orientation not applied, rotation=0
04-25 15:43:39.931  1732  1732 D WindowManager:  ACTION_SCREEN_ON truetrue
04-25 15:43:39.933  1732  1917 D WindowManager: Input focus has changed to Window{50f5674 u0 ScreenOnProximitySensorGuide} display=0 updateInputWindows = false
04-25 15:43:39.934  1732  1732 D StorageManagerService: Get the action of screen on
04-25 15:43:39.936   606  3317 D vold    : The trim thread is not running
04-25 15:43:39.936   606  3317 D vold    : idle maintenance stopped
04-25 15:43:39.961  1732  1917 I WindowManagerService: Physical orientation not applied, rotation=0
04-25 15:43:39.962  1732  4805 D WindowManager: finishDrawingLocked: mDrawState=COMMIT_DRAW_PENDING Window{41de6a4 u0 NotificationShade} in Surface(name=NotificationShade)/@0x6456be7
04-25 15:43:39.963  1732  1732 V LocationPolicy: Screen state changed
04-25 15:43:39.968  1732  1732 W ContextImpl: Calling a method in the system process without a qualified user: android.app.ContextImpl.sendBroadcast:1198 com.miui.server.car.MiuiCarService$3.onReceive:307 android.app.LoadedApk$ReceiverDispatcher$Args.lambda$getRunnable$0$LoadedApk$ReceiverDispatcher$Args:1694 android.app.LoadedApk$ReceiverDispatcher$Args$$ExternalSyntheticLambda0.run:2 android.os.Handler.handleCallback:938 
04-25 15:43:39.971  1732  1917 I ForceDarkHelperStubImpl: setViewRootImplForceDark: true for , reason: WhiteAppDarkMode
04-25 15:43:39.984  1732  1917 D WindowManager: finishDrawingLocked: mDrawState=COMMIT_DRAW_PENDING Window{50f5674 u0 ScreenOnProximitySensorGuide} in Surface(name=ScreenOnProximitySensorGuide)/@0xaa01209
04-25 15:43:39.992  1732  2126 I DisplayPowerController[0]: Unblocked screen on after 110 ms
04-25 15:43:40.003  1732  4299 I WindowManagerService: Physical orientation not applied, rotation=0
04-25 15:43:40.078  1732  2587 D DisplayFeatureManager: setScreenEffect displayId=0 mode=23 value=1 cookie=255
04-25 15:43:40.079  1732  2587 D DisplayFeatureManager: setScreenEffect displayId=0 mode=0 value=1 cookie=255
04-25 15:43:40.080  1732  2126 W PowerManagerService: Screen on took 210 ms
04-25 15:43:40.237  1732  1919 D ColorDisplayService: Setting saturation level: 100
04-25 15:43:40.320  1732  4721 D CompatibilityChangeReporter: Compat change id reported: 135634846; UID 10180; state: DISABLED
04-25 15:43:40.320  1732  4721 D CompatibilityChangeReporter: Compat change id reported: 177438394; UID 10180; state: DISABLED
04-25 15:43:40.320  1732  4721 D CompatibilityChangeReporter: Compat change id reported: 135772972; UID 10180; state: DISABLED
04-25 15:43:40.320  1732  4721 D CompatibilityChangeReporter: Compat change id reported: 135754954; UID 10180; state: ENABLED
04-25 15:43:40.321  1732  2047 D CompatibilityChangeReporter: Compat change id reported: 143937733; UID 10180; state: ENABLED
04-25 15:43:40.345  1732  2047 D Boost   : hostingType=content provider, hostingName={com.google.android.apps.messaging/com.google.android.apps.messaging.shared.datamodel.provider.sharedstorage.SharedStorageProvider}, callerPackage=com.google.android.apps.messaging, isSystem=true, isBoostNeeded=false.
04-25 15:43:40.346  1732  2047 I ActivityManager: Start proc 3336:com.google.android.apps.messaging/u0a180 for content provider {com.google.android.apps.messaging/com.google.android.apps.messaging.shared.datamodel.provider.sharedstorage.SharedStorageProvider} caller=com.google.android.apps.messaging
04-25 15:43:40.410  1732  2479 D NsdService: Register service
04-25 15:43:40.410  1732  2479 D NsdService: registerService: 2740 name: {"nm":"POCO X3 NFC","as":"[8194]","ip":"5"}, type: _mi-connect._udp, host: null, port: 56666, txtRecord: idHash=ZGE4
04-25 15:43:40.410  1732  2479 D NsdService: dev=1sec=2apps=[8194]name=POCO X3 NFCflags=Ag==
04-25 15:43:40.410  1732  2479 D NsdService: version=65544commonData=0appsData=AQIEgw==
04-25 15:43:40.411  1732  2479 D NsdService: mdnssd [register, 2740, {"nm":"POCO X3 NFC","as":"[8194]","ip":"5"}, _mi-connect._udp, 56666, DGlkSGFzaD1aR0U0CgVkZXY9MQVzZWM9MgthcHBzPVs4MTk0XRBuYW1lPVBPQ08gWDMgTkZDC2ZsYWdzPUFnPT0KDXZlcnNpb249NjU1NDQMY29tbW9uRGF0YT0wEmFwcHNEYXRhPUFRSUVndz09Cg==]
04-25 15:43:40.414  1732  2479 D NsdService: Register 16 2740
04-25 15:43:40.608  1732  2046 W BroadcastQueue: Background execution not allowed: receiving Intent { act=android.intent.action.DROPBOX_ENTRY_ADDED flg=0x10 (has extras) } to com.google.android.gms/.stats.service.DropBoxEntryAddedReceiver
04-25 15:43:40.790  3336  3336 I ForceDarkHelperStubImpl: initialize for com.google.android.apps.messaging , ForceDarkOrigin
04-25 15:43:40.839  1732  1917 I WindowManagerService: Physical orientation not applied, rotation=0
04-25 15:43:41.052  1732  4805 D PackageManager: set app  component=com.google.android.apps.messaging/com.google.android.ims.binding.SystemBindingService enabled state: 1 from null,uid=10180,pid=3336
04-25 15:43:41.067  1732  4299 D PackageManager: set app  component=com.google.android.apps.messaging/com.google.android.apps.messaging.auto.MessagingTemplateScreenServiceModule enabled state: 1 from null,uid=10180,pid=3336
04-25 15:43:41.113  1732  2479 D NsdService: Native daemon message SERVICE_REGISTERED: 606 2740 "{\"nm\":\"POCO X3 NFC\",\"as\":\"[8194]\",\"ip\":\"5\"}"
04-25 15:43:41.135  1732  1917 D MiuiScreenOnProximityLock: show hint...
04-25 15:43:41.422  1732  1917 D MiuiScreenOnProximityLock: far from the screen for a certain time, release proximity sensor...
04-25 15:43:41.422  1732  1917 D MiuiScreenOnProximityLock: release
04-25 15:43:41.950  1732  1917 D WindowManager: Input focus has changed to Window{41de6a4 u0 NotificationShade} display=0 updateInputWindows = true
04-25 15:43:41.950  1732  1917 I WindowManagerService: Physical orientation not applied, rotation=0
04-25 15:43:42.293  1732  4299 I WindowManagerService: Physical orientation not applied, rotation=0
04-25 15:43:42.299  1732  4813 D FingerprintService: onTransact() code: 18
04-25 15:43:42.300  1732  4721 D FingerprintService: onTransact() code: 22
04-25 15:43:42.303  1732  2046 I DropBoxManagerService: add tag=system_server_wtf isTagEnabled=true flags=0x2
04-25 15:43:42.306  1732  2046 W DropBoxManagerService: Dropping: system_server_wtf (1247 > 0 bytes)
04-25 15:43:42.308  1732  2046 I DropBoxManagerService: add tag=system_server_wtf isTagEnabled=true flags=0x2
04-25 15:43:42.310  1732  2046 W DropBoxManagerService: Dropping: system_server_wtf (1247 > 0 bytes)
04-25 15:43:43.246  1732  1919 D ColorDisplayService: GlobalSaturationTintController Animation cancelled: false to matrix: 
04-25 15:43:43.246  1732  1919 D ColorDisplayService:        1,000000 0,000000 0,000000 0,000000 0,000000 1,000000 0,000000 0,000000 0,000000 0,000000 1,000000 0,000000 0,000000 0,000000 0,000000 1,000000 min matrix coefficients: 
04-25 15:43:43.246  1732  1919 D ColorDisplayService:        1,000000 0,000000 0,000000 0,000000 0,000000 1,000000 0,000000 0,000000 0,000000 0,000000 1,000000 0,000000 0,000000 0,000000 0,000000 1,000000 max matrix coefficients: 
04-25 15:43:43.246  1732  1919 D ColorDisplayService:        1,000000 0,000000 0,000000 0,000000 0,000000 1,000000 0,000000 0,000000 0,000000 0,000000 1,000000 0,000000 0,000000 0,000000 0,000000 1,000000
04-25 15:43:43.602  1732  4299 D LockSettingsService: spBasedDoVerifyCredential: user=0 hasEnrolledBiometrics=true
04-25 15:43:43.673  2922  2922 I miui_keyguard_password: pattern unlock duration 73, user: 0
04-25 15:43:43.673  1732  4805 D PerfShielderService: com.android.systemui|com.android.systemui-Not-1939607582|505|744874871560092|29|5|39
04-25 15:43:43.674 14968  5601 W MiuiPerfServiceClient: interceptAndQueuing:2922|com.android.systemui|505|29|744874871560092|Slow issue draw commands|39
04-25 15:43:43.674  1732  4805 D PerfShielderService: com.android.systemui|com.android.systemui-Not-1939607582|719|744875684978841|28|5|57
04-25 15:43:43.675 14968  5601 W MiuiPerfServiceClient: interceptAndQueuing:2922|com.android.systemui|719|28|744875684978841|Slow issue draw commands|57
04-25 15:43:43.675  2922  2922 D KeyguardViewMediator: tryKeyguardDone: pending - false, animRan - false animRunning - false
04-25 15:43:43.676  2922  2922 W miui_keyguard: unlock keyguard by pw
04-25 15:43:43.693  1732  2366 D BiometricDeferredQueue: Fingerprint addPendingLockoutResetForUser: 0
04-25 15:43:43.734  1732  4299 I LockSettingsService: Unlocking user 0 with secret only, length 32
