04-25 15:42:32.101  1488 15122 D BufferPoolAccessor2.0: bufferpool2 0xf785fa98 : 0(0 size) total buffers - 0(0 size) used buffers - 76/84 (recycle/alloc) - 8/164 (fetch/transfer)
04-25 15:42:32.101  1488 15122 D BufferPoolAccessor2.0: Destruction - bufferpool2 0xf785fa98 cached: 0/0M, 0/0% in use; allocs: 84, 90% recycled; transfers: 164, 95% unfetched
04-25 15:42:32.103  1488  2723 I CCodec  : Created component [c2.android.raw.decoder]
04-25 15:42:32.104  1488  2723 D CCodecConfig: read media type: audio/raw
04-25 15:42:32.111  1488  2723 D ReflectedParamUpdater: extent() != 1 for single value type: algo.buffers.max-count.values
04-25 15:42:32.112  1488  2723 D ReflectedParamUpdater: extent() != 1 for single value type: output.subscribed-indices.values
04-25 15:42:32.112  1488  2723 D ReflectedParamUpdater: extent() != 1 for single value type: input.buffers.allocator-ids.values
04-25 15:42:32.113  1488  2723 D ReflectedParamUpdater: extent() != 1 for single value type: output.buffers.allocator-ids.values
04-25 15:42:32.113  1488  2723 D ReflectedParamUpdater: extent() != 1 for single value type: algo.buffers.allocator-ids.values
04-25 15:42:32.113  1488  2723 D ReflectedParamUpdater: extent() != 1 for single value type: output.buffers.pool-ids.values
04-25 15:42:32.114  1488  2723 D ReflectedParamUpdater: extent() != 1 for single value type: algo.buffers.pool-ids.values
04-25 15:42:32.119  1488  2723 I CCodecConfig: query failed after returning 8 values (BAD_INDEX)
04-25 15:42:32.119  1488  2723 D CCodecConfig: c2 config diff is Dict {
04-25 15:42:32.119  1488  2723 D CCodecConfig:   c2::u32 coded.bitrate.value = 64000
04-25 15:42:32.119  1488  2723 D CCodecConfig:   c2::u32 input.buffers.max-size.value = 65536
04-25 15:42:32.119  1488  2723 D CCodecConfig:   c2::u32 input.delay.value = 0
04-25 15:42:32.119  1488  2723 D CCodecConfig:   string input.media-type.value = "audio/raw"
04-25 15:42:32.119  1488  2723 D CCodecConfig:   string output.media-type.value = "audio/raw"
04-25 15:42:32.119  1488  2723 D CCodecConfig:   c2::u32 raw.channel-count.value = 2
04-25 15:42:32.119  1488  2723 D CCodecConfig:   c2::u32 raw.pcm-encoding.value = 0
04-25 15:42:32.119  1488  2723 D CCodecConfig:   c2::u32 raw.sample-rate.value = 44100
04-25 15:42:32.119  1488  2723 D CCodecConfig: }
04-25 15:42:32.123  1488  2723 D MediaCodec: flushMediametrics
04-25 15:42:32.123  1488  2723 D CCodec  : [c2.android.raw.decoder] buffers are bound to CCodec for this session
04-25 15:42:32.123  1488  2723 D CCodecConfig: no c2 equivalents for durationUs
04-25 15:42:32.124  1488  2723 D CCodecConfig: no c2 equivalents for language
04-25 15:42:32.124  1488  2723 D CCodecConfig: no c2 equivalents for bits-per-sample
04-25 15:42:32.124  1488  2723 D CCodecConfig: no c2 equivalents for channel-mask
04-25 15:42:32.124  1488  2723 D CCodecConfig: no c2 equivalents for file-format
04-25 15:42:32.124  1488  2723 D CCodecConfig: no c2 equivalents for flags
04-25 15:42:32.125  1559 21979 E Codec2-ComponentInterface: We have a failed config
04-25 15:42:32.125  1488  2723 D CCodecConfig: config failed => CORRUPTED
04-25 15:42:32.126  1488  2723 W Codec2Client: query -- param skipped: index = 1107298332.
04-25 15:42:32.126  1488  2723 D CCodec  : client requested max input size 32768, which is smaller than what component recommended (65536); overriding with component recommendation.
04-25 15:42:32.126  1488  2723 W CCodec  : This behavior is subject to change. It is recommended that app developers double check whether the requested max input size is in reasonable range.
04-25 15:42:32.126  1488  2723 D CCodec  : setup formats input: AMessage(what = 0x00000000) = {
04-25 15:42:32.126  1488  2723 D CCodec  :   int32_t android._codec-pcm-encoding = 2
04-25 15:42:32.126  1488  2723 D CCodec  :   int32_t bitrate = 64000
04-25 15:42:32.126  1488  2723 D CCodec  :   int32_t channel-count = 2
04-25 15:42:32.126  1488  2723 D CCodec  :   int32_t max-input-size = 65536
04-25 15:42:32.126  1488  2723 D CCodec  :   string mime = "audio/raw"
04-25 15:42:32.126  1488  2723 D CCodec  :   int32_t pcm-encoding = 2
04-25 15:42:32.126  1488  2723 D CCodec  :   int32_t sample-rate = 44100
04-25 15:42:32.126  1488  2723 D CCodec  : }
04-25 15:42:32.126  1488  2723 D CCodec  : setup formats output: AMessage(what = 0x00000000) = {
04-25 15:42:32.126  1488  2723 D CCodec  :   int32_t android._codec-pcm-encoding = 2
04-25 15:42:32.126  1488  2723 D CCodec  :   int32_t channel-count = 2
04-25 15:42:32.126  1488  2723 D CCodec  :   string mime = "audio/raw"
04-25 15:42:32.126  1488  2723 D CCodec  :   int32_t pcm-encoding = 2
04-25 15:42:32.126  1488  2723 D CCodec  :   int32_t sample-rate = 44100
04-25 15:42:32.126  1488  2723 D CCodec  :   int32_t channel-mask = 0
04-25 15:42:32.126  1488  2723 D CCodec  :   int32_t android._config-pcm-encoding = 2
04-25 15:42:32.126  1488  2723 D CCodec  : }
04-25 15:42:32.126  1488  2723 I CCodecConfig: query failed after returning 8 values (BAD_INDEX)
04-25 15:42:32.128  1488  2723 I MediaCodec: MediaCodec will operate in async mode
04-25 15:42:32.128  1488  2722 D MediaCodec: keep callback message for reclaim
04-25 15:42:32.130  1488  2723 W Codec2Client: query -- param skipped: index = 1342179345.
04-25 15:42:32.130  1488  2723 W Codec2Client: query -- param skipped: index = 2415921170.
04-25 15:42:32.133  1559  8025 D BufferPoolAccessor2.0: bufferpool2 0xb400006f9385a428 : 0(0 size) total buffers - 0(0 size) used buffers - 217/222 (recycle/alloc) - 5/221 (fetch/transfer)
04-25 15:42:32.133  1559  8025 D BufferPoolAccessor2.0: Destruction - bufferpool2 0xb400006f9385a428 cached: 0/0M, 0/0% in use; allocs: 222, 98% recycled; transfers: 221, 98% unfetched
04-25 15:42:32.133  1559  8025 D BufferPoolAccessor2.0: bufferpool2 0xb400006f93801e28 : 0(0 size) total buffers - 0(0 size) used buffers - 72/76 (recycle/alloc) - 4/75 (fetch/transfer)
04-25 15:42:32.134  1559  8025 D BufferPoolAccessor2.0: Destruction - bufferpool2 0xb400006f93801e28 cached: 0/0M, 0/0% in use; allocs: 76, 95% recycled; transfers: 75, 95% unfetched
04-25 15:42:32.134  1488  2723 D CCodecBufferChannel: [c2.android.raw.decoder#835] Created input block pool with allocatorID 16 => poolID 2479 - OK (0)
04-25 15:42:32.134  1559  9777 D BufferPoolAccessor2.0: bufferpool2 0xb400006f95779828 : 0(0 size) total buffers - 0(0 size) used buffers - 77/80 (recycle/alloc) - 3/79 (fetch/transfer)
04-25 15:42:32.134  1559  9777 D BufferPoolAccessor2.0: Destruction - bufferpool2 0xb400006f95779828 cached: 0/0M, 0/0% in use; allocs: 80, 96% recycled; transfers: 79, 96% unfetched
04-25 15:42:32.137  1488  2723 I CCodecBufferChannel: [c2.android.raw.decoder#835] Created output block pool with allocatorID 16 => poolID 9156 - OK
04-25 15:42:32.138  1488  2723 D CCodecBufferChannel: [c2.android.raw.decoder#835] Configured output block pool ids 9156 => OK
04-25 15:42:32.138  1559  3367 E Codec2-ComponentInterface: We have a failed config
04-25 15:42:32.139  1488  2723 D CCodecBufferChannel: [c2.android.raw.decoder#835] start: updating output delay 0
04-25 15:42:32.143  1559  2724 D SimpleC2Component: Using output block pool with poolID 9156 => got 9156 - 0
04-25 15:42:32.154  1488  2722 I ExtendedNuUtils: Overriding bit-width: with src value 16
04-25 15:42:32.155  1488  2722 I ExtendedNuUtils: Overriding durationUs: with 64 bit src value 1329000
04-25 15:42:32.155  1488  2722 I ExtendedNuUtils: Both src and dst missing for channel-mask
04-25 15:42:32.171  1103  4112 D APM_AudioPolicyManager: getOutputForAttrInt() attributes={ Content type: AUDIO_CONTENT_TYPE_SONIFICATION Usage: AUDIO_USAGE_NOTIFICATION Source: AUDIO_SOURCE_INVALID Flags: 0x800 Tags:  } stream=AUDIO_STREAM_NOTIFICATION session 43393 selectedDeviceId 0
04-25 15:42:32.172  1103  4112 D APM_AudioPolicyManager: getOutputForAttrInt() device {type:0x2,@:}, sampling rate 44100, format 0x1, channel mask 0x3, flags 0x2 stream AUDIO_STREAM_NOTIFICATION
04-25 15:42:32.172   989 29104 D audio_hw_primary: adev_get_parameters:vr_audio_mode_on
04-25 15:42:32.173   989 29104 I audio_hw_primary: getting vr mode to 0
04-25 15:42:32.173   989 29104 D audio_hw_primary: adev_get_parameters: exit: returns - vr_audio_mode_on=false
04-25 15:42:32.173  1103  4112 I hash_map_utils: system/bt/osi/src/hash_map_utils.cc:81 hash_map_utils_dump_string_keys_string_values: key: 'vr_audio_mode_on' value: ''
04-25 15:42:32.176  1103  4112 D APM_AudioPolicyManager: getOutputForAttrInt returns output 13 selectedDeviceId 3
04-25 15:42:32.178  1103  4112 D APM_AudioPolicyManager: getOutputForAttr() returns output 13 requestedPortId 0 selectedDeviceId 3 for port ID 6454
04-25 15:42:32.179  1103  4112 D AudioFlinger: Client defaulted notificationFrames to 11025 for frameCount 22050
04-25 15:42:32.183  1103  4112 D AF::TrackHandle: OpPlayAudio: track:6330 usage:5 not muted
04-25 15:42:32.199  1103  1517 W AudioFlinger: The package name(android) provided does not correspond to the uid 1041
04-25 15:42:32.207   989  1981 I EffectsFactory: EffectCreate() create_effect
04-25 15:42:32.212   989 29104 D audio_hw_primary: out_set_parameters: enter: usecase(1: low-latency-playback) kvpairs: appname=+com.android.inputdevices
04-25 15:42:32.213   989 29104 D audio_hw_extn: audio_extn_fm_set_parameters: Enter
04-25 15:42:32.213   989 29104 D audio_hw_hfp: hfp_set_parameters: enter
04-25 15:42:32.214  1103  1517 D APM_AudioPolicyManager: startOutput() output 13, stream 5, session 43393 appname com.android.inputdevices
04-25 15:42:32.214  1103  1517 D APM_AudioPolicyManager: getNewOutputDevices selected devices {type:0x2,@:}
04-25 15:42:32.215  1103  1517 D APM_AudioPolicyManager: setOutputDevices device {type:0x2,@:} delayMs 0
04-25 15:42:32.215  1103  1517 D APM_AudioPolicyManager: setOutputDevices() prevDevice {type:0x2,@:}
04-25 15:42:32.215  1103  1517 D APM_AudioPolicyManager: setOutputDevices setting same device {type:0x2,@:} or null device, force=0, patch handle=4
04-25 15:42:32.216  1103  4112 E AudioFlinger: open /proc/1488/cmdline error
04-25 15:42:32.216  1103  4112 I AudioFlinger: setAppName(), name=[], active=[1]
04-25 15:42:32.216   989 29104 V EffectMiSound: MiSound_command() start, cmdCode=24
04-25 15:42:32.216   989 29104 V EffectMiSound: MiSound_Command EFFECT_CMD_SET_APP_NAME: stream=5, name=+
04-25 15:42:32.221   989  1981 E volume_listener: check_and_set_gain_dep_cal: Failed to set gain dep cal level
04-25 15:42:32.221   989  2598 D audio_hw_primary: start_output_stream: enter: stream(0xea5d7000)usecase(1: low-latency-playback) devices(0x2) is_haptic_usecase(0)
04-25 15:42:32.214   989   989 W writer  : type=1400 audit(0.0:1431162): avc: denied { read } for name="u:object_r:default_prop:s0" dev="tmpfs" ino=2226 scontext=u:r:hal_audio_default:s0 tcontext=u:object_r:default_prop:s0 tclass=file permissive=0
04-25 15:42:32.222   989  2598 D audio_hw_primary: select_devices for use case (low-latency-playback)
04-25 15:42:32.222   989  2598 I msm8974_platform: platform_check_and_set_codec_backend_cfg:becf: afe: bitwidth 24, samplerate 48000 channels 2, backend_idx 4 usecase = 1 device (speaker)
04-25 15:42:32.222   989  2598 D msm8974_platform: platform_split_snd_device: snd_device(2) num devices(1) new_snd_devices(0)
04-25 15:42:32.222   989  2598 I msm8974_platform: platform_check_and_set_codec_backend_cfg: new_snd_devices[0] is 2
04-25 15:42:32.222   989  2598 I msm8974_platform: platform_check_codec_backend_cfg:becf: afe: bitwidth 24, samplerate 48000 channels 2, backend_idx 4 usecase = 1 device (speaker)
04-25 15:42:32.224   989  2598 D audio_hw_extn: audio_extn_enable_hifi_filter: mixer_value set 0
04-25 15:42:32.224   989  2598 D msm8974_platform: platform_check_codec_backend_cfg:becf: updated afe: bitwidth 24, samplerate 48000 channels 2,backend_idx 4 usecase = 1 device (speaker)
04-25 15:42:32.224   989  2598 D msm8974_platform: platform_check_codec_backend_cfg:becf: afe: reset bitwidth to 24 (based on supported value for this platform)
04-25 15:42:32.224   989  2598 D msm8974_platform: platform_check_codec_backend_cfg:becf: afe: playback on codec device not supporting native playback set default Sample Rate(48k)
04-25 15:42:32.224   989  2598 I msm8974_platform: platform_check_codec_backend_cfg:becf: afe: Codec selected backend: 4 updated bit width: 24 and sample rate: 48000
04-25 15:42:32.224   989  2598 D audio_hw_primary: check_usecases_codec_backend:becf: force routing 0
04-25 15:42:32.224   989  2598 E msm8974_platform: platform_check_backends_match: Invalid snd_device = 
04-25 15:42:32.224   989  2598 D audio_hw_primary: check_usecases_codec_backend:becf: (79) check_usecases curr device: speaker, usecase device: backends match 0
04-25 15:42:32.224   989  2598 D audio_hw_primary: check_usecases_codec_backend:becf: check_usecases num.of Usecases to switch 0
04-25 15:42:32.225   989  2598 D hardware_info: hw_info_append_hw_type : device_name = speaker
04-25 15:42:32.225   989  2598 W libc    : Access denied finding property "tas.smartpa.debug.disable"
04-25 15:42:32.225   989  2598 D soundtrigger: audio HAL using same device 246 as ST
04-25 15:42:32.225   989  2598 D soundtrigger: audio_extn_sound_trigger_update_stream_status: uc_info->id 78 of type 1 for Event 3, with Raise=0
04-25 15:42:32.225   989  2598 D audio_hw_utils: audio_extn_utils_send_app_type_cfg: usecase->in_snd_device (null)
04-25 15:42:32.225   989  2598 E voice   : voice_is_in_call_rec_stream: input stream is NULL
04-25 15:42:32.225   989  2598 D msm8974_platform: platform_split_snd_device: snd_device(246) num devices(0) new_snd_devices(0)
04-25 15:42:32.225   989  2598 E audio_hw_utils: send_app_type_cfg_for_device: Could not get ctl for mixer cmd - Audio Stream Capture 37 App Type Cfg
04-25 15:42:32.225   989  2598 D msm8974_platform: platform_split_snd_device: snd_device(246) num devices(1) new_snd_devices(0)
04-25 15:42:32.225   989  2598 D ACDB-LOADER: ACDB -> send_audio_cal, acdb_id = 102, path = 1, app id = 0x11132, sample rate = 48000, afe_sample_rate = 48000
04-25 15:42:32.225   989  2598 D ACDB-LOADER: ACDB -> send_asm_topology
04-25 15:42:32.225   989  2598 D ACDB-LOADER: ACDB -> ACDB_CMD_GET_AUDPROC_STREAM_TOPOLOGY_ID
04-25 15:42:32.225   989  2598 D ACDB-LOADER: ACDB -> send_adm_topology
04-25 15:42:32.225   989  2598 D ACDB-LOADER: ACDB -> ACDB_CMD_GET_AUDPROC_COMMON_TOPOLOGY_ID
04-25 15:42:32.226   989  2598 D ACDB-LOADER: ACDB -> send_audtable
04-25 15:42:32.226   989  2598 D ACDB-LOADER: ACDB -> ACDB_CMD_GET_AUDPROC_INSTANCE_COMMON_TABLE_SIZE
04-25 15:42:32.226   989  2598 D ACDB-LOADER: ACDB -> ACDB_CMD_GET_AUDPROC_INSTANCE_COMMON_TABLE
04-25 15:42:32.226   989  2598 D ACDB-LOADER: ACDB -> AUDIO_SET_AUDPROC_CAL cal_type[11] acdb_id[102] app_type[69938]
04-25 15:42:32.226   989  2598 D ACDB-LOADER: ACDB -> ACDB_CMD_GET_AUDPROC_INSTANCE_STREAM_TABLE_SIZE
04-25 15:42:32.226   989  2598 D ACDB-LOADER: ACDB -> send_audstrmtable
04-25 15:42:32.226   989  2598 D ACDB-LOADER: ACDB -> ACDB_CMD_GET_AUDPROC_INSTANCE_STREAM_TABLE
04-25 15:42:32.226   989  2598 D ACDB-LOADER: ACDB -> audstrm_cal->cal_type.cal_data.cal_size = 20
04-25 15:42:32.226   989  2598 D ACDB-LOADER: ACDB -> send_afe_topology
04-25 15:42:32.226   989  2598 D ACDB-LOADER: ACDB -> ACDB_CMD_GET_AFE_TOPOLOGY_ID
04-25 15:42:32.226   989  2598 D ACDB-LOADER: ACDB -> GET_AFE_TOPOLOGY_ID for adcd_id 102, Topology Id 1001025c
04-25 15:42:32.226   989  2598 D ACDB-LOADER: ACDB -> send_afe_cal
04-25 15:42:32.226   989  2598 D ACDB-LOADER: ACDB -> ACDB_CMD_GET_AFE_INSTANCE_COMMON_TABLE_SIZE
04-25 15:42:32.226   989  2598 D ACDB-LOADER: ACDB -> ACDB_CMD_GET_AFE_INSTANCE_COMMON_TABLE
04-25 15:42:32.226   989  2598 D ACDB-LOADER: ACDB -> AUDIO_SET_AFE_CAL cal_type[17] acdb_id[102]
04-25 15:42:32.226   989  2598 D ACDB-LOADER: ACDB -> send_hw_delay : acdb_id = 102 path = 1
04-25 15:42:32.226   989  2598 D ACDB-LOADER: ACDB -> ACDB_AVSYNC_INFO: ACDB_CMD_GET_DEVICE_PROPERTY
04-25 15:42:32.226   989  2598 D audio_hw_primary: enable_audio_route: apply mixer and update path: tas-iv-capture
04-25 15:42:32.226   989  2598 D audio_route: Apply path: tas-iv-capture
04-25 15:42:32.232  1541  1705 I adsprpcd: vendor/qcom/proprietary/adsprpc/src/apps_std_imp.c:868: Successfully opened file /vendor/lib/rfsa/adsp/tas25xx_TI_0.bin
04-25 15:42:32.272  1541  1705 W adsprpcd: vendor/qcom/proprietary/adsprpc/src/apps_std_imp.c:881: Warning: apps_std_fopen_with_env failed with 0x2 for __tisa3p0_modules_control.conf (No such file or directory)
04-25 15:42:32.276   989  2598 V TI-SmartPA: TAS25XX_SMARTPA_ENABLE:  1
04-25 15:42:32.274   989   989 W writer  : type=1400 audit(0.0:1431163): avc: denied { read } for name="u:object_r:default_prop:s0" dev="tmpfs" ino=2226 scontext=u:r:hal_audio_default:s0 tcontext=u:object_r:default_prop:s0 tclass=file permissive=0
04-25 15:42:32.274   989   989 W writer  : type=1400 audit(0.0:1431164): avc: denied { read } for name="u:object_r:default_prop:s0" dev="tmpfs" ino=2226 scontext=u:r:hal_audio_default:s0 tcontext=u:object_r:default_prop:s0 tclass=file permissive=0
04-25 15:42:32.280   989  2598 V TI-SmartPA: TAS25XX_ALGO_PROFILE:  1
04-25 15:42:32.280   989  2598 I TI-SmartPA: tas_spk_prot_process: enable_sa_path done!!
04-25 15:42:32.280   989  2598 W libc    : Access denied finding property "tas.smartpa.debug.txdevice"
04-25 15:42:32.280   989  2598 I TI-SmartPA: tas_spk_prot_process: Using PCM device 37
04-25 15:42:32.280   989  2598 W libc    : Access denied finding property "tas.smartpa.debug.txformat24"
04-25 15:42:32.282   989  2598 V TI-SmartPA: TERT_MI2S_TX Format: S24_LE 0
04-25 15:42:32.282   989  2598 E TI-SmartPA: Using 24 bit playback
04-25 15:42:32.282   989  2598 I TI-SmartPA: tas_spk_prot_process: Tx format = 24 bit
04-25 15:42:32.303   989  2598 I TI-SmartPA: tas_spk_prot_process: Feedback Enabled Successfully
04-25 15:42:32.303   989  2598 D msm8974_platform: platform_split_snd_device: snd_device(2) num devices(0) new_snd_devices(0)
04-25 15:42:32.303   989  2598 D audio_hw_primary: enable_snd_device: snd_device(2: speaker)
04-25 15:42:32.303   989  2598 D msm8974_platform: platform_get_island_cfg_on_device:island cfg status on snd_device = (speaker 0)
04-25 15:42:32.303   989  2598 I soundtrigger: audio_extn_sound_trigger_update_device_status: device 0x2 of type 0 for Event 1, with Raise=0
04-25 15:42:32.303   989  2598 D audio_route: Apply path: speaker
04-25 15:42:32.317   989  2598 I audio_hw_utils: audio_extn_utils_update_stream_output_app_type_cfg Allowing 24 and above bits playback on speaker ONLY at default sampling rate
04-25 15:42:32.317   989  2598 E soundtrigger: audio_extn_sound_trigger_update_stream_status: invalid input device 0x0, for event 3
04-25 15:42:32.317   989  2598 D soundtrigger: audio_extn_sound_trigger_update_stream_status: uc_info->id 1 of type 0 for Event 3, with Raise=0
04-25 15:42:32.317   989  2598 D audio_hw_utils: audio_extn_utils_send_app_type_cfg: usecase->out_snd_device speaker
04-25 15:42:32.317   989  2598 D msm8974_platform: platform_split_snd_device: snd_device(2) num devices(0) new_snd_devices(0)
04-25 15:42:32.318   989  2598 D audio_hw_utils: audio_extn_btsco_get_sample_rate:Not a BT SCO device, need not update sampling rate
04-25 15:42:32.318   989  2598 I audio_hw_utils: send_app_type_cfg_for_device PLAYBACK app_type 69937, acdb_dev_id 10011, sample_rate 48000, snd_device_be_idx 45
04-25 15:42:32.319   989  2598 D msm8974_platform: platform_split_snd_device: snd_device(2) num devices(1) new_snd_devices(0)
04-25 15:42:32.319   989  2598 D audio_hw_utils: audio_extn_btsco_get_sample_rate:Not a BT SCO device, need not update sampling rate
04-25 15:42:32.319   989  2598 D ACDB-LOADER: ACDB -> send_audio_cal, acdb_id = 10011, path = 0, app id = 0x11131, sample rate = 48000, afe_sample_rate = 48000
04-25 15:42:32.319   989  2598 D ACDB-LOADER: ACDB -> send_asm_topology
04-25 15:42:32.319   989  2598 D ACDB-LOADER: ACDB -> ACDB_CMD_GET_AUDPROC_STREAM_TOPOLOGY_ID
04-25 15:42:32.319   989  2598 D ACDB-LOADER: ACDB -> send_adm_topology
04-25 15:42:32.319   989  2598 D ACDB-LOADER: ACDB -> ACDB_CMD_GET_AUDPROC_COMMON_TOPOLOGY_ID
04-25 15:42:32.319   989  2598 D ACDB-LOADER: ACDB -> send_audtable
04-25 15:42:32.319   989  2598 D ACDB-LOADER: ACDB -> ACDB_CMD_GET_AUDPROC_INSTANCE_COMMON_TABLE_SIZE
04-25 15:42:32.319   989  2598 D ACDB-LOADER: ACDB -> ACDB_CMD_GET_AUDPROC_INSTANCE_COMMON_TABLE
04-25 15:42:32.319   989  2598 D ACDB-LOADER: ACDB -> AUDIO_SET_AUDPROC_CAL cal_type[11] acdb_id[10011] app_type[69937]
04-25 15:42:32.319   989  2598 D ACDB-LOADER: ACDB -> send_audvoltable
04-25 15:42:32.319   989  2598 D ACDB-LOADER: ACDB -> ACDB_CMD_GET_AUDPROC_INSTANCE_GAIN_DEP_STEP_TABLE_SIZE
04-25 15:42:32.319   989  2598 D android.hardware.audio.service: Failed to fetch the lookup information of the device 0000271B 
04-25 15:42:32.319   989  2598 D ACDB-LOADER: Error: ACDB_CMD_GET_AUDPROC_INSTANCE_GAIN_DEP_STEP_TABLE_SIZE Returned = -19
04-25 15:42:32.319   989  2598 D ACDB-LOADER: ACDB -> ACDB_CMD_GET_AUDPROC_INSTANCE_GAIN_DEP_STEP_TABLE, vol index 0
04-25 15:42:32.319   989  2598 D android.hardware.audio.service: Failed to fetch the lookup information of the device 0000271B 
04-25 15:42:32.319   989  2598 D ACDB-LOADER: Error: ACDB AudProc vol returned = -19
04-25 15:42:32.319   989  2598 D ACDB-LOADER: ACDB -> AUDIO_SET_VOL_CAL cal type = 12
04-25 15:42:32.319   989  2598 D ACDB-LOADER: ACDB -> ACDB_CMD_GET_AUDPROC_INSTANCE_STREAM_TABLE_SIZE
04-25 15:42:32.319   989  2598 D ACDB-LOADER: ACDB -> send_audstrmtable
04-25 15:42:32.319   989  2598 D ACDB-LOADER: ACDB -> ACDB_CMD_GET_AUDPROC_INSTANCE_STREAM_TABLE
04-25 15:42:32.319   989  2598 D ACDB-LOADER: ACDB -> audstrm_cal->cal_type.cal_data.cal_size = 20
04-25 15:42:32.319   989  2598 D ACDB-LOADER: ACDB -> send_afe_topology
04-25 15:42:32.319   989  2598 D ACDB-LOADER: ACDB -> ACDB_CMD_GET_AFE_TOPOLOGY_ID
04-25 15:42:32.319   989  2598 D ACDB-LOADER: ACDB -> GET_AFE_TOPOLOGY_ID for adcd_id 10011, Topology Id 112fc
04-25 15:42:32.319   989  2598 D ACDB-LOADER: ACDB -> send_afe_cal
04-25 15:42:32.319   989  2598 D ACDB-LOADER: ACDB -> ACDB_CMD_GET_AFE_INSTANCE_COMMON_TABLE_SIZE
04-25 15:42:32.319   989  2598 D android.hardware.audio.service: Failed to fetch the lookup information of the device 0000271B 
04-25 15:42:32.320   989  2598 D ACDB-LOADER: Error: ACDB_CMD_GET_AFE_INSTANCE_COMMON_TABLE_SIZE Returned = -19
04-25 15:42:32.320   989  2598 D ACDB-LOADER: ACDB -> ACDB_CMD_GET_AFE_INSTANCE_COMMON_TABLE
04-25 15:42:32.320   989  2598 D android.hardware.audio.service: Failed to fetch the lookup information of the device 0000271B 
04-25 15:42:32.320   989  2598 D ACDB-LOADER: Error: ACDB AFE returned = -19
04-25 15:42:32.320   989  2598 D ACDB-LOADER: ACDB -> AUDIO_SET_AFE_CAL cal_type[16] acdb_id[10011]
04-25 15:42:32.320   989  2598 D ACDB-LOADER: ACDB -> send_hw_delay : acdb_id = 10011 path = 0
04-25 15:42:32.320   989  2598 D ACDB-LOADER: ACDB -> ACDB_AVSYNC_INFO: ACDB_CMD_GET_DEVICE_PROPERTY
04-25 15:42:32.320   989  2598 D msm8974_platform: platform_split_snd_device: snd_device(2) num devices(0) new_snd_devices(0)
04-25 15:42:32.320   989  2598 I msm8974_platform: platform_get_custom_mtmx_params: no matching param with id 0 ip_ch 2 op_ch 2 uc_id 1 snd_dev 2
04-25 15:42:32.320   989  2598 D audio_hw_primary: enable_audio_route: apply mixer and update path: low-latency-playback speaker
04-25 15:42:32.320   989  2598 D audio_route: Apply path: low-latency-playback speaker
04-25 15:42:32.322   989  2598 D audio_hw_primary: select_devices: done
04-25 15:42:32.356  1046  1046 D vendor.hardware.vibratorfeature: QTI Vibrator off
04-25 15:42:32.356  1046  1046 D DynamicEffectThread: pause
04-25 15:42:32.356  1046  1046 D DynamicEffectDevice: FFDevice pause
04-25 15:42:32.357   989  2598 D msm8974_platform: platform_set_channel_map mixer_ctl_name:Playback Channel Map13
04-25 15:42:32.357   989  2598 D msm8974_platform: platform_set_channel_map: set mapping(1 2 0 0 0 0 0 0) for channel:2
04-25 15:42:32.358  1046  2720 D vendor.hardware.vibratorfeature: Notifying on complete
04-25 15:42:32.359   989  2598 D audio_hw_primary: start_output_stream: exit
04-25 15:42:32.359   989  2598 D msm8974_platform: Setting audio calibration for snd_device(2) acdb_id(10011)
04-25 15:42:32.359   989  2598 E ACDB-LOADER: [acdb_loader_adsp_set_audio_cal] active device/stream not found (result=-100) for topology 0x1000a100 and apptype 0x11134
04-25 15:42:32.359   989  2598 E ACDB-LOADER: [acdb_loader_adsp_set_audio_cal] set parameters failed with status -100
04-25 15:42:32.359   989  2598 D audio_hw_hfp: hfp_set_parameters: enter
04-25 15:42:32.359   989  2598 D msm8974_platform: Setting audio calibration for snd_device(2) acdb_id(10011)
04-25 15:42:32.359   989  2598 E ACDB-LOADER: [acdb_loader_adsp_set_audio_cal] active device/stream not found (result=-100) for topology 0x1000a106 and apptype 0x11134
04-25 15:42:32.359   989  2598 E ACDB-LOADER: [acdb_loader_adsp_set_audio_cal] set parameters failed with status -100
04-25 15:42:32.359   989  2598 D audio_hw_hfp: hfp_set_parameters: enter
04-25 15:42:32.359   989  2598 D msm8974_platform: Setting audio calibration for snd_device(2) acdb_id(10011)
04-25 15:42:32.359   989  2598 E ACDB-LOADER: [acdb_loader_adsp_set_audio_cal] active device/stream not found (result=-100) for topology 0x1000a106 and apptype 0x11131
04-25 15:42:32.359   989  2598 E ACDB-LOADER: [acdb_loader_adsp_set_audio_cal] set parameters failed with status -100
04-25 15:42:32.359   989  2598 D audio_hw_hfp: hfp_set_parameters: enter
04-25 15:42:32.359   989  2598 D audio_hw_primary: out_write: retry previous failed cal level set
04-25 15:42:32.359   989  2598 D msm8974_platform: platform_split_snd_device: snd_device(2) num devices(1) new_snd_devices(0)
04-25 15:42:32.359   989  2598 D ACDB-LOADER: ACDB -> send_audvoltable
04-25 15:42:32.359   989  2598 D ACDB-LOADER: ACDB -> ACDB_CMD_GET_AUDPROC_INSTANCE_GAIN_DEP_STEP_TABLE_SIZE
04-25 15:42:32.360   989  2598 D android.hardware.audio.service: Failed to fetch the lookup information of the device 0000271B 
04-25 15:42:32.360   989  2598 D ACDB-LOADER: Error: ACDB_CMD_GET_AUDPROC_INSTANCE_GAIN_DEP_STEP_TABLE_SIZE Returned = -19
04-25 15:42:32.360   989  2598 D ACDB-LOADER: ACDB -> ACDB_CMD_GET_AUDPROC_INSTANCE_GAIN_DEP_STEP_TABLE, vol index 5
04-25 15:42:32.360   989  2598 D android.hardware.audio.service: Failed to fetch the lookup information of the device 0000271B 
04-25 15:42:32.360   989  2598 D ACDB-LOADER: Error: ACDB AudProc vol returned = -19
04-25 15:42:32.360   989  2598 D ACDB-LOADER: ACDB -> AUDIO_SET_VOL_CAL cal type = 40
04-25 15:42:32.360   989  2598 W msm8974_platform: platform_send_gain_dep_cal: Usecase list is empty
04-25 15:42:32.360   989  2598 D msm8974_platform: platform_split_snd_device: snd_device(2) num devices(0) new_snd_devices(0)
04-25 15:42:32.360   989  2598 I msm8974_platform: platform_get_custom_mtmx_params: no matching param with id 0 ip_ch 2 op_ch 2 uc_id 1 snd_dev 2
04-25 15:42:32.381   989 29104 D msm8974_platform: platform_split_snd_device: snd_device(2) num devices(1) new_snd_devices(0)
04-25 15:42:32.381   989 29104 W msm8974_platform: platform_send_gain_dep_cal: Usecase list is empty
04-25 15:42:32.608  1046  1046 D vendor.hardware.vibratorfeature: Vibrator on for timeoutMs: 350
04-25 15:42:32.609  1046  2725 D vendor.hardware.vibratorfeature: Starting on on another thread
04-25 15:42:32.609  1046  1046 D vendor.hardware.vibratorfeature: Vibrator set amplitude: 1.000000
04-25 15:42:32.725  1488  2723 D CCodecBufferChannel: [c2.android.raw.decoder#835] buffers after EOS ignored (0 us)
04-25 15:42:32.726  1488  2723 D CCodecBufferChannel: [c2.android.raw.decoder#835] buffers after EOS ignored (0 us)
04-25 15:42:32.959  1046  2725 D vendor.hardware.vibratorfeature: Notifying on complete
04-25 15:42:32.962  1046  1046 D vendor.hardware.vibratorfeature: QTI Vibrator off
04-25 15:42:32.962  1046  1046 D DynamicEffectThread: pause
04-25 15:42:32.962  1046  1046 D DynamicEffectDevice: FFDevice pause
04-25 15:42:32.975  1732  2046 W BroadcastQueue: Background execution not allowed: receiving Intent { act=android.intent.action.DROPBOX_ENTRY_ADDED flg=0x10 (has extras) } to com.google.android.gms/.stats.service.DropBoxEntryAddedReceiver
04-25 15:42:33.043  1000  1261 I SDM     : StrategyImpl::SetIdleTimeoutMs: Idle timeout: active = 1100, inactive = 520
04-25 15:42:33.221  1488  2721 D AudioTrack: stop(6454): called with 58628 frames delivered
04-25 15:42:33.222  1103  4112 E AudioFlinger: open /proc/1488/cmdline error
04-25 15:42:33.223  1103  4112 I AudioFlinger: setAppName(), name=[], active=[0]
04-25 15:42:33.223   989 29104 V EffectMiSound: MiSound_command() start, cmdCode=24
04-25 15:42:33.223   989 29104 V EffectMiSound: MiSound_Command EFFECT_CMD_SET_APP_NAME: stream=5, name=-
04-25 15:42:33.766  1732  1769 I MediaFocusControl: abandonAudioFocus() from uid/pid 1000/2922 clientId=android.media.AudioManager@85e841e
04-25 15:42:33.767  2922  2711 V MediaPlayer: resetDrmState:  mDrmInfo=null mDrmProvisioningThread=null mPrepareDrmInProgress=false mActiveDrmScheme=false
04-25 15:42:33.769  2922  2711 V MediaPlayer: cleanDrmObj: mDrmObj=null mDrmSessionId=null
04-25 15:42:33.769  1488   628 D NuPlayerDriver: reset(0xf7714b80) at state 6
04-25 15:42:33.777  1488  2726 I hw-BpHwBinder: onLastStrongRef automatically unlinking death recipients
04-25 15:42:33.778  1559  9777 I hw-BpHwBinder: onLastStrongRef automatically unlinking death recipients
04-25 15:42:33.779  1488  2722 D MediaCodec: flushMediametrics
04-25 15:42:33.779  1559  3367 D BufferPoolAccessor2.0: Destruction - bufferpool2 0xb400006f95705428 cached: 0/0M, 0/0% in use; allocs: 0, 0% recycled; transfers: 0, 0% unfetched
04-25 15:42:33.780  1559  9777 D BufferPoolAccessor2.0: Destruction - bufferpool2 0xb400006f93876e28 cached: 0/0M, 0/0% in use; allocs: 0, 0% recycled; transfers: 0, 0% unfetched
04-25 15:42:33.787  1488  2714 D NuPlayerDriver: notifyResetComplete(0xf7714b80)
04-25 15:42:33.787   989 29104 D msm8974_platform: platform_split_snd_device: snd_device(2) num devices(1) new_snd_devices(0)
04-25 15:42:33.788   989 29104 D ACDB-LOADER: ACDB -> send_audvoltable
04-25 15:42:33.788   989 29104 D ACDB-LOADER: ACDB -> ACDB_CMD_GET_AUDPROC_INSTANCE_GAIN_DEP_STEP_TABLE_SIZE
04-25 15:42:33.788  1488   628 W AMessage: failed to post message as target looper for handler 0 is gone.
04-25 15:42:33.788   989 29104 D android.hardware.audio.service: Failed to fetch the lookup information of the device 0000271B 
04-25 15:42:33.788   989 29104 D ACDB-LOADER: Error: ACDB_CMD_GET_AUDPROC_INSTANCE_GAIN_DEP_STEP_TABLE_SIZE Returned = -19
04-25 15:42:33.788   989 29104 D ACDB-LOADER: ACDB -> ACDB_CMD_GET_AUDPROC_INSTANCE_GAIN_DEP_STEP_TABLE, vol index 0
04-25 15:42:33.788   989 29104 D android.hardware.audio.service: Failed to fetch the lookup information of the device 0000271B 
04-25 15:42:33.788   989 29104 D ACDB-LOADER: Error: ACDB AudProc vol returned = -19
04-25 15:42:33.788   989 29104 D ACDB-LOADER: ACDB -> AUDIO_SET_VOL_CAL cal type = 40
04-25 15:42:33.788   989 29104 W msm8974_platform: platform_send_gain_dep_cal: Usecase list is empty
04-25 15:42:33.789   989  1981 D msm8974_platform: platform_split_snd_device: snd_device(2) num devices(1) new_snd_devices(0)
04-25 15:42:33.789   989  1981 W msm8974_platform: platform_send_gain_dep_cal: Usecase list is empty
04-25 15:42:33.790  1103  1517 D APM_AudioPolicyManager: stopOutput portId 6454
04-25 15:42:33.790  1103  1517 D APM_AudioPolicyManager: stopOutput() output 13, stream 5, session 43393
04-25 15:42:33.790  1103  1517 D APM_AudioPolicyManager: getNewOutputDevices selected devices AUDIO_DEVICE_NONE
04-25 15:42:33.790  1103  1517 D APM_AudioPolicyManager: setOutputDevices device AUDIO_DEVICE_NONE delayMs 96
04-25 15:42:33.791  1103  1517 D APM_AudioPolicyManager: setOutputDevices() prevDevice {type:0x2,@:}
04-25 15:42:33.793  1103  1517 D APM_AudioPolicyManager: setOutputDevices setting same device AUDIO_DEVICE_NONE or null device, force=0, patch handle=4
04-25 15:42:33.801   989 29104 D audio_hw_primary: out_set_parameters: enter: usecase(1: low-latency-playback) kvpairs: appname=-com.android.inputdevices
04-25 15:42:33.801   989 29104 D audio_hw_extn: audio_extn_fm_set_parameters: Enter
04-25 15:42:33.801   989 29104 D audio_hw_hfp: hfp_set_parameters: enter
04-25 15:42:33.802  1103  1517 D APM_AudioPolicyManager: releaseOutput portId 6454
04-25 15:42:33.802  1103  1517 D APM_AudioPolicyManager: releaseOutput() 13
04-25 15:42:33.917  1732  2347 D MIUIInput: [MotionEvent] publisher action=0x4, 744805927, channel '9c0609d NavigationBar0 (server)'
04-25 15:42:33.917  1732  2347 D MIUIInput: [MotionEvent] publisher action=0x0, 744805927, channel '41de6a4 NotificationShade (server)'
04-25 15:42:33.921  2922  2922 D PanelView: cancelFlingSpring
04-25 15:42:33.961  1000  1261 I SDM     : StrategyImpl::SetIdleTimeoutMs: Idle timeout: active = 1100, inactive = 520
04-25 15:42:34.002  1732  2347 D MIUIInput: [MotionEvent] publisher action=0x1, 744806013, channel '41de6a4 NotificationShade (server)'
04-25 15:42:34.187  1732  4139 I BatteryService: current mPlugType2current mHealthInfo.batteryLevel56current mHealthInfo.batteryTemperature367
04-25 15:42:34.189  5990  6176 D ThermalIECHandler: storeDataStyle: thermal_iec_monitor_persistence_data_style_iec_state; startIECTime: -1; IECScreenOffOverPeriodTime: 2007130621
04-25 15:42:34.191  4557  4557 I PowerUtils: getSurfaceTemprature temp: 40
04-25 15:42:34.191  4557  4557 I PowerSaveService: onReceive: android.intent.action.BATTERY_CHANGED
04-25 15:42:34.192  4557  4557 I PowerNoticeUI: handleBatteryChanged oldPlugType 2 mPlugType 2 oldBatteryLevel 56 mBatteryLevel 56 temperature 367
04-25 15:42:34.192  4557  4557 I ChargerBatteryIntelligenceReceiver: onBatteryChanged temperature：36,plugType:2
04-25 15:42:34.193  5990  6164 D PowerCheckerService: onBatteryChanged, mBatteryLevel = 56, status = 2, level = 56, plug = 2, scale = 100
04-25 15:42:34.193  5990  6091 D PowerKeeper.Thermal: mBatteryTemperature: 36
04-25 15:42:34.193  2873  2873 V DeviceStatisticsService: chargerType=2 batteryLevel=56 totalBatteryCapacity=2514800
04-25 15:42:34.236  2922  2922 W TouchableRegionManager: onHeadsUpPinnedModeChanged
04-25 15:42:34.241  1732  2372 I MiuiNetworkPolicy: updateUidState uid = 10488, uidState = 2
04-25 15:42:34.242  2922  2730 W RingtonePlayer: STOP command without a player
04-25 15:42:34.243  1732  2046 D CompatibilityInfo: mCompatibilityFlags - 0
04-25 15:42:34.243  1732  2046 D CompatibilityInfo: applicationDensity - 432
04-25 15:42:34.243  1732  2046 D CompatibilityInfo: applicationScale - 1.0
04-25 15:42:34.247  1732  1769 E ActivityManager: Sending non-protected broadcast android.intent.action.APPLICATION_MESSAGE_UPDATE from system 2922:com.android.systemui/1000 pkg com.android.systemui
04-25 15:42:34.247  1732  1769 E ActivityManager: java.lang.Throwable
04-25 15:42:34.247  1732  1769 E ActivityManager: 	at com.android.server.am.ActivityManagerService.checkBroadcastFromSystem(ActivityManagerService.java:13186)
04-25 15:42:34.247  1732  1769 E ActivityManager: 	at com.android.server.am.ActivityManagerService.broadcastIntentLocked(ActivityManagerService.java:13791)
04-25 15:42:34.247  1732  1769 E ActivityManager: 	at com.android.server.am.ActivityManagerService.broadcastIntentLocked(ActivityManagerService.java:13204)
04-25 15:42:34.247  1732  1769 E ActivityManager: 	at com.android.server.am.ActivityManagerService.broadcastIntentWithFeature(ActivityManagerService.java:14045)
04-25 15:42:34.247  1732  1769 E ActivityManager: 	at android.app.IActivityManager$Stub.onTransact(IActivityManager.java:2439)
04-25 15:42:34.247  1732  1769 E ActivityManager: 	at com.android.server.am.ActivityManagerService.onTransact(ActivityManagerService.java:2559)
04-25 15:42:34.247  1732  1769 E ActivityManager: 	at android.os.Binder.execTransactInternal(Binder.java:1187)
04-25 15:42:34.247  1732  1769 E ActivityManager: 	at android.os.Binder.execTransact(Binder.java:1146)
04-25 15:42:34.249  1732  4883 I WindowManagerService: Physical orientation not applied, rotation=0
04-25 15:42:34.252  2922  2922 D StatusBar: disable<e i a s b h r c s > disable2<q i n >
04-25 15:42:34.252  2922  2922 D CollapsedStatusBarFragment: adjustDisableFlags: mStatusBarView.getState() = 0 mHideIconsForBouncer = false mWereIconsJustHidden = false, mWakeUpCoordinator.getNotificationsFullyHidden = false, mIsExpanded = false, mBypassController.getBypassEnabled = false, mStatusBarStateController.getState() = 0, mKeyguardStateController.isKeyguardGoingAway() = false, mHeadsUpManager.hasPinnedHeadsUp = false, mIsLaunchAnimationRunning = false, mHideIconsDuringLaunchAnimation = false, isFullWidth()true, mShowIconsWhenExpanded = true, mControlPanelExpand = false
04-25 15:42:34.256  2926  3003 I Launcher.ApplicationsMessage: onReceive true
04-25 15:42:34.256  2926  3003 I Launcher.ApplicationsMessage: update com.chat2goo.app/ to 2
04-25 15:42:34.262  1732  4883 I WindowManagerService: Physical orientation not applied, rotation=0
04-25 15:42:34.267  2922  3116 D PeopleSpaceWidgetMgr: Sbn doesn't contain valid PeopleTileKey: null/0/com.chat2goo.app
04-25 15:42:34.440  1066  1192 I mi_thermald: special_target_modify: set generic device battery to 6
04-25 15:42:34.440  1066  1192 I mi_thermald: generic_set_level: set generic device battery to 6
04-25 15:42:36.706   989 29104 D audio_hw_primary: out_standby: enter: stream (0xea5d7000) usecase(1: low-latency-playback)
04-25 15:42:36.808  1000  1261 I SDM     : StrategyImpl::SetIdleTimeoutMs: Idle timeout: active = 1100, inactive = 520
04-25 15:42:36.828   989 29104 D audio_hw_primary: disable_audio_route: reset and update mixer path: low-latency-playback speaker
04-25 15:42:36.834   989 29104 E soundtrigger: audio_extn_sound_trigger_update_stream_status: invalid input device 0x0, for event 2
04-25 15:42:36.834   989 29104 D soundtrigger: audio_extn_sound_trigger_update_stream_status: uc_info->id 1 of type 0 for Event 2, with Raise=0
04-25 15:42:36.834   989 29104 D msm8974_platform: platform_split_snd_device: snd_device(2) num devices(0) new_snd_devices(0)
04-25 15:42:36.834   989 29104 I msm8974_platform: platform_get_custom_mtmx_params: no matching param with id 0 ip_ch 2 op_ch 2 uc_id 1 snd_dev 2
04-25 15:42:36.834   989 29104 D hardware_info: hw_info_append_hw_type : device_name = speaker
04-25 15:42:36.834   989 29104 D audio_hw_primary: disable_snd_device: snd_device(2: speaker)
04-25 15:42:36.835   989 29104 D msm8974_platform: platform_set_parameters: Set speaker clean status: off
04-25 15:42:36.835   989 29104 D audio_hw_hfp: hfp_set_parameters: enter
04-25 15:42:36.835   989 29104 W libc    : Access denied finding property "tas.smartpa.debug.disable"
04-25 15:42:36.824   989   989 W HwBinder:989_9: type=1400 audit(0.0:1431165): avc: denied { read } for name="u:object_r:default_prop:s0" dev="tmpfs" ino=2226 scontext=u:r:hal_audio_default:s0 tcontext=u:object_r:default_prop:s0 tclass=file permissive=0
04-25 15:42:36.836   989 29104 I TI-SmartPA: tas_spk_prot_process: Feedback Disabled
04-25 15:42:36.861   989 29104 V TI-SmartPA: TAS25XX_SMARTPA_ENABLE:  0
04-25 15:42:36.861   989 29104 I TI-SmartPA: Disabling USECASE_AUDIO_TAS_SPK_PROT_TX
04-25 15:42:36.861   989 29104 D audio_hw_primary: disable_audio_route: reset and update mixer path: tas-iv-capture
04-25 15:42:36.861   989 29104 D soundtrigger: audio HAL using same device 246 as ST
04-25 15:42:36.861   989 29104 D soundtrigger: audio_extn_sound_trigger_update_stream_status: uc_info->id 78 of type 1 for Event 2, with Raise=0
04-25 15:42:36.861   989 29104 D msm8974_platform: platform_split_snd_device: snd_device(2) num devices(0) new_snd_devices(0)
04-25 15:42:36.884   989 29104 I soundtrigger: audio_extn_sound_trigger_update_device_status: device 0x2 of type 0 for Event 0, with Raise=0
04-25 15:42:36.884   989 29104 D audio_hw_primary: out_standby: exit
04-25 15:42:36.884   989  1981 V EffectMiSound: MiSound_command() start, cmdCode=23
04-25 15:42:36.884   989  1981 V EffectMiSound: MiSound_Command EFFECT_CMD_SET_AUDIO_STANDBY, current mode = 0
04-25 15:42:37.102  1488  2592 D BufferPoolAccessor2.0: evictor expired: 3, evicted: 0
04-25 15:42:38.040 17388 17388 D BoundBrokerSvc: onUnbind: Intent { act=com.google.android.gms.measurement.START pkg=com.google.android.gms }
04-25 15:42:38.047  1732  4292 W ProcessStats: Tracking association SourceState{3e31854 com.miui.analytics/10095 BTopFgs #2436038} whose proc state 2 is better than process ProcessState{6c5765d com.miui.securitycenter.remote/1000 pkg=com.miui.securitycenter} proc state 3 (75 skipped)
04-25 15:42:38.084 17388 17388 W ThreadPoolForeg: type=1400 audit(0.0:1431166): avc: denied { write } for name="traced_producer" dev="tmpfs" ino=15099 scontext=u:r:gmscore_app:s0:c512,c768 tcontext=u:object_r:traced_producer_socket:s0 tclass=sock_file permissive=0 app=com.google.android.gms
04-25 15:42:38.101  1559  2391 D BufferPoolAccessor2.0: evictor expired: 3, evicted: 0
04-25 15:42:39.102  1559  2391 D BufferPoolAccessor2.0: evictor expired: 2, evicted: 0
04-25 15:42:39.103  1488  2592 D BufferPoolAccessor2.0: bufferpool2 0xf785f6d8 : 0(0 size) total buffers - 0(0 size) used buffers - 4/12 (recycle/alloc) - 7/16 (fetch/transfer)
04-25 15:42:39.103  1488  2592 D BufferPoolAccessor2.0: evictor expired: 1, evicted: 1
04-25 15:42:40.467  1732  2372 D MiuiNetworkPolicy: updateLimit mLimitEnabled=true,enabled=false,mNetworkPriorityMode=0
04-25 15:42:42.422  1732  4139 I BatteryService: current mPlugType2current mHealthInfo.batteryLevel56current mHealthInfo.batteryTemperature367
04-25 15:42:42.429  4557  4557 I PowerUtils: getSurfaceTemprature temp: 40
04-25 15:42:42.430  4557  4557 I PowerSaveService: onReceive: android.intent.action.BATTERY_CHANGED
04-25 15:42:42.430  4557  4557 I PowerNoticeUI: handleBatteryChanged oldPlugType 2 mPlugType 2 oldBatteryLevel 56 mBatteryLevel 56 temperature 367
04-25 15:42:42.431  4557  4557 I ChargerBatteryIntelligenceReceiver: onBatteryChanged temperature：36,plugType:2
04-25 15:42:42.433  5990  6176 D ThermalIECHandler: storeDataStyle: thermal_iec_monitor_persistence_data_style_iec_state; startIECTime: -1; IECScreenOffOverPeriodTime: 2007130621
04-25 15:42:42.433  2873  2873 V DeviceStatisticsService: chargerType=2 batteryLevel=56 totalBatteryCapacity=2514800
04-25 15:42:42.434  5990  6164 D PowerCheckerService: onBatteryChanged, mBatteryLevel = 56, status = 2, level = 56, plug = 2, scale = 100
04-25 15:42:42.434  5990  6091 D PowerKeeper.Thermal: mBatteryTemperature: 36
04-25 15:42:44.119  1732  2372 I MiuiNetworkPolicy: updateUidState uid = 10228, uidState = 5
04-25 15:42:44.121  1732  2372 I MiuiNetworkPolicy: updateUidState uid = 10168, uidState = 5
04-25 15:42:44.121 27801 27845 I BtGatt.ScanManager: msg.what = 6
04-25 15:42:45.472  1732  2372 D MiuiNetworkPolicy: updateLimit mLimitEnabled=false,enabled=true,mNetworkPriorityMode=0
04-25 15:42:46.142  1732  1924 D HeapUsage Monitor: HeapAllocSize : 82MB; monitorSize : 500MB
04-25 15:42:46.393  1732  1916 W libc    : Access denied finding property "wifi.interface"
04-25 15:42:46.393  1732  1916 D NetworkManagement: wlan0 <====> 1
04-25 15:42:46.384  1732  1732 W android.fg: type=1400 audit(0.0:1431167): avc: denied { read } for name="u:object_r:wifi_hal_prop:s0" dev="tmpfs" ino=2508 scontext=u:r:system_server:s0 tcontext=u:object_r:wifi_hal_prop:s0 tclass=file permissive=0
04-25 15:42:46.394  1732  2372 D MiuiNetworkPolicy: updateLimit mLimitEnabled=true,enabled=false,mNetworkPriorityMode=0
04-25 15:42:49.123  1732  1916 W libc    : Access denied finding property "wifi.interface"
04-25 15:42:49.114  1732  1732 W android.fg: type=1400 audit(0.0:1431168): avc: denied { read } for name="u:object_r:wifi_hal_prop:s0" dev="tmpfs" ino=2508 scontext=u:r:system_server:s0 tcontext=u:object_r:wifi_hal_prop:s0 tclass=file permissive=0
04-25 15:42:49.124  1732  1916 I MiuiNetworkPolicy: label wlan0, uid 10228, active true, tsNanos 2009005206581748
04-25 15:42:49.124  1732  2372 D MiuiNetworkPolicy: updateLimit mLimitEnabled=false,enabled=true,mNetworkPriorityMode=0
04-25 15:42:49.127 29428 29428 I Capacitor/Console: File:  - Line 349 - Msg: [object Object]
04-25 15:42:49.132 29428 29428 V Capacitor/Plugin: To native (Capacitor plugin): callbackId: 27781694, pluginId: LocalNotifications, methodName: requestPermissions
04-25 15:42:49.133 29428 29428 V Capacitor: callback: 27781694, pluginId: LocalNotifications, methodName: requestPermissions, methodData: {}
04-25 15:42:49.145 29428 29428 I Capacitor/Console: File:  - Line 333 - Msg: {"display":"granted"}
04-25 15:42:49.147 29428 29428 I Capacitor/Console: File:  - Line 349 - Msg: [object Object]
04-25 15:42:49.149 29428 29483 D Capacitor: Handling CapacitorHttp request: https://localhost/_capacitor_http_interceptor_?u=https%3A%2F%2Fgpcduahypyynjlcgodnl.supabase.co%2Frest%2Fv1%2Fconversations%3Fselect%3D*%26order%3Dupdated_at.desc%26limit%3D50
04-25 15:42:49.151 29428 29428 V Capacitor/Plugin: To native (Capacitor plugin): callbackId: 27781695, pluginId: LocalNotifications, methodName: schedule
04-25 15:42:49.152 29428 29428 V Capacitor: callback: 27781695, pluginId: LocalNotifications, methodName: schedule, methodData: {"notifications":[{"title":"EL PROJECT","body":"ceekk","id":836110,"schedule":{"at":"2026-04-25T08:42:49.243Z"},"channelId":"messages_notif_v1","extra":{"conversation_id":"eef734ac-6849-420f-ad7f-af926d5484d1","sender_email":"elproject.dev@gmail.com"},"smallIcon":"ic_stat_icon_config_sample","iconColor":"#488AF3"}]}
04-25 15:42:49.158 29428 29483 I CapacitorCookies: Getting cookies at: 'https://gpcduahypyynjlcgodnl.supabase.co/rest/v1/conversations?select=*&order=updated_at.desc&limit=50'
04-25 15:42:49.184 29428 29428 I Capacitor/Console: File:  - Line 333 - Msg: {"notifications":[{"id":836110}]}
04-25 15:42:49.321 29428 29483 I CapacitorCookies: Setting cookie '__cf_bm=4L8DoHX_9wIQBHwk2y_jFMFOu0DNmXerg_I_xjkiHnI-1777106569.3179026-1.0.1.1-f7pUoItE0R8mgl8myQcOo85LbfA5W6f84dTV3jVxGuKNjNGx2BADcNFtYqgnwTyLbbO3On9ueDZITrEfsl1MTx2wAnvMSA2u.hn_.GjgRyZeay_yYqKkcGYhNSc6jUdg; HttpOnly; Secure; Path=/; Domain=supabase.co; Expires=Sat, 25 Apr 2026 09:12:49 GMT' at: 'https://gpcduahypyynjlcgodnl.supabase.co/rest/v1/conversations?select=*&order=updated_at.desc&limit=50'
04-25 15:42:49.329 29428 29483 I CapacitorCookies: Setting cookie '__cf_bm=4L8DoHX_9wIQBHwk2y_jFMFOu0DNmXerg_I_xjkiHnI-1777106569.3179026-1.0.1.1-f7pUoItE0R8mgl8myQcOo85LbfA5W6f84dTV3jVxGuKNjNGx2BADcNFtYqgnwTyLbbO3On9ueDZITrEfsl1MTx2wAnvMSA2u.hn_.GjgRyZeay_yYqKkcGYhNSc6jUdg; HttpOnly; Secure; Path=/; Domain=supabase.co; Expires=Sat, 25 Apr 2026 09:12:49 GMT' at: 'https://supabase.co'
04-25 15:42:49.378 29428 29483 D Capacitor: Handling CapacitorHttp request: https://localhost/_capacitor_http_interceptor_?u=https%3A%2F%2Fgpcduahypyynjlcgodnl.supabase.co%2Frest%2Fv1%2Fmessages%3Fselect%3Dread_by%252Csender_email%26conversation_id%3Deq.eef734ac-6849-420f-ad7f-af926d5484d1
04-25 15:42:49.384 29428 29483 I CapacitorCookies: Getting cookies at: 'https://gpcduahypyynjlcgodnl.supabase.co/rest/v1/messages?select=read_by%2Csender_email&conversation_id=eq.eef734ac-6849-420f-ad7f-af926d5484d1'
04-25 15:42:49.554 29428 29483 I CapacitorCookies: Setting cookie '__cf_bm=TFDY2G_liJkMWVybbx53mMDTzs7t3ujU1HBdHpJ9q.Q-1777106569.5505462-1.0.1.1-WINmnIgHjIhQzb299PtPiLHlm4BoTUjGX8axpUc.ORoxVnly2AvvLcCS8cpUyvdBJztMCeT8RS631ypwIADu.qZKSZVu5.qqx5gJPt84fqgmuGrvrGBs7i70hCOtaiui; HttpOnly; Secure; Path=/; Domain=supabase.co; Expires=Sat, 25 Apr 2026 09:12:49 GMT' at: 'https://gpcduahypyynjlcgodnl.supabase.co/rest/v1/messages?select=read_by%2Csender_email&conversation_id=eq.eef734ac-6849-420f-ad7f-af926d5484d1'
04-25 15:42:49.561 29428 29483 I CapacitorCookies: Setting cookie '__cf_bm=TFDY2G_liJkMWVybbx53mMDTzs7t3ujU1HBdHpJ9q.Q-1777106569.5505462-1.0.1.1-WINmnIgHjIhQzb299PtPiLHlm4BoTUjGX8axpUc.ORoxVnly2AvvLcCS8cpUyvdBJztMCeT8RS631ypwIADu.qZKSZVu5.qqx5gJPt84fqgmuGrvrGBs7i70hCOtaiui; HttpOnly; Secure; Path=/; Domain=supabase.co; Expires=Sat, 25 Apr 2026 09:12:49 GMT' at: 'https://supabase.co'
04-25 15:42:49.675  1000  1261 I SDM     : StrategyImpl::SetIdleTimeoutMs: Idle timeout: active = 1100, inactive = 520
04-25 15:42:50.618  1732  4139 I BatteryService: current mPlugType2current mHealthInfo.batteryLevel56current mHealthInfo.batteryTemperature367
04-25 15:42:50.622  5990  6176 D ThermalIECHandler: storeDataStyle: thermal_iec_monitor_persistence_data_style_iec_state; startIECTime: -1; IECScreenOffOverPeriodTime: 2007130621
04-25 15:42:50.624  4557  4557 I PowerUtils: getSurfaceTemprature temp: 40
04-25 15:42:50.625  4557  4557 I PowerSaveService: onReceive: android.intent.action.BATTERY_CHANGED
04-25 15:42:50.625  4557  4557 I PowerNoticeUI: handleBatteryChanged oldPlugType 2 mPlugType 2 oldBatteryLevel 56 mBatteryLevel 56 temperature 367
04-25 15:42:50.625  4557  4557 I ChargerBatteryIntelligenceReceiver: onBatteryChanged temperature：36,plugType:2
04-25 15:42:50.627  2873  2873 V DeviceStatisticsService: chargerType=2 batteryLevel=56 totalBatteryCapacity=2514800
04-25 15:42:50.629  5990  6164 D PowerCheckerService: onBatteryChanged, mBatteryLevel = 56, status = 2, level = 56, plug = 2, scale = 100
04-25 15:42:50.629  5990  6091 D PowerKeeper.Thermal: mBatteryTemperature: 36
04-25 15:42:50.886  1000  1261 I SDM     : StrategyImpl::SetIdleTimeoutMs: Idle timeout: active = 1100, inactive = 520
04-25 15:42:51.628  1732  2372 I MiuiNetworkPolicy: updateUidState uid = 10166, uidState = 11
04-25 15:42:51.635  1732  2046 D CompatibilityInfo: mCompatibilityFlags - 0
04-25 15:42:51.635  1732  2046 D CompatibilityInfo: applicationDensity - 432
04-25 15:42:51.635  1732  2046 D CompatibilityInfo: applicationScale - 1.0
