04-25 15:45:26.640  5990  6091 D PowerKeeper.Thermal: mBatteryTemperature: 36
04-25 15:45:26.733  2785 30257 D IpClient/wlan0: interfaceLinkStateChanged: ifindex 30 up
04-25 15:45:26.813  1732  2348 W MiuiInputKeyEventLog: keyCode:224 down:true eventTime:744978824 downTime:744978824 policyFlags:2000000 flags:8 metaState:0 deviceId:2 isScreenOn:false keyguardActive:true repeatCount:0
04-25 15:45:26.814  1732  2348 D WindowManager: handleKeyGesture---interceptKey interactive=false
04-25 15:45:26.816  1732  2348 I PowerManagerService: Powering on display group fromAsleep (groupId=0, uid=1000, reason=WAKE_REASON_WAKE_KEY, details=android.policy:KEY)...
04-25 15:45:26.817  1732  2348 I PowerManagerService: Waking up from Asleep (uid=1000, reason=WAKE_REASON_WAKE_KEY, details=android.policy:KEY)...
04-25 15:45:26.817  2922 17426 D miui_face: receive waking up with reason
04-25 15:45:26.818  1732  1919 D MiuiPaperContrastOverlayStubImpl: papermode:updateTextureEyeCareLevel, texture eyecare enable:true
04-25 15:45:26.824  1732  1732 W android.display: type=1400 audit(0.0:1431283): avc: denied { read } for name="u:object_r:vendor_display_notch_prop:s0" dev="tmpfs" ino=2419 scontext=u:r:system_server:s0 tcontext=u:object_r:vendor_display_notch_prop:s0 tclass=file permissive=0
04-25 15:45:26.822  1732  2348 W MiuiInputKeyEventLog: keyCode:224 down:false eventTime:744978824 downTime:744978824 policyFlags:22000000 flags:8 metaState:0 deviceId:2 isScreenOn:true keyguardActive:true repeatCount:0
04-25 15:45:26.822  1732  2126 I DisplayPowerController[0]: Blocking screen on until initial contents have been drawn.
04-25 15:45:26.823  1732  2348 D WindowManager: handleKeyGesture---interceptKey interactive=false
04-25 15:45:26.823  2922 17426 D KeyguardViewMediator: notifyScreenOn
04-25 15:45:26.824  2922  2922 D KeyguardViewMediator: handleNotifyScreenTurningOn
04-25 15:45:26.824  2922  2922 D KeyguardViewMediator: notifyDrawn
04-25 15:45:26.825  1732  2126 I AutomaticBrightnessController: AmbientLux=30.982502, mAmbientDarkeningThreshold=15.491251, mAmbientBrighteningThreshold=60.982502
04-25 15:45:26.825  1732  2126 I AutomaticBrightnessControllerImpl: setProximitySensorEnabled enable
04-25 15:45:26.826  1732  2126 D AutomaticBrightnessController: updateAutoBrightness: mScreenAutoBrightness=NaN, newScreenAutoBrightness=0.1358 (checkedAutoBrightness=557), mAmbientLux=30.982502, mUseDaemonSensorInProgress=true
04-25 15:45:26.828  1732  2126 V DisplayPowerController[0]: Brightness [0.1358] reason changing to: 'automatic', previous reason: 'screen_off'.
04-25 15:45:26.829  1732  2126 I AutomaticBrightnessControllerImpl: mProximity=-1, lux=30.982502
04-25 15:45:26.829  1732  2126 I AutomaticBrightnessController: AmbientLux=30.982502, mAmbientDarkeningThreshold=15.491251, mAmbientBrighteningThreshold=60.982502
04-25 15:45:26.829  1732  2126 I AutomaticBrightnessControllerImpl: skip debounce!
04-25 15:45:26.829  1732  2126 I AutomaticBrightnessController: AmbientLux=30.982502, mAmbientDarkeningThreshold=15.491251, mAmbientBrighteningThreshold=60.982502
04-25 15:45:26.829  1732  1732 D MiuiScreenOnProximityLock: aquire
04-25 15:45:26.830  1732  2620 D LocalDisplayAdapter: setDisplayState(id=4630946688386997377, state=ON)
04-25 15:45:26.830  1007  1007 I QTI PowerHAL: Power setMode: 7 to: 1
04-25 15:45:26.830  2922  2938 D KeyguardViewMediator: onStartedWakingUp, seq = 1919
04-25 15:45:26.830  2922  2938 D KeyguardViewMediator: notifyStartedWakingUp
04-25 15:45:26.830  1130  1130 D SurfaceFlinger: Setting power mode 2 on display 4630946688386997377
04-25 15:45:26.831  1007  1007 I QTI PowerHAL: Got set_interactive hint
04-25 15:45:26.831  1732  1919 W libc    : Access denied finding property "vendor.display.disable_rounded_corner"
04-25 15:45:26.831  1732  1919 I DisplayDeviceRepository: Display device changed state: "Layar Built-In", ON
04-25 15:45:26.832  1000  1261 I SDM     : DisplayBase::SetDisplayState: Set state = 1, display 28-0, teardown = 0
04-25 15:45:26.838  2922  2922 D KeyguardViewMediator: handleNotifyWakingUp
04-25 15:45:26.840  2922  2922 D MiuiFaceManager: inernational:true supportR:[ALL] nowR:ID
04-25 15:45:26.840  2922  2922 D MiuiFaceManager: inernational:true supportR:[ALL] nowR:ID
04-25 15:45:26.840  2922  2922 D MiuiFaceManager: inernational:true supportR:[ALL] nowR:ID
04-25 15:45:26.840  2922  2922 D MiuiFaceManager: inernational:true supportR:[ALL] nowR:ID
04-25 15:45:26.840  2922  2922 D miui_face: requestFaceAuth()
04-25 15:45:26.840  2922  2922 D MiuiFaceManager: inernational:true supportR:[ALL] nowR:ID
04-25 15:45:26.841  2922  2922 D MiuiFaceManager: inernational:true supportR:[ALL] nowR:ID
04-25 15:45:26.845 31120 31140 D HomeWallpaperRenderer: OFFSET  x: 1.0  y: 0.0
04-25 15:45:26.846  1732  1920 D CompatibilityChangeReporter: Compat change id reported: 158002302; UID 1000; state: ENABLED
04-25 15:45:26.846  2926  3067 W GestureStubView: onDisplayChanged
04-25 15:45:26.847 27801 27845 I BtGatt.ScanManager: msg.what = 8
04-25 15:45:26.847 27801 27845 I BtGatt.ScanManager: msg.what = 4
04-25 15:45:26.848  2926  2926 W Launcher: onDisplayChanged: newRotation=0, mCurrentRotation=0
04-25 15:45:26.849  2926  3067 W GestureStubView: adaptRotation   currentRotation=0   mRotation=0
04-25 15:45:26.849  2926  3067 W GestureStubView: onDisplayChanged
04-25 15:45:26.850  2926  3067 W GestureStubView: adaptRotation   currentRotation=0   mRotation=0
04-25 15:45:26.850  2926  2926 D Launcher_UnlockAnimationStateMachine: mOldDisplayState = 1 onDisplayChange = 2
04-25 15:45:26.851  1513  1513 I hw-BpHwBinder: onLastStrongRef automatically unlinking death recipients
04-25 15:45:26.851  2797  2861 I QmiHwInterface/SendRequestCallback: <- RCV:OnResponseEvent{status=3, error message = messageId not supported}
04-25 15:45:26.852  1732  1917 I ForceDarkHelperStubImpl: setViewRootImplForceDark: true for , reason: WhiteAppDarkMode
04-25 15:45:26.852  1732  1917 I ForceDarkHelperStubImpl: setViewRootImplForceDark: true for , reason: WhiteAppDarkMode
04-25 15:45:26.852  2922  3366 D ScreenDecorations: updateOrientation: false
04-25 15:45:26.852  2922  2922 V AutoDensityController: on display changed 0 context dpi:442 origin dpi:432 target dpi:442
04-25 15:45:26.853  2922  2922 D ControlCenterWindowViewController: on display changed 0
04-25 15:45:26.855  2797  2856 I DynamicDDSService: sendRequest has failure response. errorMsg = messageId not supported
04-25 15:45:26.855  1732  4721 I WindowManagerService: Physical orientation not applied, rotation=0
04-25 15:45:26.857  1732  1732 D AppScoutStateMachine: UiThread-ScoutStateMachinecreated
04-25 15:45:26.858  1732  1919 D MiuiPaperContrastOverlayStubImpl: papermode:updateTextureEyeCareLevel, texture eyecare enable:true
04-25 15:45:26.860  1732  1732 D WindowManager:  ACTION_SCREEN_ON truetrue
04-25 15:45:26.864  1732  1732 D StorageManagerService: Get the action of screen on
04-25 15:45:26.865  1732  1917 D WindowManager: Input focus has changed to Window{66a8b8e u0 ScreenOnProximitySensorGuide} display=0 updateInputWindows = false
04-25 15:45:26.866 30716 30732 D QtiRadiohidlIndication: onNrIconTypeChange: slotId = 0NrIconType = 0
04-25 15:45:26.866 30716 30732 D QtiRadioProxy: onNrIconType slotId = 0 NrIconType = NrIconType: 0
04-25 15:45:26.867 30716 30746 D QtiRadioProxyHandler: : handleMessage msg.what = 1
04-25 15:45:26.867 30716 30746 D QtiRadioProxyHandler: : EVENT_ON_NR_ICON_TYPE
04-25 15:45:26.867 30716 30746 D QtiRadioProxy: onNrIconType: Responding back for transaction = null
04-25 15:45:26.867  2922 17426 D FiveGServiceClient: onNrIconType: slotId = 0 token = Token: -1 statusStatus: 1 NrIconType = NrIconType: 0
04-25 15:45:26.869  1732  3106 I WindowManagerService: Physical orientation not applied, rotation=0
04-25 15:45:26.869   606  3802 D vold    : The trim thread is not running
04-25 15:45:26.870   606  3802 D vold    : idle maintenance stopped
04-25 15:45:26.871  2926  3800 D TaskStackChangeListeners: onTaskDisplayChanged =  taskId = 4845 newDisplayId = 0
04-25 15:45:26.871 30716 30732 D QtiRadiohidlIndication: onNrIconTypeChange: slotId = 1NrIconType = 0
04-25 15:45:26.871 30716 30732 D QtiRadioProxy: onNrIconType slotId = 1 NrIconType = NrIconType: 0
04-25 15:45:26.871 30716 30746 D QtiRadioProxyHandler: : handleMessage msg.what = 1
04-25 15:45:26.871 30716 30746 D QtiRadioProxyHandler: : EVENT_ON_NR_ICON_TYPE
04-25 15:45:26.871 30716 30746 D QtiRadioProxy: onNrIconType: Responding back for transaction = null
04-25 15:45:26.871  2926  3800 D TaskStackChangeListeners: onTaskDisplayChanged =  taskId = 2 newDisplayId = 0
04-25 15:45:26.871  2922  3213 D FiveGServiceClient: onNrIconType: slotId = 1 token = Token: -1 statusStatus: 1 NrIconType = NrIconType: 0
04-25 15:45:26.872  2926  3800 D TaskStackChangeListeners: onTaskDisplayChanged =  taskId = 4766 newDisplayId = 0
04-25 15:45:26.872  2926  3800 D TaskStackChangeListeners: onTaskDisplayChanged =  taskId = 3 newDisplayId = 0
04-25 15:45:26.873  2926  3800 D TaskStackChangeListeners: onTaskDisplayChanged =  taskId = 4 newDisplayId = 0
04-25 15:45:26.873  2926  3800 D TaskStackChangeListeners: onTaskDisplayChanged =  taskId = 5 newDisplayId = 0
04-25 15:45:26.873  2926  3800 D TaskStackChangeListeners: onTaskDisplayChanged =  taskId = 6 newDisplayId = 0
04-25 15:45:26.873  2926  3265 D TaskStackChangeListeners: onTaskDisplayChanged =  taskId = 7 newDisplayId = 0
04-25 15:45:26.873  2926  3265 D TaskStackChangeListeners: onTaskDisplayChanged =  taskId = 4840 newDisplayId = 0
04-25 15:45:26.877  1732  2075 E KernelCpuUidClusterTimeReader: Negative delta from cluster time for uid: 10203, delta: -2
04-25 15:45:26.877  1732  2075 E KernelCpuUidClusterTimeReader: Negative delta from cluster time for uid: 10220, delta: -6
04-25 15:45:26.878  2926  2926 W NavStubView_Touch: onComputeInternalInsets  bounds=Rect(0, 0 - 1080, 67)   mHideGestureLine=false   mIsShowNavBar=true   mKeepHidden=true   mDisableTouch=false   mUseEmptyTouchableRegion=true
04-25 15:45:26.879  2926  2926 W NavStubView_Touch:   onComputeInternalInsets  empty
04-25 15:45:26.880  1732  1917 I WindowManagerService: Physical orientation not applied, rotation=0
04-25 15:45:26.881  1732  1732 D MiuiWifiService: cancelPeriodWifiScan trigger
04-25 15:45:26.885   989  1981 D audio_hw_primary: adev_set_parameters: enter: screen_state=on
04-25 15:45:26.885   989  1981 D audio_hw_hfp: hfp_set_parameters: enter
04-25 15:45:26.885   989  1981 W sound_trigger_hw: sound_trigger_hw_call_back: Unknown event 17
04-25 15:45:26.885   989  1981 D audio_hw_hfp: hfp_set_parameters: enter
04-25 15:45:26.885   989  1981 D audio_hw_extn: audio_extn_fm_set_parameters: Enter
04-25 15:45:26.885   989  1981 D audio_hw_hfp: hfp_set_parameters: enter
04-25 15:45:26.885  1103  1543 I AudioFlinger: setGameParameters keyvalue: screen_state=on
04-25 15:45:26.886  1732  1917 I ForceDarkHelperStubImpl: setViewRootImplForceDark: true for , reason: WhiteAppDarkMode
04-25 15:45:26.894  1732  1732 V LocationPolicy: Screen state changed
04-25 15:45:26.896  1732  1917 D WindowManager: finishDrawingLocked: mDrawState=COMMIT_DRAW_PENDING Window{66a8b8e u0 ScreenOnProximitySensorGuide} in Surface(name=ScreenOnProximitySensorGuide)/@0xb9d15a7
04-25 15:45:26.900  1732  1732 W ContextImpl: Calling a method in the system process without a qualified user: android.app.ContextImpl.sendBroadcast:1198 com.miui.server.car.MiuiCarService$3.onReceive:307 android.app.LoadedApk$ReceiverDispatcher$Args.lambda$getRunnable$0$LoadedApk$ReceiverDispatcher$Args:1694 android.app.LoadedApk$ReceiverDispatcher$Args$$ExternalSyntheticLambda0.run:2 android.os.Handler.handleCallback:938 
04-25 15:45:26.900  2922  2922 D MiuiBleUnlockHelper: verifyBLEDeviceRssi  isShowing = true isOccluded = false isMXtelcel = false isHiding = false isDeviceInteractive = true
04-25 15:45:26.901  2922  2922 D StatusBar: disable<e i a s B H R c s > disable2<q i n >
04-25 15:45:26.901  2922  2922 D CollapsedStatusBarFragment: adjustDisableFlags: mStatusBarView.getState() = 2 mHideIconsForBouncer = false mWereIconsJustHidden = false, mWakeUpCoordinator.getNotificationsFullyHidden = false, mIsExpanded = true, mBypassController.getBypassEnabled = false, mStatusBarStateController.getState() = 1, mKeyguardStateController.isKeyguardGoingAway() = false, mHeadsUpManager.hasPinnedHeadsUp = false, mIsLaunchAnimationRunning = false, mHideIconsDuringLaunchAnimation = false, isFullWidth()true, mShowIconsWhenExpanded = false, mControlPanelExpand = false
04-25 15:45:26.901  2922  2922 D QS      : setListening true
04-25 15:45:26.901  2922  2922 D StatusBar: disable<e i a s B H R c s > disable2<q i n >
04-25 15:45:26.902  2922  2922 D CollapsedStatusBarFragment: adjustDisableFlags: mStatusBarView.getState() = 2 mHideIconsForBouncer = false mWereIconsJustHidden = false, mWakeUpCoordinator.getNotificationsFullyHidden = false, mIsExpanded = true, mBypassController.getBypassEnabled = false, mStatusBarStateController.getState() = 1, mKeyguardStateController.isKeyguardGoingAway() = false, mHeadsUpManager.hasPinnedHeadsUp = false, mIsLaunchAnimationRunning = false, mHideIconsDuringLaunchAnimation = false, isFullWidth()true, mShowIconsWhenExpanded = false, mControlPanelExpand = false
04-25 15:45:26.902  2922  2922 D PanelView: panel view is already visible!
04-25 15:45:26.902  2922  2922 D KeyguardHorizontalMoveLeftViewContainer: bindLockScreenMagazineService false false false false false true true
04-25 15:45:26.902 31120 17985 D MiuiKeyguardWallpaperRemoteService: onStartedWakingUp
04-25 15:45:26.903 31120 31120 D MiuiKeyguardPictorialWallpaper:  windowAlpha 1.0
04-25 15:45:26.903  4557  5258 I PowerCenterProvider: call METHOD_GET_BATTERY_INFO
04-25 15:45:26.903 31120 31142 D MiuiKeyguardPictorialWallpaper:  needSetupAgain++++ false mEglHelper.hasEglContext true  mEglHelper.hasEglSurface true ischangescreen false
04-25 15:45:26.903 31120 31142 D KeyguardWallpaperRenderer: onDrawFrame
04-25 15:45:26.904 31120 31120 D MiuiKeyguardPictorialWallpaper:  windowAlpha 1.0
04-25 15:45:26.906  2922  2922 D KeyguardUpdateMonitor: received broadcast android.intent.action.TIME_TICK
04-25 15:45:26.906  2922  2922 D KeyguardUpdateMonitor: received broadcast android.intent.action.TIME_TICK
04-25 15:45:26.906  4557  5258 I PowerUtils: Device name:surya
04-25 15:45:26.907  4557  5258 W PowerUtils: should not use this capacity value 5160
04-25 15:45:26.908 31120 31142 D MiuiKeyguardPictorialWallpaper: 　scheduleFinishRendering
04-25 15:45:26.909 31120 31142 D ImageGLWallpaper:  scissor: Rect(0, 0 - 1080, 2400) displayPoint: Point(1080, 2400) isScrollWithScreen: false
04-25 15:45:26.909 31120 31142 D ImageGLWallpaper:  heightDiffRatio 0.0
04-25 15:45:26.909 31120 31142 D ImageGLWallpaper:  widthDiffRatio 0.0
04-25 15:45:26.909 31120 31142 D ImageGLWallpaper:  mCurrentTexCoordinate [0.0, 1.0, 1.0, 1.0, 1.0, 0.0, 1.0, 0.0, 0.0, 0.0, 0.0, 1.0]
04-25 15:45:26.909 31120 31142 D MiuiKeyguardPictorialWallpaper:  needSetupAgain++++ false mEglHelper.hasEglContext true  mEglHelper.hasEglSurface true ischangescreen false
04-25 15:45:26.909 31120 31142 D KeyguardWallpaperRenderer: onDrawFrame
04-25 15:45:26.918  1732  2686 I WindowManagerService: Physical orientation not applied, rotation=0
04-25 15:45:26.920  1732  2686 D WindowManager: finishDrawingLocked: mDrawState=COMMIT_DRAW_PENDING Window{41de6a4 u0 NotificationShade} in Surface(name=NotificationShade)/@0xb61fdf5
04-25 15:45:26.920  2922  2922 D KeyguardUpdateMonitor: handleTimeUpdate
04-25 15:45:26.920  2926  2926 D NavStubView_Touch: onSystemUiFlagsChanged  mIsShowStatusBar    old= true   new=true
04-25 15:45:26.920  2926  2926 D NavStubView_Touch: onSystemUiFlagsChanged  mIsShowNavBar    old= true   new=true
04-25 15:45:26.920  2922  2922 D KeyguardIndication:  switchIndication:Mengisi daya 57%
04-25 15:45:26.921  2922  2922 D KeyguardUpdateMonitor: handleTimeUpdate
04-25 15:45:26.921  2922  2922 D KeyguardIndication:  switchIndication:Mengisi daya 57%
04-25 15:45:26.921  2922  2922 I KeyguardIndicationInjector: handleChargeTextAnimation: false;powerPluggedIn=true
04-25 15:45:26.922  2922  2922 D KeyguardIndication:  switchIndication:Mengisi daya 57%
04-25 15:45:26.924  1008  1008 I sensors-hal: batch:242, android.sensor.device_orientation/272, period=66667000, max_latency=0
04-25 15:45:26.924  1008  1008 I sensors-hal: set_config:63, sample_period_ns is adjusted to 0 based on min/max delay_ns
04-25 15:45:26.924  1008  1008 I sensors-hal: batch:251, android.sensor.device_orientation/272, period=66667000, max_latency=0 request completed
04-25 15:45:26.924  1008  1008 I sensors-hal: activate:209, android.sensor.device_orientation/272 en=1
04-25 15:45:26.924  1008  1008 I sensors-hal: get_qmi_debug_flag:241, support_qmi_debug : false
04-25 15:45:26.925  2922  3116 D FiveGServiceClient: update5GIcon FiveGServiceState: mBearerAllocationStatus=0, mPlmn=0, mUpperLayerInd=0, mDcnr=-1, mLevel=0, mNrConfigType=0, mIconGroup=IconGroup(Unknown), mNrIconType=0, mIsUserFiveGEnabled=true, mIsDualNrEnabled=false, cmccSim=false
04-25 15:45:26.928  1008  1008 I sensors-hal: activate:220, android.sensor.device_orientation/272 en=1 completed
04-25 15:45:26.928  1732  2126 I DisplayPowerController[0]: Unblocked screen on after 105 ms
04-25 15:45:26.929  1008  3815 I sensors-hal: ssc_conn_resp_cb:663, resp_value = 0
04-25 15:45:26.935  2922  3116 D FiveGServiceClient: update5GIcon FiveGServiceState: mBearerAllocationStatus=0, mPlmn=0, mUpperLayerInd=0, mDcnr=-1, mLevel=0, mNrConfigType=0, mIconGroup=IconGroup(Unknown), mNrIconType=0, mIsUserFiveGEnabled=true, mIsDualNrEnabled=false, cmccSim=false
04-25 15:45:26.945 31120 31142 D KeyguardWallpaperRenderer: onDrawFrame
04-25 15:45:26.962 31120 31142 D KeyguardWallpaperRenderer: onDrawFrame
04-25 15:45:26.968  1732  2817 D syspressure.cpuinfo: parseCpuInfo
04-25 15:45:26.968  1732  2817 D syspressure.cpuinfo: cpu:7.3|3.6|2.8|0.1|0.5|0.3
04-25 15:45:26.968  1732  2817 D syspressure.cpuinfo: cpu0:10.8|5.5|3.8|0.2|0.8|0.4
04-25 15:45:26.968  1732  2817 D syspressure.cpuinfo: cpu1:9.7|4.9|3.6|0.1|0.8|0.3
04-25 15:45:26.968  1732  2817 D syspressure.cpuinfo: cpu2:10.1|5.1|3.9|0.1|0.6|0.5
04-25 15:45:26.968  1732  2817 D syspressure.cpuinfo: cpu3:6.3|2.1|3.1|0.1|0.6|0.3
04-25 15:45:26.968  1732  2817 D syspressure.cpuinfo: cpu4:6.2|2.7|2.7|0.1|0.4|0.3
04-25 15:45:26.968  1732  2817 D syspressure.cpuinfo: cpu5:6.3|2.8|2.6|0.1|0.4|0.3
04-25 15:45:26.968  1732  2817 D syspressure.cpuinfo: cpu6:4.2|2.7|1.3|0.1|0.1|0.0
04-25 15:45:26.968  1732  2817 D syspressure.cpuinfo: cpu7:4.6|3.0|1.4|0.1|0.1|0.0
04-25 15:45:26.978 31120 31142 D KeyguardWallpaperRenderer: onDrawFrame
04-25 15:45:27.002  1066  1191 I mi_thermald: special_target_modify: set generic device battery to 2
04-25 15:45:27.003  1066  1191 I mi_thermald: generic_set_level: set generic device battery to 2
04-25 15:45:27.003  1000  1261 I SDM     : StrategyImpl::SetIdleTimeoutMs: Idle timeout: active = 1100, inactive = 520
04-25 15:45:27.004  1033  1343 D DisplayFeatureHal: HandleDisplayState enter state 1, last state 0
04-25 15:45:27.004  1033  1343 D DisplayFeatureHal: onResume enter
04-25 15:45:27.004  1033  1343 D DisplayFeatureHal: Query DisplayPostproc service
04-25 15:45:27.004  1130  1130 D SurfaceFlinger: Finished setting power mode 2 on display 4630946688386997377
04-25 15:45:27.008  1732  2620 D SurfaceControl: Excessive delay in setPowerMode()
04-25 15:45:27.008  1597  1792 D [GF_HAL][gf_hal_device]: [gf_handle_thread] ignore screen on msg.
04-25 15:45:27.008  1597  1793 D [GF_HAL][gf_hal_device]: [gf_hal_netlink_recv] send message value=3
04-25 15:45:27.008  1732  2587 D DisplayFeatureManager: setScreenEffect displayId=0 mode=23 value=1 cookie=255
04-25 15:45:27.009  1000  2448 I Dpps    : AddNewDppsClient():431 New DPPS client accepted, client fd = 24, poll idx 2
04-25 15:45:27.009  1000  2448 I Dpps    : HandleDppsClientEvent():921 Incoming message on client fd 24: 'ad:on;1'
04-25 15:45:27.009  2922 18114 D KeyguardViewMediator: notifyScreenTurnedOn
04-25 15:45:27.010  1000  2452 I SDM     : DisplayBuiltIn::ControlPartialUpdate: partial update is not applicable for display id = 28
04-25 15:45:27.011  1000  2452 I Dpps    : ParseFile():82 Loading AD calib file /vendor/etc/sdr_config.cfg
04-25 15:45:27.011  1000  2452 I Dpps    : ParseFile():92 Config File Version: 1.0 
04-25 15:45:27.011  1000  2452 I Dpps    : ParseFile():131 Parsing Init parameters
04-25 15:45:27.016  1000  2452 I Dpps    : ParseFile():205 Parsing Cfg parameters
04-25 15:45:27.017  1033  1033 D DisplayFeatureHal: setFeatureEnable: FeatureId=COLOR_TEMP_STATE modeId=1 cookie=255, hdrstatus=0
04-25 15:45:27.018  1732  2587 D DisplayFeatureManager: setScreenEffect displayId=0 mode=0 value=1 cookie=255
04-25 15:45:27.018  1033  1033 D DisplayFeatureHal: setFeatureEnable: FeatureId=AUTOMATIC_CONTRAST_STATE modeId=1 cookie=255, hdrstatus=0
04-25 15:45:27.021  1000  2452 I Dpps    : ParseFile():82 Loading AD calib file /vendor/etc/hdr_config.cfg
04-25 15:45:27.021  1000  2452 I Dpps    : ParseFile():92 Config File Version: 1.0 
04-25 15:45:27.021  1000  2452 I Dpps    : ParseFile():131 Parsing Init parameters
04-25 15:45:27.026  1000  2452 I Dpps    : ParseFile():205 Parsing Cfg parameters
04-25 15:45:27.029  1000  2448 I Dpps    : HandleDppsClientEvent():903 Client connection 24 has closed
04-25 15:45:27.029  1000  2448 I Dpps    : RemoveServerClient():297 closed fd 24 poll_idx 2
04-25 15:45:27.030  1033  1343 D DisplayFeatureHal: HandleDisplayState exit
04-25 15:45:27.030  1033  1343 D DisplayFeatureHal: HandleACNormal enter
04-25 15:45:27.030  1033  1343 I DisplayFeatureHal: successfully write 0x100 into /sys/class/drm/card0-DSI-1/disp_param
04-25 15:45:27.032  1000  1261 I SDM     : StrategyImpl::SetIdleTimeoutMs: Idle timeout: active = 1100, inactive = 520
04-25 15:45:27.063  1000  1260 I SDM     : StrategyImpl::SetIdleTimeoutMs: Idle timeout: active = 1100, inactive = 520
04-25 15:45:27.071  2922  2922 D KeyguardViewMediator: handleNotifyScreenTurnedOn
04-25 15:45:27.074 31120 31142 D KeyguardWallpaperRenderer: onDrawFrame
04-25 15:45:27.086  1000 29146 I SDM     : HWCDisplay::SetColorModeById: Applying mode: 40
04-25 15:45:27.087  1000 29146 E SDM     : ColorManager::Apply3DLutFeature: zhiqiang - before skip
04-25 15:45:27.087  1000 29146 E SDM     : ColorManager::Apply3DLutFeature: zhiqiang - after skip
04-25 15:45:27.090  1000 29146 E SDM     : ColorManager::ApplyIgcLutFeature: zhiqiang - before skip
04-25 15:45:27.090  1000 29146 E SDM     : ColorManager::ApplyIgcLutFeature: zhiqiang - rc 0
04-25 15:45:27.096 31120 31142 D KeyguardWallpaperRenderer: onDrawFrame
04-25 15:45:27.096  1033  1344 I DisplayFeatureHal: threadFuncBacklight: set brightness to 556
04-25 15:45:27.097  1033  1343 D DisplayFeatureHal: set mode:42 ppMode:40 over done.... status:0 ret 0
04-25 15:45:27.097  1033  1343 D DisplayFeatureHal: HandleACNormal exit ret 0
04-25 15:45:27.097  1033  1343 D DisplayFeatureHal: HandleEyeCare enter modeId 215
04-25 15:45:27.111  1033  1343 D DisplayFeatureHal: HandleEyeCare exit ret -1
04-25 15:45:27.111  1033  1343 D DisplayFeatureHal: HandleColorTemp enter
04-25 15:45:27.115  1033  1343 D DisplayFeatureHal: HandleACNormal enter
04-25 15:45:27.115  1033  1343 I DisplayFeatureHal: successfully write 0x100 into /sys/class/drm/card0-DSI-1/disp_param
04-25 15:45:27.119  1732  2025 W ActivityManager: Unable to start service Intent { cmp=com.miui.powerkeeper/.perfshielder.PerfShielderStatisticsService } U=0: not found
04-25 15:45:27.119  1732  2025 V PerfShielderService: Miui powerkeeper: can't bind to com.miui.powerkeeper.perfshielder.PerfShielderStatisticsService
04-25 15:45:27.120 31120 31142 D KeyguardWallpaperRenderer: onDrawFrame
04-25 15:45:27.120  2922  2922 D BroadcastExecutor: BroadcastExecutor : 2
04-25 15:45:27.128 31120 31142 D KeyguardWallpaperRenderer: onDrawFrame
04-25 15:45:27.132  2922  3355 W RenderInspector: DequeueBuffer time out on NotificationShade, count=3, avg=39 ms, max=73 ms.
04-25 15:45:27.136  4341  4341 D NfcService: nfc >> screen on
04-25 15:45:27.136 31120 31142 D KeyguardWallpaperRenderer: onDrawFrame
04-25 15:45:27.136  4341  4341 D NfcService: MSG_APPLY_SCREEN_STATE 4
04-25 15:45:27.138  4341 12519 D NfcService: applyRouting enter - false
04-25 15:45:27.138  4341 12519 D NfcService: Nfc adapter is turning on or turn off
04-25 15:45:27.139  4557  4557 I PowerSaveService: onReceive: android.intent.action.SCREEN_ON
04-25 15:45:27.141  4557  5746 D PowerNoticeUI: ScreenOnEvent
04-25 15:45:27.145 31120 31142 D KeyguardWallpaperRenderer: onDrawFrame
04-25 15:45:27.146  2873  2873 D DeviceStatisticsService: Send device is interactive
04-25 15:45:27.146  2873  2873 D DeviceInfoHidlClient: getDeviceInfoSupportStatus()=-1
04-25 15:45:27.153  1732  2372 I MiuiNetworkPolicy: updateUidState uid = 10165, uidState = 11
04-25 15:45:27.153 31120 31142 D KeyguardWallpaperRenderer: onDrawFrame
04-25 15:45:27.155  1732  2046 D CompatibilityChangeReporter: Compat change id reported: 168419799; UID 10165; state: DISABLED
04-25 15:45:27.155  1732  2046 D CompatibilityInfo: mCompatibilityFlags - 0
04-25 15:45:27.155  1732  2046 D CompatibilityInfo: applicationDensity - 432
04-25 15:45:27.155  1732  2046 D CompatibilityInfo: applicationScale - 1.0
04-25 15:45:27.158  6009  6009 D BroadcastExecutor: BroadcastExecutor : 2
04-25 15:45:27.161 31120 31142 D KeyguardWallpaperRenderer: onDrawFrame
04-25 15:45:27.162  5990  6105 I ThermalInfoCollector: collectForgroundAppsInfo: SCREEN_OFF
04-25 15:45:27.164  5990  6176 D ThermalIECHandler: IECAll48Allowed: false; IECMonitorAllowed: false; IECTestState: false
04-25 15:45:27.164  2922  2922 D KeyguardUpdateMonitor: handleTimeUpdate
04-25 15:45:27.165  2922  2922 D KeyguardIndication:  switchIndication:Mengisi daya 57%
04-25 15:45:27.165  5990  6176 D ThermalIECHandler: wifiAp:false flash:false charging:true camera:false game:false navigation:false voicecall:false video:null 
04-25 15:45:27.165  5990  6176 D ThermalIECHandler:  IECStateByte: 0
04-25 15:45:27.165  5990  6176 D ThermalIECHandler: storeDataStyle: thermal_iec_monitor_persistence_data_style_iec_state; startIECTime: -1; IECScreenOffOverPeriodTime: 2007130621
04-25 15:45:27.165  5990  6129 D LS-ForegroundStatusManager: onScreenChanged screenOn = true, mWorking = false
04-25 15:45:27.167  1000 29146 I SDM     : HWCDisplay::SetColorModeById: Applying mode: 40
04-25 15:45:27.167  1000 29146 E SDM     : ColorManager::Apply3DLutFeature: zhiqiang - before skip
04-25 15:45:27.167  1000 29146 E SDM     : ColorManager::Apply3DLutFeature: zhiqiang - after skip
04-25 15:45:27.169  1000 29146 E SDM     : ColorManager::ApplyIgcLutFeature: zhiqiang - before skip
04-25 15:45:27.169  1000 29146 E SDM     : ColorManager::ApplyIgcLutFeature: zhiqiang - rc 0
04-25 15:45:27.169  1033  1343 D DisplayFeatureHal: set mode:42 ppMode:40 over done.... status:0 ret 0
04-25 15:45:27.170  1033  1343 D DisplayFeatureHal: HandleACNormal exit ret 0
04-25 15:45:27.170 31120 31142 D KeyguardWallpaperRenderer: onDrawFrame
04-25 15:45:27.171  1732  1919 D ColorDisplayService: Setting saturation level: 100
04-25 15:45:27.178 31120 31142 D KeyguardWallpaperRenderer: onDrawFrame
04-25 15:45:27.186 31120 31142 D KeyguardWallpaperRenderer: onDrawFrame
04-25 15:45:27.195 31120 31142 D KeyguardWallpaperRenderer: onDrawFrame
04-25 15:45:27.204 31120 31142 D KeyguardWallpaperRenderer: onDrawFrame
04-25 15:45:27.206 21240  2836 I DeviceStatusMonitor: DeviceStatusMonitor.handleBroadcast():138 onReceive() : Action = android.intent.action.SCREEN_ON
04-25 15:45:27.206 21240  2836 I DeviceStatusMonitor: DeviceStatusMonitor.updateCountryInfo():154 updateCountryInfo(), notifyAnyway = false
04-25 15:45:27.207  1732  2372 I MiuiNetworkPolicy: updateUidState uid = 10165, uidState = 19
04-25 15:45:27.208  2922  2922 D TileServices: Couldn't find tile for ComponentInfo{com.google.android.apps.wellbeing/com.google.android.apps.wellbeing.screen.ui.GrayscaleTileService}
04-25 15:45:27.211 31120 31142 D KeyguardWallpaperRenderer: onDrawFrame
04-25 15:45:27.215  1732  2372 I MiuiNetworkPolicy: updateUidState uid = 10298, uidState = 11
04-25 15:45:27.219 31120 31142 D KeyguardWallpaperRenderer: onDrawFrame
04-25 15:45:27.226  2818  3874 D QCNEJ/WlanStaInfoRelay: Received action: android.net.wifi.RSSI_CHANGED
04-25 15:45:27.228 20311 20311 D MiuiImsPhoneCallTrackerStubImpl: onReceive : android.net.wifi.RSSI_CHANGED
04-25 15:45:27.228 20311 20311 D MiuiImsPhoneCallTrackerStubImpl: onReceive : android.net.wifi.RSSI_CHANGED
04-25 15:45:27.230 31120 31142 D KeyguardWallpaperRenderer: onDrawFrame
04-25 15:45:27.237 32065 32118 I BugleRcsEngine: handleMessage processing message:[NOTIFY_UPTIME_IGNORE_STATE_CHANGED] with [non-null]:RcsEngineImpl reference [CONTEXT log_prefix="RcsEngineImpl[DUAL_REG]:[067fc789-007a]>Handler" thread_id=3062 ]
04-25 15:45:27.238 32065 32102 I BugleRcsEngine: Connected state: [1], networkType: [WIFI] [CONTEXT thread_id=3058 ]
04-25 15:45:27.238 31120 31142 D KeyguardWallpaperRenderer: onDrawFrame
04-25 15:45:27.245 31120 31142 D KeyguardWallpaperRenderer: onDrawFrame
04-25 15:45:27.247  1732  2372 I MiuiNetworkPolicy: updateUidState uid = 10298, uidState = 16
04-25 15:45:27.253 31120 31142 D KeyguardWallpaperRenderer: onDrawFrame
04-25 15:45:27.255  1732  2061 D Process : audio-opt: audio thread tid = 15288 could not get bg policy.
04-25 15:45:27.261 31120 31142 D KeyguardWallpaperRenderer: onDrawFrame
04-25 15:45:27.269 32065 32118 I BugleRcsEngine: Rcs is enabled from user settings: true [CONTEXT log_prefix="ProvisioningEngineDataRetriever" thread_id=3062 ]
04-25 15:45:27.269 31120 31142 D KeyguardWallpaperRenderer: onDrawFrame
04-25 15:45:27.278 31120 31142 D KeyguardWallpaperRenderer: onDrawFrame
04-25 15:45:27.284 29125 29125 D SYS_EVENT: send event 16 notification to client
04-25 15:45:27.286 31120 31142 D KeyguardWallpaperRenderer: onDrawFrame
04-25 15:45:27.295 31120 31142 D KeyguardWallpaperRenderer: onDrawFrame
04-25 15:45:27.298 23218 23218 D BroadcastExecutor: BroadcastExecutor : 2
04-25 15:45:27.299 23218 23218 D BroadcastExecutor: BroadcastExecutor : 2
04-25 15:45:27.301 23218 23218 W AD-PLUGIN-PushAdManager: pushRealTimeRequest mode mismatching
04-25 15:45:27.303 31120 31142 D KeyguardWallpaperRenderer: onDrawFrame
04-25 15:45:27.311 31120 31142 D KeyguardWallpaperRenderer: onDrawFrame
04-25 15:45:27.318 28092 28092 D MiuiBT-PluginUpdatedReceiver: PluginUpdatedReceiver receive action: android.intent.action.SCREEN_ON
04-25 15:45:27.319 28092 28092 I MiuiBT-PluginUpdatedReceiver: ACTION_SCREEN_ON current_time = 1777106727319 mLastDownloadTime = 1776354283587
04-25 15:45:27.322 28092 28092 D MiuiScanManagerV2: Screen On
04-25 15:45:27.323 28092 28092 D MiuiScanManager: Screen On
04-25 15:45:27.326 31120 31142 D KeyguardWallpaperRenderer: onDrawFrame
04-25 15:45:27.327 27939 28026 W NsdServiceInfo: Key lengths > 9 are discouraged: commonData
04-25 15:45:27.328  1732  2479 D NsdService: Register service
04-25 15:45:27.328  1732  2479 D NsdService: mdnssd [start-service]
04-25 15:45:27.337 31120 31142 D KeyguardWallpaperRenderer: onDrawFrame
04-25 15:45:27.344 31120 31142 D KeyguardWallpaperRenderer: onDrawFrame
04-25 15:45:27.353 31120 31142 D KeyguardWallpaperRenderer: onDrawFrame
04-25 15:45:27.362 31120 31142 D KeyguardWallpaperRenderer: onDrawFrame
04-25 15:45:27.373 31120 31142 D KeyguardWallpaperRenderer: onDrawFrame
04-25 15:45:27.374 19856 19856 W ThreadPoolForeg: type=1400 audit(0.0:1431284): avc: denied { write } for name="traced_producer" dev="tmpfs" ino=15099 scontext=u:r:gmscore_app:s0:c512,c768 tcontext=u:object_r:traced_producer_socket:s0 tclass=sock_file permissive=0 app=com.google.android.gms
04-25 15:45:27.382 31120 31142 D KeyguardWallpaperRenderer: onDrawFrame
04-25 15:45:27.388 31120 31142 D KeyguardWallpaperRenderer: onDrawFrame
04-25 15:45:27.394 31120 31142 D KeyguardWallpaperRenderer: onDrawFrame
04-25 15:45:27.403 31120 31142 D KeyguardWallpaperRenderer: onDrawFrame
04-25 15:45:27.412 31120 31142 D KeyguardWallpaperRenderer: onDrawFrame
04-25 15:45:27.419 31120 31142 D KeyguardWallpaperRenderer: onDrawFrame
04-25 15:45:27.422  2922  3355 W RenderInspector: QueueBuffer time out on NotificationShade, count=1, avg=9 ms, max=9 ms.
04-25 15:45:27.429 31120 31142 D KeyguardWallpaperRenderer: onDrawFrame
04-25 15:45:27.436 31120 31142 D KeyguardWallpaperRenderer: onDrawFrame
04-25 15:45:27.445 31120 31142 D KeyguardWallpaperRenderer: onDrawFrame
04-25 15:45:27.453 31120 31142 D KeyguardWallpaperRenderer: onDrawFrame
04-25 15:45:27.460  1732  1763 W System  : A resource failed to call close. 
04-25 15:45:27.461 31120 31142 D KeyguardWallpaperRenderer: onDrawFrame
04-25 15:45:27.467  1732  1763 W System  : A resource failed to call close. 
04-25 15:45:27.470 31120 31142 D KeyguardWallpaperRenderer: onDrawFrame
04-25 15:45:27.478 31120 31142 D KeyguardWallpaperRenderer: onDrawFrame
04-25 15:45:27.486 31120 31142 D KeyguardWallpaperRenderer: onDrawFrame
04-25 15:45:27.495 31120 31142 D KeyguardWallpaperRenderer: onDrawFrame
04-25 15:45:27.503 31120 31142 D KeyguardWallpaperRenderer: onDrawFrame
04-25 15:45:27.511 31120 31142 D KeyguardWallpaperRenderer: onDrawFrame
04-25 15:45:27.520 31120 31142 D KeyguardWallpaperRenderer: onDrawFrame
04-25 15:45:27.528 31120 31142 D KeyguardWallpaperRenderer: onDrawFrame
04-25 15:45:27.536 31120 31142 D KeyguardWallpaperRenderer: onDrawFrame
04-25 15:45:27.538  1732  2479 D NsdService: registerService: 2741 name: {"nm":"POCO X3 NFC","as":"[8194]","ip":"5"}, type: _mi-connect._udp, host: null, port: 56666, txtRecord: idHash=ZGE4
04-25 15:45:27.538  1732  2479 D NsdService: dev=1sec=2apps=[8194]name=POCO X3 NFCflags=Ag==
04-25 15:45:27.538  1732  2479 D NsdService: version=65544commonData=0appsData=AQIEgw==
04-25 15:45:27.538  1732  2479 D NsdService: mdnssd [register, 2741, {"nm":"POCO X3 NFC","as":"[8194]","ip":"5"}, _mi-connect._udp, 56666, DGlkSGFzaD1aR0U0CgVkZXY9MQVzZWM9MgthcHBzPVs4MTk0XRBuYW1lPVBPQ08gWDMgTkZDC2ZsYWdzPUFnPT0KDXZlcnNpb249NjU1NDQMY29tbW9uRGF0YT0wEmFwcHNEYXRhPUFRSUVndz09Cg==]
04-25 15:45:27.540  1732  2479 D NsdService: Register 17 2741
04-25 15:45:27.545 31120 31142 D KeyguardWallpaperRenderer: onDrawFrame
04-25 15:45:27.549  1732  2372 I MiuiNetworkPolicy: updateUidState uid = 10132, uidState = 11
04-25 15:45:27.550  2467  2467 D BroadcastExecutor: BroadcastExecutor : 2
04-25 15:45:27.553 31120 31142 D KeyguardWallpaperRenderer: onDrawFrame
04-25 15:45:27.553  2467  2467 D BroadcastExecutor: BroadcastExecutor : 2
04-25 15:45:27.557  1732  2372 I MiuiNetworkPolicy: updateUidState uid = 10132, uidState = 19
04-25 15:45:27.557  1732  2372 I MiuiNetworkPolicy: updateUidState uid = 10078, uidState = 11
04-25 15:45:27.561  1732  2372 I MiuiNetworkPolicy: updateUidState uid = 10126, uidState = 11
04-25 15:45:27.561  1732  2372 I MiuiNetworkPolicy: updateUidState uid = 10078, uidState = 19
04-25 15:45:27.563 31120 31142 D KeyguardWallpaperRenderer: onDrawFrame
04-25 15:45:27.564  2954  2954 D BroadcastExecutor: BroadcastExecutor : 2
04-25 15:45:27.566  2954  2954 D BroadcastExecutor: BroadcastExecutor : 2
04-25 15:45:27.570 31120 31142 D KeyguardWallpaperRenderer: onDrawFrame
04-25 15:45:27.572  1732  2372 I MiuiNetworkPolicy: updateUidState uid = 10144, uidState = 11
04-25 15:45:27.572  1732  2372 I MiuiNetworkPolicy: updateUidState uid = 10126, uidState = 19
04-25 15:45:27.575  3060  3134 W FirebaseRemoteConfig: No value of type 'FirebaseRemoteConfigValue' exists for parameter key 'cancelUninstallWhenScreenOn'.
04-25 15:45:27.576  3060  3060 D BroadcastExecutor: BroadcastExecutor : 2
04-25 15:45:27.578 31120 31142 D KeyguardWallpaperRenderer: onDrawFrame
04-25 15:45:27.580  3060  3060 D BroadcastExecutor: BroadcastExecutor : 2
04-25 15:45:27.583  1732  2372 I MiuiNetworkPolicy: updateUidState uid = 10455, uidState = 11
04-25 15:45:27.583  1732  2372 I MiuiNetworkPolicy: updateUidState uid = 10144, uidState = 19
04-25 15:45:27.587 31120 31142 D KeyguardWallpaperRenderer: onDrawFrame
04-25 15:45:27.589  1732  2372 I MiuiNetworkPolicy: updateUidState uid = 10455, uidState = 19
04-25 15:45:27.594 31120 31142 D KeyguardWallpaperRenderer: onDrawFrame
04-25 15:45:27.603 31120 31142 D KeyguardWallpaperRenderer: onDrawFrame
04-25 15:45:27.612 31120 31142 D KeyguardWallpaperRenderer: onDrawFrame
04-25 15:45:27.620 31120 31142 D KeyguardWallpaperRenderer: onDrawFrame
04-25 15:45:27.629 31120 31142 D KeyguardWallpaperRenderer: onDrawFrame
04-25 15:45:27.636 31120 31142 D KeyguardWallpaperRenderer: onDrawFrame
04-25 15:45:27.646 31120 31142 D KeyguardWallpaperRenderer: onDrawFrame
04-25 15:45:27.653 31120 31142 D KeyguardWallpaperRenderer: onDrawFrame
04-25 15:45:27.662 31120 31142 D KeyguardWallpaperRenderer: onDrawFrame
04-25 15:45:27.670 31120 31142 D KeyguardWallpaperRenderer: onDrawFrame
04-25 15:45:27.678 31120 31142 D KeyguardWallpaperRenderer: onDrawFrame
04-25 15:45:27.687 31120 31142 D KeyguardWallpaperRenderer: onDrawFrame
04-25 15:45:27.695 31120 31142 D KeyguardWallpaperRenderer: onDrawFrame
04-25 15:45:27.703 31120 31142 D KeyguardWallpaperRenderer: onDrawFrame
04-25 15:45:27.712 31120 31142 D KeyguardWallpaperRenderer: onDrawFrame
04-25 15:45:27.720 31120 31142 D KeyguardWallpaperRenderer: onDrawFrame
04-25 15:45:27.729 31120 31142 D KeyguardWallpaperRenderer: onDrawFrame
04-25 15:45:27.737 31120 31142 D KeyguardWallpaperRenderer: onDrawFrame
04-25 15:45:27.738 19856 26474 I NearbySharing: Network state changed: NetworkState(isRestricted=false, isOnline=true, isCongested=false, isMetered=false, isWifiConnected=true)
04-25 15:45:27.745 31120 31142 D KeyguardWallpaperRenderer: onDrawFrame
04-25 15:45:27.753 31120 31142 D KeyguardWallpaperRenderer: onDrawFrame
04-25 15:45:27.756 31120 31142 D ImageGLWallpaper:  scissor: Rect(0, 0 - 1080, 2400) displayPoint: Point(1080, 2400) isScrollWithScreen: false
04-25 15:45:27.756 31120 31142 D ImageGLWallpaper:  heightDiffRatio 0.0
04-25 15:45:27.756 31120 31142 D ImageGLWallpaper:  widthDiffRatio 0.0
04-25 15:45:27.756 31120 31142 D ImageGLWallpaper:  mCurrentTexCoordinate [0.0, 1.0, 1.0, 1.0, 1.0, 0.0, 1.0, 0.0, 0.0, 0.0, 0.0, 1.0]
04-25 15:45:27.756 31120 31142 D KeyguardWallpaperRenderer: onDrawFrame
04-25 15:45:27.760 31120 31142 D MiuiKeyguardPictorialWallpaper: 　scheduleFinishRendering
04-25 15:45:27.804  3687  3833 D ProfileInstaller: Skipping profile installation for com.jobstreet.jobstreet
04-25 15:45:27.829  1008  1008 I sensors-hal: batch:242, android.sensor.light/51, period=200000000, max_latency=0
04-25 15:45:27.829  1008  1008 I sensors-hal: set_config:63, sample_period_ns is adjusted to 0 based on min/max delay_ns
04-25 15:45:27.829  1008  1008 I sensors-hal: batch:251, android.sensor.light/51, period=200000000, max_latency=0 request completed
04-25 15:45:28.092   989  1981 D audio_hw_primary: out_standby: enter: stream (0xea5d7000) usecase(1: low-latency-playback)
04-25 15:45:28.205   989  1981 D audio_hw_primary: disable_audio_route: reset and update mixer path: low-latency-playback speaker
04-25 15:45:28.209   989  1981 E soundtrigger: audio_extn_sound_trigger_update_stream_status: invalid input device 0x0, for event 2
04-25 15:45:28.210   989  1981 D soundtrigger: audio_extn_sound_trigger_update_stream_status: uc_info->id 1 of type 0 for Event 2, with Raise=0
04-25 15:45:28.210   989  1981 D msm8974_platform: platform_split_snd_device: snd_device(2) num devices(0) new_snd_devices(0)
04-25 15:45:28.210   989  1981 I msm8974_platform: platform_get_custom_mtmx_params: no matching param with id 0 ip_ch 2 op_ch 2 uc_id 1 snd_dev 2
04-25 15:45:28.210   989  1981 D hardware_info: hw_info_append_hw_type : device_name = speaker
04-25 15:45:28.210   989  1981 D audio_hw_primary: disable_snd_device: snd_device(2: speaker)
04-25 15:45:28.210   989  1981 D msm8974_platform: platform_set_parameters: Set speaker clean status: off
04-25 15:45:28.210   989  1981 D audio_hw_hfp: hfp_set_parameters: enter
04-25 15:45:28.211   989  1981 W libc    : Access denied finding property "tas.smartpa.debug.disable"
04-25 15:45:28.211   989  1981 I TI-SmartPA: tas_spk_prot_process: Feedback Disabled
04-25 15:45:28.204   989   989 W HwBinder:989_4: type=1400 audit(0.0:1431285): avc: denied { read } for name="u:object_r:default_prop:s0" dev="tmpfs" ino=2226 scontext=u:r:hal_audio_default:s0 tcontext=u:object_r:default_prop:s0 tclass=file permissive=0
04-25 15:45:28.229   989  1981 V TI-SmartPA: TAS25XX_SMARTPA_ENABLE:  0
04-25 15:45:28.229   989  1981 I TI-SmartPA: Disabling USECASE_AUDIO_TAS_SPK_PROT_TX
04-25 15:45:28.230   989  1981 D audio_hw_primary: disable_audio_route: reset and update mixer path: tas-iv-capture
04-25 15:45:28.230   989  1981 D soundtrigger: audio HAL using same device 246 as ST
04-25 15:45:28.230   989  1981 D soundtrigger: audio_extn_sound_trigger_update_stream_status: uc_info->id 78 of type 1 for Event 2, with Raise=0
04-25 15:45:28.230   989  1981 D msm8974_platform: platform_split_snd_device: snd_device(2) num devices(0) new_snd_devices(0)
04-25 15:45:28.252   989  1981 I soundtrigger: audio_extn_sound_trigger_update_device_status: device 0x2 of type 0 for Event 0, with Raise=0
04-25 15:45:28.252   989  1981 D audio_hw_primary: out_standby: exit
04-25 15:45:28.253   989 29104 V EffectMiSound: MiSound_command() start, cmdCode=23
04-25 15:45:28.253   989 29104 V EffectMiSound: MiSound_Command EFFECT_CMD_SET_AUDIO_STANDBY, current mode = 0
04-25 15:45:28.331  1732  1917 D MiuiScreenOnProximityLock: far from the screen for a certain time, release proximity sensor...
04-25 15:45:28.331  1732  1917 D MiuiScreenOnProximityLock: release
04-25 15:45:28.332  1008  1008 I sensors-hal: batch:242, android.sensor.proximity/82, period=1000000, max_latency=0
04-25 15:45:28.332  1008  1008 I sensors-hal: set_config:63, sample_period_ns is adjusted to 0 based on min/max delay_ns
04-25 15:45:28.332  1008  1008 I sensors-hal: batch:251, android.sensor.proximity/82, period=1000000, max_latency=0 request completed
04-25 15:45:28.342  1732  1917 W InputManager-JNI: Input channel object '66a8b8e ScreenOnProximitySensorGuide (client)' was disposed without first being removed with the input manager!
04-25 15:45:28.345  1732  2479 D NsdService: Native daemon message SERVICE_REGISTERED: 606 2741 "{\"nm\":\"POCO X3 NFC\",\"as\":\"[8194]\",\"ip\":\"5\"}"
04-25 15:45:28.360  1732  1917 D WindowManager: Input focus has changed to Window{41de6a4 u0 NotificationShade} display=0 updateInputWindows = true
04-25 15:45:28.366  2926  2926 D NavStubView_Touch: onSystemUiFlagsChanged  mIsShowStatusBar    old= true   new=true
04-25 15:45:28.366  2926  2926 D NavStubView_Touch: onSystemUiFlagsChanged  mIsShowNavBar    old= true   new=true
04-25 15:45:28.591  1488  2592 D BufferPoolAccessor2.0: evictor expired: 1, evicted: 0
04-25 15:45:29.523  1000  1260 I SDM     : StrategyImpl::SetIdleTimeoutMs: Idle timeout: active = 1100, inactive = 520
04-25 15:45:30.181  1732  1919 D ColorDisplayService: GlobalSaturationTintController Animation cancelled: false to matrix: 
04-25 15:45:30.181  1732  1919 D ColorDisplayService:        1,000000 0,000000 0,000000 0,000000 0,000000 1,000000 0,000000 0,000000 0,000000 0,000000 1,000000 0,000000 0,000000 0,000000 0,000000 1,000000 min matrix coefficients: 
04-25 15:45:30.181  1732  1919 D ColorDisplayService:        1,000000 0,000000 0,000000 0,000000 0,000000 1,000000 0,000000 0,000000 0,000000 0,000000 1,000000 0,000000 0,000000 0,000000 0,000000 1,000000 max matrix coefficients: 
04-25 15:45:30.181  1732  1919 D ColorDisplayService:        1,000000 0,000000 0,000000 0,000000 0,000000 1,000000 0,000000 0,000000 0,000000 0,000000 1,000000 0,000000 0,000000 0,000000 0,000000 1,000000
04-25 15:45:30.302  1000  1260 I SDM     : StrategyImpl::SetIdleTimeoutMs: Idle timeout: active = 1100, inactive = 520
04-25 15:45:30.591  1559  2391 D BufferPoolAccessor2.0: bufferpool2 0xb400006f93876028 : 0(0 size) total buffers - 0(0 size) used buffers - 81/84 (recycle/alloc) - 3/83 (fetch/transfer)
04-25 15:45:30.591  1559  2391 D BufferPoolAccessor2.0: evictor expired: 2, evicted: 1
04-25 15:45:30.593  1488  2592 D BufferPoolAccessor2.0: bufferpool2 0xf785ee18 : 0(0 size) total buffers - 0(0 size) used buffers - 81/89 (recycle/alloc) - 8/172 (fetch/transfer)
04-25 15:45:30.593  1488  2592 D BufferPoolAccessor2.0: evictor expired: 1, evicted: 1
04-25 15:45:30.679  1732  2908 W ProcessStats: Tracking association SourceState{3e31854 com.miui.analytics/10095 BTopFgs #2436826} whose proc state 2 is better than process ProcessState{6c5765d com.miui.securitycenter.remote/1000 pkg=com.miui.securitycenter} proc state 3 (819 skipped)
04-25 15:45:30.681 19856 19856 D BoundBrokerSvc: onRebind: Intent { act=com.google.android.gms.libs.gmscorelogger.service.START dat=chimera-action: cmp=com.google.android.gms/.chimera.PersistentDirectBootAwareApiService }
04-25 15:45:31.448  1000  1260 I SDM     : StrategyImpl::SetIdleTimeoutMs: Idle timeout: active = 1100, inactive = 520
04-25 15:45:31.950  3687  3694 W System  : A resource failed to call ZipFile.close. 
04-25 15:45:31.950  3687  3694 W System  : A resource failed to call ZipFile.close. 
04-25 15:45:31.950  3687  3694 W System  : A resource failed to call ZipFile.close. 
04-25 15:45:32.673 17388 17388 D BoundBrokerSvc: onUnbind: Intent { act=com.google.android.gms.measurement.START pkg=com.google.android.gms }
04-25 15:45:32.876  2922  2922 D InterruptionStateProvider: No alerting: suppressed due to group alert behavior
04-25 15:45:32.876  2922  2922 D InterruptionStateProvider: No bubble up: not allowed to bubble: 0|com.chat2goo.app|836110|null|10488
04-25 15:45:32.876  2922  2922 D InterruptionStateProvider: No bubble up: not allowed to bubble: 0|com.chat2goo.app|476851|null|10488
04-25 15:45:32.876  2922  2922 D InterruptionStateProvider: No bubble up: not allowed to bubble: 0|com.chat2goo.app|17363|null|10488
04-25 15:45:32.876  2922  2922 D InterruptionStateProvider: No alerting: suppressed due to group alert behavior
04-25 15:45:32.877  2922  2922 D InterruptionStateProvider: No bubble up: not allowed to bubble: 0|com.facebook.katana|744319504|null|10239
04-25 15:45:32.877  2922  2922 D InterruptionStateProvider: No bubble up: not allowed to bubble: 0|com.facebook.katana|744204923|null|10239
04-25 15:45:32.877  2922  2922 D InterruptionStateProvider: No bubble up: not allowed to bubble: 0|com.facebook.katana|742362192|null|10239
04-25 15:45:32.877  2922  2922 D InterruptionStateProvider: No bubble up: not allowed to bubble: 0|com.facebook.katana|739674469|null|10239
04-25 15:45:32.877  2922  2922 D InterruptionStateProvider: No alerting: suppressed due to group alert behavior
04-25 15:45:32.877  2922  2922 D InterruptionStateProvider: No bubble up: not allowed to bubble: -1|android|26|null|1000
04-25 15:45:32.880  2922  2922 D InterruptionStateProvider: No bubble up: not allowed to bubble: -1|android|32|null|1000
04-25 15:45:32.880  2922  2922 D InterruptionStateProvider: No bubble up: not allowed to bubble: 0|com.jobstreet.jobstreet|0|null|10455
04-25 15:45:32.914  1000  1260 I SDM     : StrategyImpl::SetIdleTimeoutMs: Idle timeout: active = 1100, inactive = 520
04-25 15:45:33.819  1732  2126 V DisplayPowerController[0]: Brightness [0.005129458] reason changing to: 'automatic [ dim ]', previous reason: 'automatic'.
04-25 15:45:34.849  1732  4139 I BatteryService: current mPlugType2current mHealthInfo.batteryLevel57current mHealthInfo.batteryTemperature367
04-25 15:45:34.855  5990  6176 D ThermalIECHandler: storeDataStyle: thermal_iec_monitor_persistence_data_style_iec_state; startIECTime: -1; IECScreenOffOverPeriodTime: 2007130621
04-25 15:45:34.859  5990  6091 D PowerKeeper.Thermal: mBatteryTemperature: 36
04-25 15:45:34.858  4557  4557 I PowerUtils: getSurfaceTemprature temp: 39
04-25 15:45:34.859  4557  4557 I PowerSaveService: onReceive: android.intent.action.BATTERY_CHANGED
04-25 15:45:34.860  5990  6164 D PowerCheckerService: onBatteryChanged, mBatteryLevel = 57, status = 2, level = 57, plug = 2, scale = 100
04-25 15:45:34.861  4557  4557 I PowerNoticeUI: handleBatteryChanged oldPlugType 2 mPlugType 2 oldBatteryLevel 57 mBatteryLevel 57 temperature 367
04-25 15:45:34.861  4557  4557 I ChargerBatteryIntelligenceReceiver: onBatteryChanged temperature：36,plugType:2
04-25 15:45:34.862  2873  2873 V DeviceStatisticsService: chargerType=2 batteryLevel=57 totalBatteryCapacity=2516400
04-25 15:45:35.205  1000  1260 I SDM     : StrategyImpl::SetIdleTimeoutMs: Idle timeout: active = 1100, inactive = 520
04-25 15:45:36.815  1732  2126 I PowerManagerService: Powering off display group due to timeout (groupId= 0, uid= 1000)...
04-25 15:45:36.815  1732  2126 I PowerManagerService: Going to sleep due to timeout (uid 1000)...
04-25 15:45:36.822  1000  1260 I SDM     : HWCDisplay::GetColorModeCount: Supported color mode count = 3
04-25 15:45:36.822  1000  1260 I SDM     : HWCDisplay::GetColorModes: Color mode = 0 is supported
04-25 15:45:36.822  1000  1260 I SDM     : HWCDisplay::GetColorModes: Color mode = 7 is supported
04-25 15:45:36.822  1000  1260 I SDM     : HWCDisplay::GetColorModes: Color mode = 9 is supported
04-25 15:45:36.833  1732  2372 I MiuiNetworkPolicy: updateUidState uid = 10136, uidState = 6
04-25 15:45:36.833  1732  2372 I MiuiNetworkPolicy: updateUidState uid = 10074, uidState = 6
04-25 15:45:36.835  2922  3213 D KeyguardViewMediator: onStartedGoingToSleep(3)
04-25 15:45:36.840  2922  3213 D KeyguardViewMediator: notifyStartedGoingToSleep
04-25 15:45:36.844  2922  2922 D MiuiFaceManager: inernational:true supportR:[ALL] nowR:ID
04-25 15:45:36.845  2922  2922 D MiuiFaceManager: inernational:true supportR:[ALL] nowR:ID
04-25 15:45:36.846  2922  3192 D MiuiFaceManager: inernational:true supportR:[ALL] nowR:ID
